<!doctype html public "-//w3c//dtd html 4.0 transitional//en">
<html><head>
<title>Static Call Graph - [..\Output\ZHDT.axf]</title></head>
<body><HR>
<H1>Static Call Graph for image ..\Output\ZHDT.axf</H1><HR>
<BR><P>#&#060CALLGRAPH&#062# ARM Linker, 5060061: Last Updated: Tue Aug 06 11:26:42 2019
<BR><P>
<H3>Maximum Stack Usage =        340 bytes + Unknown(Functions without stacksize, Cycles, Untraceable Function Pointers)</H3><H3>
Call chain for Maximum Stack Depth:</H3>
main &rArr; application &rArr; do_tcp_client &rArr; BD_TG_RevPro &rArr; MQTT_PacketCmdResp &rArr; MQTT_PacketPublish &rArr; MQTT_NewBuffer &rArr; malloc
<P>
<H3>
Functions with no stack information
</H3><UL>
 <LI><a href="#[4b]">floor</a>
</UL>
</UL>
<P>
<H3>
Mutually Recursive functions
</H3> <LI><a href="#[1c]">ADC1_2_IRQHandler</a>&nbsp;&nbsp;&nbsp;&rArr;&nbsp;&nbsp;&nbsp;<a href="#[1c]">ADC1_2_IRQHandler</a><BR>
</UL>
<P>
<H3>
Function Pointers
</H3><UL>
 <LI><a href="#[1c]">ADC1_2_IRQHandler</a> from startup_stm32f10x_hd.o(.text) referenced from startup_stm32f10x_hd.o(RESET)
 <LI><a href="#[39]">ADC3_IRQHandler</a> from startup_stm32f10x_hd.o(.text) referenced from startup_stm32f10x_hd.o(RESET)
 <LI><a href="#[4]">BusFault_Handler</a> from stm32f10x_it.o(i.BusFault_Handler) referenced from startup_stm32f10x_hd.o(RESET)
 <LI><a href="#[1f]">CAN1_RX1_IRQHandler</a> from startup_stm32f10x_hd.o(.text) referenced from startup_stm32f10x_hd.o(RESET)
 <LI><a href="#[20]">CAN1_SCE_IRQHandler</a> from startup_stm32f10x_hd.o(.text) referenced from startup_stm32f10x_hd.o(RESET)
 <LI><a href="#[15]">DMA1_Channel1_IRQHandler</a> from startup_stm32f10x_hd.o(.text) referenced from startup_stm32f10x_hd.o(RESET)
 <LI><a href="#[16]">DMA1_Channel2_IRQHandler</a> from startup_stm32f10x_hd.o(.text) referenced from startup_stm32f10x_hd.o(RESET)
 <LI><a href="#[17]">DMA1_Channel3_IRQHandler</a> from startup_stm32f10x_hd.o(.text) referenced from startup_stm32f10x_hd.o(RESET)
 <LI><a href="#[18]">DMA1_Channel4_IRQHandler</a> from startup_stm32f10x_hd.o(.text) referenced from startup_stm32f10x_hd.o(RESET)
 <LI><a href="#[19]">DMA1_Channel5_IRQHandler</a> from startup_stm32f10x_hd.o(.text) referenced from startup_stm32f10x_hd.o(RESET)
 <LI><a href="#[1a]">DMA1_Channel6_IRQHandler</a> from startup_stm32f10x_hd.o(.text) referenced from startup_stm32f10x_hd.o(RESET)
 <LI><a href="#[1b]">DMA1_Channel7_IRQHandler</a> from startup_stm32f10x_hd.o(.text) referenced from startup_stm32f10x_hd.o(RESET)
 <LI><a href="#[42]">DMA2_Channel1_IRQHandler</a> from startup_stm32f10x_hd.o(.text) referenced from startup_stm32f10x_hd.o(RESET)
 <LI><a href="#[43]">DMA2_Channel2_IRQHandler</a> from startup_stm32f10x_hd.o(.text) referenced from startup_stm32f10x_hd.o(RESET)
 <LI><a href="#[44]">DMA2_Channel3_IRQHandler</a> from startup_stm32f10x_hd.o(.text) referenced from startup_stm32f10x_hd.o(RESET)
 <LI><a href="#[45]">DMA2_Channel4_5_IRQHandler</a> from startup_stm32f10x_hd.o(.text) referenced from startup_stm32f10x_hd.o(RESET)
 <LI><a href="#[7]">DebugMon_Handler</a> from stm32f10x_it.o(i.DebugMon_Handler) referenced from startup_stm32f10x_hd.o(RESET)
 <LI><a href="#[10]">EXTI0_IRQHandler</a> from stm32f10x_it.o(i.EXTI0_IRQHandler) referenced from startup_stm32f10x_hd.o(RESET)
 <LI><a href="#[32]">EXTI15_10_IRQHandler</a> from stm32f10x_it.o(i.EXTI15_10_IRQHandler) referenced from startup_stm32f10x_hd.o(RESET)
 <LI><a href="#[11]">EXTI1_IRQHandler</a> from stm32f10x_it.o(i.EXTI1_IRQHandler) referenced from startup_stm32f10x_hd.o(RESET)
 <LI><a href="#[12]">EXTI2_IRQHandler</a> from startup_stm32f10x_hd.o(.text) referenced from startup_stm32f10x_hd.o(RESET)
 <LI><a href="#[13]">EXTI3_IRQHandler</a> from startup_stm32f10x_hd.o(.text) referenced from startup_stm32f10x_hd.o(RESET)
 <LI><a href="#[14]">EXTI4_IRQHandler</a> from startup_stm32f10x_hd.o(.text) referenced from startup_stm32f10x_hd.o(RESET)
 <LI><a href="#[21]">EXTI9_5_IRQHandler</a> from startup_stm32f10x_hd.o(.text) referenced from startup_stm32f10x_hd.o(RESET)
 <LI><a href="#[e]">FLASH_IRQHandler</a> from startup_stm32f10x_hd.o(.text) referenced from startup_stm32f10x_hd.o(RESET)
 <LI><a href="#[3a]">FSMC_IRQHandler</a> from startup_stm32f10x_hd.o(.text) referenced from startup_stm32f10x_hd.o(RESET)
 <LI><a href="#[2]">HardFault_Handler</a> from stm32f10x_it.o(i.HardFault_Handler) referenced from startup_stm32f10x_hd.o(RESET)
 <LI><a href="#[2a]">I2C1_ER_IRQHandler</a> from startup_stm32f10x_hd.o(.text) referenced from startup_stm32f10x_hd.o(RESET)
 <LI><a href="#[29]">I2C1_EV_IRQHandler</a> from startup_stm32f10x_hd.o(.text) referenced from startup_stm32f10x_hd.o(RESET)
 <LI><a href="#[2c]">I2C2_ER_IRQHandler</a> from startup_stm32f10x_hd.o(.text) referenced from startup_stm32f10x_hd.o(RESET)
 <LI><a href="#[2b]">I2C2_EV_IRQHandler</a> from startup_stm32f10x_hd.o(.text) referenced from startup_stm32f10x_hd.o(RESET)
 <LI><a href="#[3]">MemManage_Handler</a> from stm32f10x_it.o(i.MemManage_Handler) referenced from startup_stm32f10x_hd.o(RESET)
 <LI><a href="#[1]">NMI_Handler</a> from stm32f10x_it.o(i.NMI_Handler) referenced from startup_stm32f10x_hd.o(RESET)
 <LI><a href="#[b]">PVD_IRQHandler</a> from startup_stm32f10x_hd.o(.text) referenced from startup_stm32f10x_hd.o(RESET)
 <LI><a href="#[8]">PendSV_Handler</a> from stm32f10x_it.o(i.PendSV_Handler) referenced from startup_stm32f10x_hd.o(RESET)
 <LI><a href="#[f]">RCC_IRQHandler</a> from startup_stm32f10x_hd.o(.text) referenced from startup_stm32f10x_hd.o(RESET)
 <LI><a href="#[33]">RTCAlarm_IRQHandler</a> from startup_stm32f10x_hd.o(.text) referenced from startup_stm32f10x_hd.o(RESET)
 <LI><a href="#[d]">RTC_IRQHandler</a> from startup_stm32f10x_hd.o(.text) referenced from startup_stm32f10x_hd.o(RESET)
 <LI><a href="#[0]">Reset_Handler</a> from startup_stm32f10x_hd.o(.text) referenced from startup_stm32f10x_hd.o(RESET)
 <LI><a href="#[3b]">SDIO_IRQHandler</a> from startup_stm32f10x_hd.o(.text) referenced from startup_stm32f10x_hd.o(RESET)
 <LI><a href="#[2d]">SPI1_IRQHandler</a> from startup_stm32f10x_hd.o(.text) referenced from startup_stm32f10x_hd.o(RESET)
 <LI><a href="#[2e]">SPI2_IRQHandler</a> from startup_stm32f10x_hd.o(.text) referenced from startup_stm32f10x_hd.o(RESET)
 <LI><a href="#[3d]">SPI3_IRQHandler</a> from startup_stm32f10x_hd.o(.text) referenced from startup_stm32f10x_hd.o(RESET)
 <LI><a href="#[6]">SVC_Handler</a> from stm32f10x_it.o(i.SVC_Handler) referenced from startup_stm32f10x_hd.o(RESET)
 <LI><a href="#[9]">SysTick_Handler</a> from stm32f10x_it.o(i.SysTick_Handler) referenced from startup_stm32f10x_hd.o(RESET)
 <LI><a href="#[47]">SystemInit</a> from system_stm32f10x.o(i.SystemInit) referenced from startup_stm32f10x_hd.o(.text)
 <LI><a href="#[c]">TAMPER_IRQHandler</a> from startup_stm32f10x_hd.o(.text) referenced from startup_stm32f10x_hd.o(RESET)
 <LI><a href="#[22]">TIM1_BRK_IRQHandler</a> from startup_stm32f10x_hd.o(.text) referenced from startup_stm32f10x_hd.o(RESET)
 <LI><a href="#[25]">TIM1_CC_IRQHandler</a> from startup_stm32f10x_hd.o(.text) referenced from startup_stm32f10x_hd.o(RESET)
 <LI><a href="#[24]">TIM1_TRG_COM_IRQHandler</a> from startup_stm32f10x_hd.o(.text) referenced from startup_stm32f10x_hd.o(RESET)
 <LI><a href="#[23]">TIM1_UP_IRQHandler</a> from startup_stm32f10x_hd.o(.text) referenced from startup_stm32f10x_hd.o(RESET)
 <LI><a href="#[26]">TIM2_IRQHandler</a> from stm32f10x_it.o(i.TIM2_IRQHandler) referenced from startup_stm32f10x_hd.o(RESET)
 <LI><a href="#[27]">TIM3_IRQHandler</a> from stm32f10x_it.o(i.TIM3_IRQHandler) referenced from startup_stm32f10x_hd.o(RESET)
 <LI><a href="#[28]">TIM4_IRQHandler</a> from stm32f10x_it.o(i.TIM4_IRQHandler) referenced from startup_stm32f10x_hd.o(RESET)
 <LI><a href="#[3c]">TIM5_IRQHandler</a> from startup_stm32f10x_hd.o(.text) referenced from startup_stm32f10x_hd.o(RESET)
 <LI><a href="#[40]">TIM6_IRQHandler</a> from startup_stm32f10x_hd.o(.text) referenced from startup_stm32f10x_hd.o(RESET)
 <LI><a href="#[41]">TIM7_IRQHandler</a> from startup_stm32f10x_hd.o(.text) referenced from startup_stm32f10x_hd.o(RESET)
 <LI><a href="#[35]">TIM8_BRK_IRQHandler</a> from startup_stm32f10x_hd.o(.text) referenced from startup_stm32f10x_hd.o(RESET)
 <LI><a href="#[38]">TIM8_CC_IRQHandler</a> from startup_stm32f10x_hd.o(.text) referenced from startup_stm32f10x_hd.o(RESET)
 <LI><a href="#[37]">TIM8_TRG_COM_IRQHandler</a> from startup_stm32f10x_hd.o(.text) referenced from startup_stm32f10x_hd.o(RESET)
 <LI><a href="#[36]">TIM8_UP_IRQHandler</a> from startup_stm32f10x_hd.o(.text) referenced from startup_stm32f10x_hd.o(RESET)
 <LI><a href="#[3e]">UART4_IRQHandler</a> from startup_stm32f10x_hd.o(.text) referenced from startup_stm32f10x_hd.o(RESET)
 <LI><a href="#[3f]">UART5_IRQHandler</a> from startup_stm32f10x_hd.o(.text) referenced from startup_stm32f10x_hd.o(RESET)
 <LI><a href="#[2f]">USART1_IRQHandler</a> from startup_stm32f10x_hd.o(.text) referenced from startup_stm32f10x_hd.o(RESET)
 <LI><a href="#[30]">USART2_IRQHandler</a> from usart2.o(i.USART2_IRQHandler) referenced from startup_stm32f10x_hd.o(RESET)
 <LI><a href="#[31]">USART3_IRQHandler</a> from startup_stm32f10x_hd.o(.text) referenced from startup_stm32f10x_hd.o(RESET)
 <LI><a href="#[34]">USBWakeUp_IRQHandler</a> from startup_stm32f10x_hd.o(.text) referenced from startup_stm32f10x_hd.o(RESET)
 <LI><a href="#[1d]">USB_HP_CAN1_TX_IRQHandler</a> from startup_stm32f10x_hd.o(.text) referenced from startup_stm32f10x_hd.o(RESET)
 <LI><a href="#[1e]">USB_LP_CAN1_RX0_IRQHandler</a> from startup_stm32f10x_hd.o(.text) referenced from startup_stm32f10x_hd.o(RESET)
 <LI><a href="#[5]">UsageFault_Handler</a> from stm32f10x_it.o(i.UsageFault_Handler) referenced from startup_stm32f10x_hd.o(RESET)
 <LI><a href="#[a]">WWDG_IRQHandler</a> from startup_stm32f10x_hd.o(.text) referenced from startup_stm32f10x_hd.o(RESET)
 <LI><a href="#[48]">__main</a> from entry.o(.ARM.Collect$$$$00000000) referenced from startup_stm32f10x_hd.o(.text)
 <LI><a href="#[4a]">_sputc</a> from printfa.o(i._sputc) referenced from printfa.o(i.__0sprintf)
 <LI><a href="#[4b]">floor</a> from loop.o(.data) referenced 2 times from loop.o(i.application)
 <LI><a href="#[4b]">floor</a> from loop.o(.data) referenced from tcp_demo.o(i.do_tcp_client)
 <LI><a href="#[49]">fputc</a> from usart2.o(i.fputc) referenced from printfa.o(i.__0printf)
 <LI><a href="#[46]">main</a> from main.o(i.main) referenced from entry9a.o(.ARM.Collect$$$$0000000B)
</UL>
<P>
<H3>
Global Symbols
</H3>
<P><STRONG><a name="[48]"></a>__main</STRONG> (Thumb, 0 bytes, Stack size unknown bytes, entry.o(.ARM.Collect$$$$00000000))
<BR>[Address Reference Count : 1]<UL><LI> startup_stm32f10x_hd.o(.text)
</UL>
<P><STRONG><a name="[130]"></a>_main_stk</STRONG> (Thumb, 0 bytes, Stack size unknown bytes, entry2.o(.ARM.Collect$$$$00000001))

<P><STRONG><a name="[4c]"></a>_main_scatterload</STRONG> (Thumb, 0 bytes, Stack size unknown bytes, entry5.o(.ARM.Collect$$$$00000004))
<BR><BR>[Calls]<UL><LI><a href="#[4d]">&gt;&gt;</a>&nbsp;&nbsp;&nbsp;__scatterload
</UL>

<P><STRONG><a name="[67]"></a>__main_after_scatterload</STRONG> (Thumb, 0 bytes, Stack size unknown bytes, entry5.o(.ARM.Collect$$$$00000004))
<BR><BR>[Called By]<UL><LI><a href="#[4d]">&gt;&gt;</a>&nbsp;&nbsp;&nbsp;__scatterload
</UL>

<P><STRONG><a name="[131]"></a>_main_clock</STRONG> (Thumb, 0 bytes, Stack size unknown bytes, entry7b.o(.ARM.Collect$$$$00000008))

<P><STRONG><a name="[132]"></a>_main_cpp_init</STRONG> (Thumb, 0 bytes, Stack size unknown bytes, entry8b.o(.ARM.Collect$$$$0000000A))

<P><STRONG><a name="[133]"></a>_main_init</STRONG> (Thumb, 0 bytes, Stack size unknown bytes, entry9a.o(.ARM.Collect$$$$0000000B))

<P><STRONG><a name="[134]"></a>__rt_final_cpp</STRONG> (Thumb, 0 bytes, Stack size unknown bytes, entry10a.o(.ARM.Collect$$$$0000000D))

<P><STRONG><a name="[135]"></a>__rt_final_exit</STRONG> (Thumb, 0 bytes, Stack size unknown bytes, entry11a.o(.ARM.Collect$$$$0000000F))

<P><STRONG><a name="[0]"></a>Reset_Handler</STRONG> (Thumb, 8 bytes, Stack size 0 bytes, startup_stm32f10x_hd.o(.text))
<BR>[Address Reference Count : 1]<UL><LI> startup_stm32f10x_hd.o(RESET)
</UL>
<P><STRONG><a name="[1c]"></a>ADC1_2_IRQHandler</STRONG> (Thumb, 0 bytes, Stack size 0 bytes, startup_stm32f10x_hd.o(.text))
<BR><BR>[Calls]<UL><LI><a href="#[1c]">&gt;&gt;</a>&nbsp;&nbsp;&nbsp;ADC1_2_IRQHandler
</UL>
<BR>[Called By]<UL><LI><a href="#[1c]">&gt;&gt;</a>&nbsp;&nbsp;&nbsp;ADC1_2_IRQHandler
</UL>
<BR>[Address Reference Count : 1]<UL><LI> startup_stm32f10x_hd.o(RESET)
</UL>
<P><STRONG><a name="[39]"></a>ADC3_IRQHandler</STRONG> (Thumb, 0 bytes, Stack size 0 bytes, startup_stm32f10x_hd.o(.text))
<BR>[Address Reference Count : 1]<UL><LI> startup_stm32f10x_hd.o(RESET)
</UL>
<P><STRONG><a name="[1f]"></a>CAN1_RX1_IRQHandler</STRONG> (Thumb, 0 bytes, Stack size 0 bytes, startup_stm32f10x_hd.o(.text))
<BR>[Address Reference Count : 1]<UL><LI> startup_stm32f10x_hd.o(RESET)
</UL>
<P><STRONG><a name="[20]"></a>CAN1_SCE_IRQHandler</STRONG> (Thumb, 0 bytes, Stack size 0 bytes, startup_stm32f10x_hd.o(.text))
<BR>[Address Reference Count : 1]<UL><LI> startup_stm32f10x_hd.o(RESET)
</UL>
<P><STRONG><a name="[15]"></a>DMA1_Channel1_IRQHandler</STRONG> (Thumb, 0 bytes, Stack size 0 bytes, startup_stm32f10x_hd.o(.text))
<BR>[Address Reference Count : 1]<UL><LI> startup_stm32f10x_hd.o(RESET)
</UL>
<P><STRONG><a name="[16]"></a>DMA1_Channel2_IRQHandler</STRONG> (Thumb, 0 bytes, Stack size 0 bytes, startup_stm32f10x_hd.o(.text))
<BR>[Address Reference Count : 1]<UL><LI> startup_stm32f10x_hd.o(RESET)
</UL>
<P><STRONG><a name="[17]"></a>DMA1_Channel3_IRQHandler</STRONG> (Thumb, 0 bytes, Stack size 0 bytes, startup_stm32f10x_hd.o(.text))
<BR>[Address Reference Count : 1]<UL><LI> startup_stm32f10x_hd.o(RESET)
</UL>
<P><STRONG><a name="[18]"></a>DMA1_Channel4_IRQHandler</STRONG> (Thumb, 0 bytes, Stack size 0 bytes, startup_stm32f10x_hd.o(.text))
<BR>[Address Reference Count : 1]<UL><LI> startup_stm32f10x_hd.o(RESET)
</UL>
<P><STRONG><a name="[19]"></a>DMA1_Channel5_IRQHandler</STRONG> (Thumb, 0 bytes, Stack size 0 bytes, startup_stm32f10x_hd.o(.text))
<BR>[Address Reference Count : 1]<UL><LI> startup_stm32f10x_hd.o(RESET)
</UL>
<P><STRONG><a name="[1a]"></a>DMA1_Channel6_IRQHandler</STRONG> (Thumb, 0 bytes, Stack size 0 bytes, startup_stm32f10x_hd.o(.text))
<BR>[Address Reference Count : 1]<UL><LI> startup_stm32f10x_hd.o(RESET)
</UL>
<P><STRONG><a name="[1b]"></a>DMA1_Channel7_IRQHandler</STRONG> (Thumb, 0 bytes, Stack size 0 bytes, startup_stm32f10x_hd.o(.text))
<BR>[Address Reference Count : 1]<UL><LI> startup_stm32f10x_hd.o(RESET)
</UL>
<P><STRONG><a name="[42]"></a>DMA2_Channel1_IRQHandler</STRONG> (Thumb, 0 bytes, Stack size 0 bytes, startup_stm32f10x_hd.o(.text))
<BR>[Address Reference Count : 1]<UL><LI> startup_stm32f10x_hd.o(RESET)
</UL>
<P><STRONG><a name="[43]"></a>DMA2_Channel2_IRQHandler</STRONG> (Thumb, 0 bytes, Stack size 0 bytes, startup_stm32f10x_hd.o(.text))
<BR>[Address Reference Count : 1]<UL><LI> startup_stm32f10x_hd.o(RESET)
</UL>
<P><STRONG><a name="[44]"></a>DMA2_Channel3_IRQHandler</STRONG> (Thumb, 0 bytes, Stack size 0 bytes, startup_stm32f10x_hd.o(.text))
<BR>[Address Reference Count : 1]<UL><LI> startup_stm32f10x_hd.o(RESET)
</UL>
<P><STRONG><a name="[45]"></a>DMA2_Channel4_5_IRQHandler</STRONG> (Thumb, 0 bytes, Stack size 0 bytes, startup_stm32f10x_hd.o(.text))
<BR>[Address Reference Count : 1]<UL><LI> startup_stm32f10x_hd.o(RESET)
</UL>
<P><STRONG><a name="[12]"></a>EXTI2_IRQHandler</STRONG> (Thumb, 0 bytes, Stack size 0 bytes, startup_stm32f10x_hd.o(.text))
<BR>[Address Reference Count : 1]<UL><LI> startup_stm32f10x_hd.o(RESET)
</UL>
<P><STRONG><a name="[13]"></a>EXTI3_IRQHandler</STRONG> (Thumb, 0 bytes, Stack size 0 bytes, startup_stm32f10x_hd.o(.text))
<BR>[Address Reference Count : 1]<UL><LI> startup_stm32f10x_hd.o(RESET)
</UL>
<P><STRONG><a name="[14]"></a>EXTI4_IRQHandler</STRONG> (Thumb, 0 bytes, Stack size 0 bytes, startup_stm32f10x_hd.o(.text))
<BR>[Address Reference Count : 1]<UL><LI> startup_stm32f10x_hd.o(RESET)
</UL>
<P><STRONG><a name="[21]"></a>EXTI9_5_IRQHandler</STRONG> (Thumb, 0 bytes, Stack size 0 bytes, startup_stm32f10x_hd.o(.text))
<BR>[Address Reference Count : 1]<UL><LI> startup_stm32f10x_hd.o(RESET)
</UL>
<P><STRONG><a name="[e]"></a>FLASH_IRQHandler</STRONG> (Thumb, 0 bytes, Stack size 0 bytes, startup_stm32f10x_hd.o(.text))
<BR>[Address Reference Count : 1]<UL><LI> startup_stm32f10x_hd.o(RESET)
</UL>
<P><STRONG><a name="[3a]"></a>FSMC_IRQHandler</STRONG> (Thumb, 0 bytes, Stack size 0 bytes, startup_stm32f10x_hd.o(.text))
<BR>[Address Reference Count : 1]<UL><LI> startup_stm32f10x_hd.o(RESET)
</UL>
<P><STRONG><a name="[2a]"></a>I2C1_ER_IRQHandler</STRONG> (Thumb, 0 bytes, Stack size 0 bytes, startup_stm32f10x_hd.o(.text))
<BR>[Address Reference Count : 1]<UL><LI> startup_stm32f10x_hd.o(RESET)
</UL>
<P><STRONG><a name="[29]"></a>I2C1_EV_IRQHandler</STRONG> (Thumb, 0 bytes, Stack size 0 bytes, startup_stm32f10x_hd.o(.text))
<BR>[Address Reference Count : 1]<UL><LI> startup_stm32f10x_hd.o(RESET)
</UL>
<P><STRONG><a name="[2c]"></a>I2C2_ER_IRQHandler</STRONG> (Thumb, 0 bytes, Stack size 0 bytes, startup_stm32f10x_hd.o(.text))
<BR>[Address Reference Count : 1]<UL><LI> startup_stm32f10x_hd.o(RESET)
</UL>
<P><STRONG><a name="[2b]"></a>I2C2_EV_IRQHandler</STRONG> (Thumb, 0 bytes, Stack size 0 bytes, startup_stm32f10x_hd.o(.text))
<BR>[Address Reference Count : 1]<UL><LI> startup_stm32f10x_hd.o(RESET)
</UL>
<P><STRONG><a name="[b]"></a>PVD_IRQHandler</STRONG> (Thumb, 0 bytes, Stack size 0 bytes, startup_stm32f10x_hd.o(.text))
<BR>[Address Reference Count : 1]<UL><LI> startup_stm32f10x_hd.o(RESET)
</UL>
<P><STRONG><a name="[f]"></a>RCC_IRQHandler</STRONG> (Thumb, 0 bytes, Stack size 0 bytes, startup_stm32f10x_hd.o(.text))
<BR>[Address Reference Count : 1]<UL><LI> startup_stm32f10x_hd.o(RESET)
</UL>
<P><STRONG><a name="[33]"></a>RTCAlarm_IRQHandler</STRONG> (Thumb, 0 bytes, Stack size 0 bytes, startup_stm32f10x_hd.o(.text))
<BR>[Address Reference Count : 1]<UL><LI> startup_stm32f10x_hd.o(RESET)
</UL>
<P><STRONG><a name="[d]"></a>RTC_IRQHandler</STRONG> (Thumb, 0 bytes, Stack size 0 bytes, startup_stm32f10x_hd.o(.text))
<BR>[Address Reference Count : 1]<UL><LI> startup_stm32f10x_hd.o(RESET)
</UL>
<P><STRONG><a name="[3b]"></a>SDIO_IRQHandler</STRONG> (Thumb, 0 bytes, Stack size 0 bytes, startup_stm32f10x_hd.o(.text))
<BR>[Address Reference Count : 1]<UL><LI> startup_stm32f10x_hd.o(RESET)
</UL>
<P><STRONG><a name="[2d]"></a>SPI1_IRQHandler</STRONG> (Thumb, 0 bytes, Stack size 0 bytes, startup_stm32f10x_hd.o(.text))
<BR>[Address Reference Count : 1]<UL><LI> startup_stm32f10x_hd.o(RESET)
</UL>
<P><STRONG><a name="[2e]"></a>SPI2_IRQHandler</STRONG> (Thumb, 0 bytes, Stack size 0 bytes, startup_stm32f10x_hd.o(.text))
<BR>[Address Reference Count : 1]<UL><LI> startup_stm32f10x_hd.o(RESET)
</UL>
<P><STRONG><a name="[3d]"></a>SPI3_IRQHandler</STRONG> (Thumb, 0 bytes, Stack size 0 bytes, startup_stm32f10x_hd.o(.text))
<BR>[Address Reference Count : 1]<UL><LI> startup_stm32f10x_hd.o(RESET)
</UL>
<P><STRONG><a name="[c]"></a>TAMPER_IRQHandler</STRONG> (Thumb, 0 bytes, Stack size 0 bytes, startup_stm32f10x_hd.o(.text))
<BR>[Address Reference Count : 1]<UL><LI> startup_stm32f10x_hd.o(RESET)
</UL>
<P><STRONG><a name="[22]"></a>TIM1_BRK_IRQHandler</STRONG> (Thumb, 0 bytes, Stack size 0 bytes, startup_stm32f10x_hd.o(.text))
<BR>[Address Reference Count : 1]<UL><LI> startup_stm32f10x_hd.o(RESET)
</UL>
<P><STRONG><a name="[25]"></a>TIM1_CC_IRQHandler</STRONG> (Thumb, 0 bytes, Stack size 0 bytes, startup_stm32f10x_hd.o(.text))
<BR>[Address Reference Count : 1]<UL><LI> startup_stm32f10x_hd.o(RESET)
</UL>
<P><STRONG><a name="[24]"></a>TIM1_TRG_COM_IRQHandler</STRONG> (Thumb, 0 bytes, Stack size 0 bytes, startup_stm32f10x_hd.o(.text))
<BR>[Address Reference Count : 1]<UL><LI> startup_stm32f10x_hd.o(RESET)
</UL>
<P><STRONG><a name="[23]"></a>TIM1_UP_IRQHandler</STRONG> (Thumb, 0 bytes, Stack size 0 bytes, startup_stm32f10x_hd.o(.text))
<BR>[Address Reference Count : 1]<UL><LI> startup_stm32f10x_hd.o(RESET)
</UL>
<P><STRONG><a name="[3c]"></a>TIM5_IRQHandler</STRONG> (Thumb, 0 bytes, Stack size 0 bytes, startup_stm32f10x_hd.o(.text))
<BR>[Address Reference Count : 1]<UL><LI> startup_stm32f10x_hd.o(RESET)
</UL>
<P><STRONG><a name="[40]"></a>TIM6_IRQHandler</STRONG> (Thumb, 0 bytes, Stack size 0 bytes, startup_stm32f10x_hd.o(.text))
<BR>[Address Reference Count : 1]<UL><LI> startup_stm32f10x_hd.o(RESET)
</UL>
<P><STRONG><a name="[41]"></a>TIM7_IRQHandler</STRONG> (Thumb, 0 bytes, Stack size 0 bytes, startup_stm32f10x_hd.o(.text))
<BR>[Address Reference Count : 1]<UL><LI> startup_stm32f10x_hd.o(RESET)
</UL>
<P><STRONG><a name="[35]"></a>TIM8_BRK_IRQHandler</STRONG> (Thumb, 0 bytes, Stack size 0 bytes, startup_stm32f10x_hd.o(.text))
<BR>[Address Reference Count : 1]<UL><LI> startup_stm32f10x_hd.o(RESET)
</UL>
<P><STRONG><a name="[38]"></a>TIM8_CC_IRQHandler</STRONG> (Thumb, 0 bytes, Stack size 0 bytes, startup_stm32f10x_hd.o(.text))
<BR>[Address Reference Count : 1]<UL><LI> startup_stm32f10x_hd.o(RESET)
</UL>
<P><STRONG><a name="[37]"></a>TIM8_TRG_COM_IRQHandler</STRONG> (Thumb, 0 bytes, Stack size 0 bytes, startup_stm32f10x_hd.o(.text))
<BR>[Address Reference Count : 1]<UL><LI> startup_stm32f10x_hd.o(RESET)
</UL>
<P><STRONG><a name="[36]"></a>TIM8_UP_IRQHandler</STRONG> (Thumb, 0 bytes, Stack size 0 bytes, startup_stm32f10x_hd.o(.text))
<BR>[Address Reference Count : 1]<UL><LI> startup_stm32f10x_hd.o(RESET)
</UL>
<P><STRONG><a name="[3e]"></a>UART4_IRQHandler</STRONG> (Thumb, 0 bytes, Stack size 0 bytes, startup_stm32f10x_hd.o(.text))
<BR>[Address Reference Count : 1]<UL><LI> startup_stm32f10x_hd.o(RESET)
</UL>
<P><STRONG><a name="[3f]"></a>UART5_IRQHandler</STRONG> (Thumb, 0 bytes, Stack size 0 bytes, startup_stm32f10x_hd.o(.text))
<BR>[Address Reference Count : 1]<UL><LI> startup_stm32f10x_hd.o(RESET)
</UL>
<P><STRONG><a name="[2f]"></a>USART1_IRQHandler</STRONG> (Thumb, 0 bytes, Stack size 0 bytes, startup_stm32f10x_hd.o(.text))
<BR>[Address Reference Count : 1]<UL><LI> startup_stm32f10x_hd.o(RESET)
</UL>
<P><STRONG><a name="[31]"></a>USART3_IRQHandler</STRONG> (Thumb, 0 bytes, Stack size 0 bytes, startup_stm32f10x_hd.o(.text))
<BR>[Address Reference Count : 1]<UL><LI> startup_stm32f10x_hd.o(RESET)
</UL>
<P><STRONG><a name="[34]"></a>USBWakeUp_IRQHandler</STRONG> (Thumb, 0 bytes, Stack size 0 bytes, startup_stm32f10x_hd.o(.text))
<BR>[Address Reference Count : 1]<UL><LI> startup_stm32f10x_hd.o(RESET)
</UL>
<P><STRONG><a name="[1d]"></a>USB_HP_CAN1_TX_IRQHandler</STRONG> (Thumb, 0 bytes, Stack size 0 bytes, startup_stm32f10x_hd.o(.text))
<BR>[Address Reference Count : 1]<UL><LI> startup_stm32f10x_hd.o(RESET)
</UL>
<P><STRONG><a name="[1e]"></a>USB_LP_CAN1_RX0_IRQHandler</STRONG> (Thumb, 0 bytes, Stack size 0 bytes, startup_stm32f10x_hd.o(.text))
<BR>[Address Reference Count : 1]<UL><LI> startup_stm32f10x_hd.o(RESET)
</UL>
<P><STRONG><a name="[a]"></a>WWDG_IRQHandler</STRONG> (Thumb, 0 bytes, Stack size 0 bytes, startup_stm32f10x_hd.o(.text))
<BR>[Address Reference Count : 1]<UL><LI> startup_stm32f10x_hd.o(RESET)
</UL>
<P><STRONG><a name="[85]"></a>__aeabi_memcpy</STRONG> (Thumb, 36 bytes, Stack size 0 bytes, memcpya.o(.text))
<BR><BR>[Called By]<UL><LI><a href="#[80]">&gt;&gt;</a>&nbsp;&nbsp;&nbsp;BD_TG_RevPro
<LI><a href="#[83]">&gt;&gt;</a>&nbsp;&nbsp;&nbsp;MQTT_UnPacketPublish
<LI><a href="#[81]">&gt;&gt;</a>&nbsp;&nbsp;&nbsp;MQTT_UnPacketCmd
</UL>

<P><STRONG><a name="[136]"></a>__aeabi_memcpy4</STRONG> (Thumb, 0 bytes, Stack size 0 bytes, memcpya.o(.text), UNUSED)

<P><STRONG><a name="[137]"></a>__aeabi_memcpy8</STRONG> (Thumb, 0 bytes, Stack size 0 bytes, memcpya.o(.text), UNUSED)

<P><STRONG><a name="[4f]"></a>__aeabi_memset</STRONG> (Thumb, 14 bytes, Stack size 0 bytes, memseta.o(.text))
<BR><BR>[Called By]<UL><LI><a href="#[10b]">&gt;&gt;</a>&nbsp;&nbsp;&nbsp;send_DHCP_REQUEST
<LI><a href="#[113]">&gt;&gt;</a>&nbsp;&nbsp;&nbsp;send_DHCP_RELEASE_DECLINE
<LI><a href="#[50]">&gt;&gt;</a>&nbsp;&nbsp;&nbsp;_memset$wrapper
<LI><a href="#[4e]">&gt;&gt;</a>&nbsp;&nbsp;&nbsp;__aeabi_memclr
</UL>

<P><STRONG><a name="[138]"></a>__aeabi_memset4</STRONG> (Thumb, 0 bytes, Stack size 0 bytes, memseta.o(.text), UNUSED)

<P><STRONG><a name="[139]"></a>__aeabi_memset8</STRONG> (Thumb, 0 bytes, Stack size 0 bytes, memseta.o(.text), UNUSED)

<P><STRONG><a name="[4e]"></a>__aeabi_memclr</STRONG> (Thumb, 4 bytes, Stack size 0 bytes, memseta.o(.text))
<BR><BR>[Calls]<UL><LI><a href="#[4f]">&gt;&gt;</a>&nbsp;&nbsp;&nbsp;__aeabi_memset
</UL>
<BR>[Called By]<UL><LI><a href="#[ef]">&gt;&gt;</a>&nbsp;&nbsp;&nbsp;application
<LI><a href="#[f1]">&gt;&gt;</a>&nbsp;&nbsp;&nbsp;do_tcp_client
<LI><a href="#[83]">&gt;&gt;</a>&nbsp;&nbsp;&nbsp;MQTT_UnPacketPublish
<LI><a href="#[81]">&gt;&gt;</a>&nbsp;&nbsp;&nbsp;MQTT_UnPacketCmd
<LI><a href="#[7f]">&gt;&gt;</a>&nbsp;&nbsp;&nbsp;MQTT_PacketPublish
<LI><a href="#[77]">&gt;&gt;</a>&nbsp;&nbsp;&nbsp;MQTT_PacketConnect
<LI><a href="#[82]">&gt;&gt;</a>&nbsp;&nbsp;&nbsp;MQTT_PacketCmdResp
</UL>

<P><STRONG><a name="[129]"></a>__aeabi_memclr4</STRONG> (Thumb, 0 bytes, Stack size 0 bytes, memseta.o(.text))
<BR><BR>[Called By]<UL><LI><a href="#[10b]">&gt;&gt;</a>&nbsp;&nbsp;&nbsp;send_DHCP_REQUEST
<LI><a href="#[113]">&gt;&gt;</a>&nbsp;&nbsp;&nbsp;send_DHCP_RELEASE_DECLINE
<LI><a href="#[10a]">&gt;&gt;</a>&nbsp;&nbsp;&nbsp;send_DHCP_DISCOVER
</UL>

<P><STRONG><a name="[13a]"></a>__aeabi_memclr8</STRONG> (Thumb, 0 bytes, Stack size 0 bytes, memseta.o(.text), UNUSED)

<P><STRONG><a name="[50]"></a>_memset$wrapper</STRONG> (Thumb, 18 bytes, Stack size 8 bytes, memseta.o(.text), UNUSED)
<BR><BR>[Calls]<UL><LI><a href="#[4f]">&gt;&gt;</a>&nbsp;&nbsp;&nbsp;__aeabi_memset
</UL>

<P><STRONG><a name="[cf]"></a>strstr</STRONG> (Thumb, 36 bytes, Stack size 12 bytes, strstr.o(.text))
<BR><BR>[Stack]<UL><LI>Max Depth = 12<LI>Call Chain = strstr
</UL>
<BR>[Called By]<UL><LI><a href="#[7b]">&gt;&gt;</a>&nbsp;&nbsp;&nbsp;MQTT_UnPacketRecv
<LI><a href="#[83]">&gt;&gt;</a>&nbsp;&nbsp;&nbsp;MQTT_UnPacketPublish
</UL>

<P><STRONG><a name="[90]"></a>strchr</STRONG> (Thumb, 20 bytes, Stack size 0 bytes, strchr.o(.text))
<BR><BR>[Called By]<UL><LI><a href="#[80]">&gt;&gt;</a>&nbsp;&nbsp;&nbsp;BD_TG_RevPro
<LI><a href="#[83]">&gt;&gt;</a>&nbsp;&nbsp;&nbsp;MQTT_UnPacketPublish
<LI><a href="#[81]">&gt;&gt;</a>&nbsp;&nbsp;&nbsp;MQTT_UnPacketCmd
</UL>

<P><STRONG><a name="[84]"></a>strlen</STRONG> (Thumb, 14 bytes, Stack size 0 bytes, strlen.o(.text))
<BR><BR>[Called By]<UL><LI><a href="#[f1]">&gt;&gt;</a>&nbsp;&nbsp;&nbsp;do_tcp_client
<LI><a href="#[80]">&gt;&gt;</a>&nbsp;&nbsp;&nbsp;BD_TG_RevPro
<LI><a href="#[cd]">&gt;&gt;</a>&nbsp;&nbsp;&nbsp;MQTT_PacketUnSubscribe
<LI><a href="#[93]">&gt;&gt;</a>&nbsp;&nbsp;&nbsp;MQTT_PacketSubscribe
<LI><a href="#[77]">&gt;&gt;</a>&nbsp;&nbsp;&nbsp;MQTT_PacketConnect
<LI><a href="#[82]">&gt;&gt;</a>&nbsp;&nbsp;&nbsp;MQTT_PacketCmdResp
<LI><a href="#[10b]">&gt;&gt;</a>&nbsp;&nbsp;&nbsp;send_DHCP_REQUEST
<LI><a href="#[10a]">&gt;&gt;</a>&nbsp;&nbsp;&nbsp;send_DHCP_DISCOVER
</UL>

<P><STRONG><a name="[111]"></a>memcmp</STRONG> (Thumb, 26 bytes, Stack size 12 bytes, memcmp.o(.text))
<BR><BR>[Stack]<UL><LI>Max Depth = 12<LI>Call Chain = memcmp
</UL>
<BR>[Called By]<UL><LI><a href="#[10e]">&gt;&gt;</a>&nbsp;&nbsp;&nbsp;parseDHCPMSG
<LI><a href="#[108]">&gt;&gt;</a>&nbsp;&nbsp;&nbsp;check_DHCP_state
</UL>

<P><STRONG><a name="[cb]"></a>strncat</STRONG> (Thumb, 40 bytes, Stack size 8 bytes, strncat.o(.text))
<BR><BR>[Stack]<UL><LI>Max Depth = 8<LI>Call Chain = strncat
</UL>
<BR>[Called By]<UL><LI><a href="#[cd]">&gt;&gt;</a>&nbsp;&nbsp;&nbsp;MQTT_PacketUnSubscribe
<LI><a href="#[93]">&gt;&gt;</a>&nbsp;&nbsp;&nbsp;MQTT_PacketSubscribe
<LI><a href="#[7f]">&gt;&gt;</a>&nbsp;&nbsp;&nbsp;MQTT_PacketPublish
<LI><a href="#[77]">&gt;&gt;</a>&nbsp;&nbsp;&nbsp;MQTT_PacketConnect
<LI><a href="#[82]">&gt;&gt;</a>&nbsp;&nbsp;&nbsp;MQTT_PacketCmdResp
</UL>

<P><STRONG><a name="[12a]"></a>strcpy</STRONG> (Thumb, 18 bytes, Stack size 0 bytes, strcpy.o(.text))
<BR><BR>[Called By]<UL><LI><a href="#[10b]">&gt;&gt;</a>&nbsp;&nbsp;&nbsp;send_DHCP_REQUEST
<LI><a href="#[10a]">&gt;&gt;</a>&nbsp;&nbsp;&nbsp;send_DHCP_DISCOVER
</UL>

<P><STRONG><a name="[51]"></a>atoi</STRONG> (Thumb, 26 bytes, Stack size 16 bytes, atoi.o(.text))
<BR><BR>[Stack]<UL><LI>Max Depth = 88<LI>Call Chain = atoi &rArr; strtol &rArr; _strtoul
</UL>
<BR>[Calls]<UL><LI><a href="#[53]">&gt;&gt;</a>&nbsp;&nbsp;&nbsp;strtol
<LI><a href="#[52]">&gt;&gt;</a>&nbsp;&nbsp;&nbsp;__aeabi_errno_addr
</UL>
<BR>[Called By]<UL><LI><a href="#[80]">&gt;&gt;</a>&nbsp;&nbsp;&nbsp;BD_TG_RevPro
</UL>

<P><STRONG><a name="[54]"></a>__aeabi_dmul</STRONG> (Thumb, 228 bytes, Stack size 48 bytes, dmul.o(.text))
<BR><BR>[Stack]<UL><LI>Max Depth = 88<LI>Call Chain = __aeabi_dmul &rArr; _double_epilogue &rArr; _double_round
</UL>
<BR>[Calls]<UL><LI><a href="#[55]">&gt;&gt;</a>&nbsp;&nbsp;&nbsp;_double_epilogue
</UL>
<BR>[Called By]<UL><LI><a href="#[69]">&gt;&gt;</a>&nbsp;&nbsp;&nbsp;ADXL345_ReadXYZ
<LI><a href="#[ea]">&gt;&gt;</a>&nbsp;&nbsp;&nbsp;_fp_digits
</UL>

<P><STRONG><a name="[56]"></a>__aeabi_ui2f</STRONG> (Thumb, 10 bytes, Stack size 0 bytes, ffltui.o(.text))
<BR><BR>[Stack]<UL><LI>Max Depth = 4<LI>Call Chain = __aeabi_ui2f &rArr; _float_epilogue
</UL>
<BR>[Calls]<UL><LI><a href="#[57]">&gt;&gt;</a>&nbsp;&nbsp;&nbsp;_float_epilogue
</UL>
<BR>[Called By]<UL><LI><a href="#[ef]">&gt;&gt;</a>&nbsp;&nbsp;&nbsp;application
</UL>

<P><STRONG><a name="[58]"></a>__aeabi_i2d</STRONG> (Thumb, 34 bytes, Stack size 16 bytes, dflti.o(.text))
<BR><BR>[Stack]<UL><LI>Max Depth = 56<LI>Call Chain = __aeabi_i2d &rArr; _double_epilogue &rArr; _double_round
</UL>
<BR>[Calls]<UL><LI><a href="#[55]">&gt;&gt;</a>&nbsp;&nbsp;&nbsp;_double_epilogue
</UL>
<BR>[Called By]<UL><LI><a href="#[69]">&gt;&gt;</a>&nbsp;&nbsp;&nbsp;ADXL345_ReadXYZ
</UL>

<P><STRONG><a name="[ff]"></a>__aeabi_f2iz</STRONG> (Thumb, 50 bytes, Stack size 0 bytes, ffixi.o(.text))
<BR><BR>[Called By]<UL><LI><a href="#[ef]">&gt;&gt;</a>&nbsp;&nbsp;&nbsp;application
<LI><a href="#[f1]">&gt;&gt;</a>&nbsp;&nbsp;&nbsp;do_tcp_client
</UL>

<P><STRONG><a name="[100]"></a>__aeabi_f2uiz</STRONG> (Thumb, 40 bytes, Stack size 0 bytes, ffixui.o(.text))
<BR><BR>[Called By]<UL><LI><a href="#[ef]">&gt;&gt;</a>&nbsp;&nbsp;&nbsp;application
</UL>

<P><STRONG><a name="[f6]"></a>__aeabi_f2d</STRONG> (Thumb, 38 bytes, Stack size 0 bytes, f2d.o(.text))
<BR><BR>[Called By]<UL><LI><a href="#[ef]">&gt;&gt;</a>&nbsp;&nbsp;&nbsp;application
</UL>

<P><STRONG><a name="[59]"></a>__aeabi_d2f</STRONG> (Thumb, 56 bytes, Stack size 8 bytes, d2f.o(.text))
<BR><BR>[Stack]<UL><LI>Max Depth = 8<LI>Call Chain = __aeabi_d2f
</UL>
<BR>[Calls]<UL><LI><a href="#[5a]">&gt;&gt;</a>&nbsp;&nbsp;&nbsp;_float_round
</UL>
<BR>[Called By]<UL><LI><a href="#[69]">&gt;&gt;</a>&nbsp;&nbsp;&nbsp;ADXL345_ReadXYZ
</UL>

<P><STRONG><a name="[f5]"></a>__aeabi_cfcmpeq</STRONG> (Thumb, 0 bytes, Stack size 0 bytes, cfcmple.o(.text))
<BR><BR>[Called By]<UL><LI><a href="#[ef]">&gt;&gt;</a>&nbsp;&nbsp;&nbsp;application
</UL>

<P><STRONG><a name="[13b]"></a>__aeabi_cfcmple</STRONG> (Thumb, 20 bytes, Stack size 0 bytes, cfcmple.o(.text), UNUSED)

<P><STRONG><a name="[f4]"></a>__aeabi_cfrcmple</STRONG> (Thumb, 20 bytes, Stack size 0 bytes, cfrcmple.o(.text))
<BR><BR>[Called By]<UL><LI><a href="#[ef]">&gt;&gt;</a>&nbsp;&nbsp;&nbsp;application
</UL>

<P><STRONG><a name="[13c]"></a>__aeabi_uidiv</STRONG> (Thumb, 0 bytes, Stack size 12 bytes, uidiv.o(.text), UNUSED)

<P><STRONG><a name="[ee]"></a>__aeabi_uidivmod</STRONG> (Thumb, 44 bytes, Stack size 12 bytes, uidiv.o(.text), UNUSED)
<BR><BR>[Called By]<UL><LI><a href="#[e8]">&gt;&gt;</a>&nbsp;&nbsp;&nbsp;_printf_core
</UL>

<P><STRONG><a name="[5b]"></a>__aeabi_uldivmod</STRONG> (Thumb, 98 bytes, Stack size 40 bytes, uldiv.o(.text), UNUSED)
<BR><BR>[Calls]<UL><LI><a href="#[5c]">&gt;&gt;</a>&nbsp;&nbsp;&nbsp;__aeabi_llsr
<LI><a href="#[5d]">&gt;&gt;</a>&nbsp;&nbsp;&nbsp;__aeabi_llsl
</UL>
<BR>[Called By]<UL><LI><a href="#[e8]">&gt;&gt;</a>&nbsp;&nbsp;&nbsp;_printf_core
<LI><a href="#[ea]">&gt;&gt;</a>&nbsp;&nbsp;&nbsp;_fp_digits
</UL>

<P><STRONG><a name="[53]"></a>strtol</STRONG> (Thumb, 112 bytes, Stack size 32 bytes, strtol.o(.text))
<BR><BR>[Stack]<UL><LI>Max Depth = 72<LI>Call Chain = strtol &rArr; _strtoul
</UL>
<BR>[Calls]<UL><LI><a href="#[5f]">&gt;&gt;</a>&nbsp;&nbsp;&nbsp;_strtoul
<LI><a href="#[5e]">&gt;&gt;</a>&nbsp;&nbsp;&nbsp;__rt_ctype_table
<LI><a href="#[52]">&gt;&gt;</a>&nbsp;&nbsp;&nbsp;__aeabi_errno_addr
</UL>
<BR>[Called By]<UL><LI><a href="#[51]">&gt;&gt;</a>&nbsp;&nbsp;&nbsp;atoi
</UL>

<P><STRONG><a name="[13d]"></a>__I$use$fp</STRONG> (Thumb, 0 bytes, Stack size 0 bytes, iusefp.o(.text), UNUSED)

<P><STRONG><a name="[5a]"></a>_float_round</STRONG> (Thumb, 18 bytes, Stack size 0 bytes, fepilogue.o(.text))
<BR><BR>[Called By]<UL><LI><a href="#[59]">&gt;&gt;</a>&nbsp;&nbsp;&nbsp;__aeabi_d2f
</UL>

<P><STRONG><a name="[57]"></a>_float_epilogue</STRONG> (Thumb, 92 bytes, Stack size 4 bytes, fepilogue.o(.text))
<BR><BR>[Stack]<UL><LI>Max Depth = 4<LI>Call Chain = _float_epilogue
</UL>
<BR>[Called By]<UL><LI><a href="#[56]">&gt;&gt;</a>&nbsp;&nbsp;&nbsp;__aeabi_ui2f
</UL>

<P><STRONG><a name="[60]"></a>_double_round</STRONG> (Thumb, 30 bytes, Stack size 8 bytes, depilogue.o(.text))
<BR><BR>[Stack]<UL><LI>Max Depth = 8<LI>Call Chain = _double_round
</UL>
<BR>[Called By]<UL><LI><a href="#[55]">&gt;&gt;</a>&nbsp;&nbsp;&nbsp;_double_epilogue
<LI><a href="#[65]">&gt;&gt;</a>&nbsp;&nbsp;&nbsp;__aeabi_ddiv
<LI><a href="#[61]">&gt;&gt;</a>&nbsp;&nbsp;&nbsp;__aeabi_dadd
</UL>

<P><STRONG><a name="[55]"></a>_double_epilogue</STRONG> (Thumb, 156 bytes, Stack size 32 bytes, depilogue.o(.text))
<BR><BR>[Stack]<UL><LI>Max Depth = 40<LI>Call Chain = _double_epilogue &rArr; _double_round
</UL>
<BR>[Calls]<UL><LI><a href="#[5c]">&gt;&gt;</a>&nbsp;&nbsp;&nbsp;__aeabi_llsr
<LI><a href="#[5d]">&gt;&gt;</a>&nbsp;&nbsp;&nbsp;__aeabi_llsl
<LI><a href="#[60]">&gt;&gt;</a>&nbsp;&nbsp;&nbsp;_double_round
</UL>
<BR>[Called By]<UL><LI><a href="#[58]">&gt;&gt;</a>&nbsp;&nbsp;&nbsp;__aeabi_i2d
<LI><a href="#[54]">&gt;&gt;</a>&nbsp;&nbsp;&nbsp;__aeabi_dmul
<LI><a href="#[61]">&gt;&gt;</a>&nbsp;&nbsp;&nbsp;__aeabi_dadd
</UL>

<P><STRONG><a name="[61]"></a>__aeabi_dadd</STRONG> (Thumb, 322 bytes, Stack size 48 bytes, dadd.o(.text), UNUSED)
<BR><BR>[Calls]<UL><LI><a href="#[62]">&gt;&gt;</a>&nbsp;&nbsp;&nbsp;__aeabi_lasr
<LI><a href="#[5d]">&gt;&gt;</a>&nbsp;&nbsp;&nbsp;__aeabi_llsl
<LI><a href="#[60]">&gt;&gt;</a>&nbsp;&nbsp;&nbsp;_double_round
<LI><a href="#[55]">&gt;&gt;</a>&nbsp;&nbsp;&nbsp;_double_epilogue
</UL>
<BR>[Called By]<UL><LI><a href="#[64]">&gt;&gt;</a>&nbsp;&nbsp;&nbsp;__aeabi_drsub
<LI><a href="#[63]">&gt;&gt;</a>&nbsp;&nbsp;&nbsp;__aeabi_dsub
<LI><a href="#[ea]">&gt;&gt;</a>&nbsp;&nbsp;&nbsp;_fp_digits
</UL>

<P><STRONG><a name="[63]"></a>__aeabi_dsub</STRONG> (Thumb, 6 bytes, Stack size 0 bytes, dadd.o(.text), UNUSED)
<BR><BR>[Calls]<UL><LI><a href="#[61]">&gt;&gt;</a>&nbsp;&nbsp;&nbsp;__aeabi_dadd
</UL>

<P><STRONG><a name="[64]"></a>__aeabi_drsub</STRONG> (Thumb, 6 bytes, Stack size 0 bytes, dadd.o(.text), UNUSED)
<BR><BR>[Calls]<UL><LI><a href="#[61]">&gt;&gt;</a>&nbsp;&nbsp;&nbsp;__aeabi_dadd
</UL>

<P><STRONG><a name="[65]"></a>__aeabi_ddiv</STRONG> (Thumb, 222 bytes, Stack size 32 bytes, ddiv.o(.text), UNUSED)
<BR><BR>[Calls]<UL><LI><a href="#[60]">&gt;&gt;</a>&nbsp;&nbsp;&nbsp;_double_round
</UL>
<BR>[Called By]<UL><LI><a href="#[ea]">&gt;&gt;</a>&nbsp;&nbsp;&nbsp;_fp_digits
</UL>

<P><STRONG><a name="[66]"></a>__aeabi_d2ulz</STRONG> (Thumb, 48 bytes, Stack size 0 bytes, dfixul.o(.text), UNUSED)
<BR><BR>[Calls]<UL><LI><a href="#[5c]">&gt;&gt;</a>&nbsp;&nbsp;&nbsp;__aeabi_llsr
<LI><a href="#[5d]">&gt;&gt;</a>&nbsp;&nbsp;&nbsp;__aeabi_llsl
</UL>
<BR>[Called By]<UL><LI><a href="#[ea]">&gt;&gt;</a>&nbsp;&nbsp;&nbsp;_fp_digits
</UL>

<P><STRONG><a name="[eb]"></a>__aeabi_cdrcmple</STRONG> (Thumb, 48 bytes, Stack size 0 bytes, cdrcmple.o(.text), UNUSED)
<BR><BR>[Called By]<UL><LI><a href="#[ea]">&gt;&gt;</a>&nbsp;&nbsp;&nbsp;_fp_digits
</UL>

<P><STRONG><a name="[4d]"></a>__scatterload</STRONG> (Thumb, 28 bytes, Stack size 0 bytes, init.o(.text))
<BR><BR>[Calls]<UL><LI><a href="#[67]">&gt;&gt;</a>&nbsp;&nbsp;&nbsp;__main_after_scatterload
</UL>
<BR>[Called By]<UL><LI><a href="#[4c]">&gt;&gt;</a>&nbsp;&nbsp;&nbsp;_main_scatterload
</UL>

<P><STRONG><a name="[13e]"></a>__scatterload_rt2</STRONG> (Thumb, 0 bytes, Stack size 0 bytes, init.o(.text), UNUSED)

<P><STRONG><a name="[5d]"></a>__aeabi_llsl</STRONG> (Thumb, 30 bytes, Stack size 0 bytes, llshl.o(.text))
<BR><BR>[Called By]<UL><LI><a href="#[5b]">&gt;&gt;</a>&nbsp;&nbsp;&nbsp;__aeabi_uldivmod
<LI><a href="#[55]">&gt;&gt;</a>&nbsp;&nbsp;&nbsp;_double_epilogue
<LI><a href="#[61]">&gt;&gt;</a>&nbsp;&nbsp;&nbsp;__aeabi_dadd
<LI><a href="#[66]">&gt;&gt;</a>&nbsp;&nbsp;&nbsp;__aeabi_d2ulz
</UL>

<P><STRONG><a name="[13f]"></a>_ll_shift_l</STRONG> (Thumb, 0 bytes, Stack size 0 bytes, llshl.o(.text), UNUSED)

<P><STRONG><a name="[5c]"></a>__aeabi_llsr</STRONG> (Thumb, 32 bytes, Stack size 0 bytes, llushr.o(.text))
<BR><BR>[Called By]<UL><LI><a href="#[5b]">&gt;&gt;</a>&nbsp;&nbsp;&nbsp;__aeabi_uldivmod
<LI><a href="#[55]">&gt;&gt;</a>&nbsp;&nbsp;&nbsp;_double_epilogue
<LI><a href="#[66]">&gt;&gt;</a>&nbsp;&nbsp;&nbsp;__aeabi_d2ulz
</UL>

<P><STRONG><a name="[140]"></a>_ll_ushift_r</STRONG> (Thumb, 0 bytes, Stack size 0 bytes, llushr.o(.text), UNUSED)

<P><STRONG><a name="[62]"></a>__aeabi_lasr</STRONG> (Thumb, 36 bytes, Stack size 0 bytes, llsshr.o(.text), UNUSED)
<BR><BR>[Called By]<UL><LI><a href="#[61]">&gt;&gt;</a>&nbsp;&nbsp;&nbsp;__aeabi_dadd
</UL>

<P><STRONG><a name="[141]"></a>_ll_sshift_r</STRONG> (Thumb, 0 bytes, Stack size 0 bytes, llsshr.o(.text), UNUSED)

<P><STRONG><a name="[5e]"></a>__rt_ctype_table</STRONG> (Thumb, 4 bytes, Stack size 0 bytes, ctype_o.o(.text))
<BR><BR>[Called By]<UL><LI><a href="#[53]">&gt;&gt;</a>&nbsp;&nbsp;&nbsp;strtol
</UL>

<P><STRONG><a name="[5f]"></a>_strtoul</STRONG> (Thumb, 158 bytes, Stack size 40 bytes, _strtoul.o(.text))
<BR><BR>[Stack]<UL><LI>Max Depth = 40<LI>Call Chain = _strtoul
</UL>
<BR>[Calls]<UL><LI><a href="#[52]">&gt;&gt;</a>&nbsp;&nbsp;&nbsp;__aeabi_errno_addr
<LI><a href="#[68]">&gt;&gt;</a>&nbsp;&nbsp;&nbsp;_chval
</UL>
<BR>[Called By]<UL><LI><a href="#[53]">&gt;&gt;</a>&nbsp;&nbsp;&nbsp;strtol
</UL>

<P><STRONG><a name="[68]"></a>_chval</STRONG> (Thumb, 28 bytes, Stack size 0 bytes, _chval.o(.text))
<BR><BR>[Called By]<UL><LI><a href="#[5f]">&gt;&gt;</a>&nbsp;&nbsp;&nbsp;_strtoul
</UL>

<P><STRONG><a name="[142]"></a>__decompress</STRONG> (Thumb, 0 bytes, Stack size unknown bytes, __dczerorl2.o(.text), UNUSED)

<P><STRONG><a name="[143]"></a>__decompress1</STRONG> (Thumb, 86 bytes, Stack size unknown bytes, __dczerorl2.o(.text), UNUSED)

<P><STRONG><a name="[69]"></a>ADXL345_ReadXYZ</STRONG> (Thumb, 238 bytes, Stack size 40 bytes, adxl345.o(i.ADXL345_ReadXYZ))
<BR><BR>[Stack]<UL><LI>Max Depth = 128<LI>Call Chain = ADXL345_ReadXYZ &rArr; __aeabi_dmul &rArr; _double_epilogue &rArr; _double_round
</UL>
<BR>[Calls]<UL><LI><a href="#[58]">&gt;&gt;</a>&nbsp;&nbsp;&nbsp;__aeabi_i2d
<LI><a href="#[54]">&gt;&gt;</a>&nbsp;&nbsp;&nbsp;__aeabi_dmul
<LI><a href="#[59]">&gt;&gt;</a>&nbsp;&nbsp;&nbsp;__aeabi_d2f
<LI><a href="#[6a]">&gt;&gt;</a>&nbsp;&nbsp;&nbsp;ADXL345_read_byte
<LI><a href="#[6b]">&gt;&gt;</a>&nbsp;&nbsp;&nbsp;delay_ms
</UL>
<BR>[Called By]<UL><LI><a href="#[ef]">&gt;&gt;</a>&nbsp;&nbsp;&nbsp;application
</UL>

<P><STRONG><a name="[6c]"></a>ADXL345_init</STRONG> (Thumb, 160 bytes, Stack size 8 bytes, adxl345.o(i.ADXL345_init))
<BR><BR>[Stack]<UL><LI>Max Depth = 64<LI>Call Chain = ADXL345_init &rArr; SPI_init &rArr; GPIO_Init
</UL>
<BR>[Calls]<UL><LI><a href="#[6d]">&gt;&gt;</a>&nbsp;&nbsp;&nbsp;SPI_init
<LI><a href="#[6e]">&gt;&gt;</a>&nbsp;&nbsp;&nbsp;ADXL345_write_byte
</UL>
<BR>[Called By]<UL><LI><a href="#[b4]">&gt;&gt;</a>&nbsp;&nbsp;&nbsp;Initialization_configuration
</UL>

<P><STRONG><a name="[6a]"></a>ADXL345_read_byte</STRONG> (Thumb, 74 bytes, Stack size 8 bytes, adxl345.o(i.ADXL345_read_byte))
<BR><BR>[Stack]<UL><LI>Max Depth = 8<LI>Call Chain = ADXL345_read_byte
</UL>
<BR>[Calls]<UL><LI><a href="#[70]">&gt;&gt;</a>&nbsp;&nbsp;&nbsp;SPI_I2S_SendData
<LI><a href="#[73]">&gt;&gt;</a>&nbsp;&nbsp;&nbsp;SPI_I2S_ReceiveData
<LI><a href="#[71]">&gt;&gt;</a>&nbsp;&nbsp;&nbsp;SPI_I2S_GetFlagStatus
<LI><a href="#[72]">&gt;&gt;</a>&nbsp;&nbsp;&nbsp;GPIO_SetBits
<LI><a href="#[6f]">&gt;&gt;</a>&nbsp;&nbsp;&nbsp;GPIO_ResetBits
</UL>
<BR>[Called By]<UL><LI><a href="#[69]">&gt;&gt;</a>&nbsp;&nbsp;&nbsp;ADXL345_ReadXYZ
</UL>

<P><STRONG><a name="[6e]"></a>ADXL345_write_byte</STRONG> (Thumb, 68 bytes, Stack size 16 bytes, adxl345.o(i.ADXL345_write_byte))
<BR><BR>[Stack]<UL><LI>Max Depth = 16<LI>Call Chain = ADXL345_write_byte
</UL>
<BR>[Calls]<UL><LI><a href="#[70]">&gt;&gt;</a>&nbsp;&nbsp;&nbsp;SPI_I2S_SendData
<LI><a href="#[73]">&gt;&gt;</a>&nbsp;&nbsp;&nbsp;SPI_I2S_ReceiveData
<LI><a href="#[71]">&gt;&gt;</a>&nbsp;&nbsp;&nbsp;SPI_I2S_GetFlagStatus
<LI><a href="#[72]">&gt;&gt;</a>&nbsp;&nbsp;&nbsp;GPIO_SetBits
<LI><a href="#[6f]">&gt;&gt;</a>&nbsp;&nbsp;&nbsp;GPIO_ResetBits
</UL>
<BR>[Called By]<UL><LI><a href="#[6c]">&gt;&gt;</a>&nbsp;&nbsp;&nbsp;ADXL345_init
</UL>

<P><STRONG><a name="[74]"></a>BD_TG_DevLink</STRONG> (Thumb, 248 bytes, Stack size 40 bytes, bd_tg.o(i.BD_TG_DevLink))
<BR><BR>[Stack]<UL><LI>Max Depth = 144<LI>Call Chain = BD_TG_DevLink &rArr; send &rArr; send_data_processing &rArr; wiz_write_buf &rArr; __2printf
</UL>
<BR>[Calls]<UL><LI><a href="#[6b]">&gt;&gt;</a>&nbsp;&nbsp;&nbsp;delay_ms
<LI><a href="#[78]">&gt;&gt;</a>&nbsp;&nbsp;&nbsp;send
<LI><a href="#[7b]">&gt;&gt;</a>&nbsp;&nbsp;&nbsp;MQTT_UnPacketRecv
<LI><a href="#[7c]">&gt;&gt;</a>&nbsp;&nbsp;&nbsp;MQTT_UnPacketConnectAck
<LI><a href="#[77]">&gt;&gt;</a>&nbsp;&nbsp;&nbsp;MQTT_PacketConnect
<LI><a href="#[7d]">&gt;&gt;</a>&nbsp;&nbsp;&nbsp;MQTT_DeleteBuffer
<LI><a href="#[7a]">&gt;&gt;</a>&nbsp;&nbsp;&nbsp;recv
<LI><a href="#[79]">&gt;&gt;</a>&nbsp;&nbsp;&nbsp;getSn_RX_RSR
<LI><a href="#[75]">&gt;&gt;</a>&nbsp;&nbsp;&nbsp;__2sprintf
<LI><a href="#[76]">&gt;&gt;</a>&nbsp;&nbsp;&nbsp;__2printf
</UL>
<BR>[Called By]<UL><LI><a href="#[f1]">&gt;&gt;</a>&nbsp;&nbsp;&nbsp;do_tcp_client
</UL>

<P><STRONG><a name="[7e]"></a>BD_TG_Publish</STRONG> (Thumb, 72 bytes, Stack size 32 bytes, bd_tg.o(i.BD_TG_Publish))
<BR><BR>[Stack]<UL><LI>Max Depth = 136<LI>Call Chain = BD_TG_Publish &rArr; send &rArr; send_data_processing &rArr; wiz_write_buf &rArr; __2printf
</UL>
<BR>[Calls]<UL><LI><a href="#[6b]">&gt;&gt;</a>&nbsp;&nbsp;&nbsp;delay_ms
<LI><a href="#[78]">&gt;&gt;</a>&nbsp;&nbsp;&nbsp;send
<LI><a href="#[7f]">&gt;&gt;</a>&nbsp;&nbsp;&nbsp;MQTT_PacketPublish
<LI><a href="#[7d]">&gt;&gt;</a>&nbsp;&nbsp;&nbsp;MQTT_DeleteBuffer
<LI><a href="#[76]">&gt;&gt;</a>&nbsp;&nbsp;&nbsp;__2printf
</UL>
<BR>[Called By]<UL><LI><a href="#[f1]">&gt;&gt;</a>&nbsp;&nbsp;&nbsp;do_tcp_client
</UL>

<P><STRONG><a name="[80]"></a>BD_TG_RevPro</STRONG> (Thumb, 554 bytes, Stack size 72 bytes, bd_tg.o(i.BD_TG_RevPro))
<BR><BR>[Stack]<UL><LI>Max Depth = 204<LI>Call Chain = BD_TG_RevPro &rArr; MQTT_PacketCmdResp &rArr; MQTT_PacketPublish &rArr; MQTT_NewBuffer &rArr; malloc
</UL>
<BR>[Calls]<UL><LI><a href="#[78]">&gt;&gt;</a>&nbsp;&nbsp;&nbsp;send
<LI><a href="#[8f]">&gt;&gt;</a>&nbsp;&nbsp;&nbsp;MQTT_UnPacketUnSubscribe
<LI><a href="#[8e]">&gt;&gt;</a>&nbsp;&nbsp;&nbsp;MQTT_UnPacketSubscribe
<LI><a href="#[7b]">&gt;&gt;</a>&nbsp;&nbsp;&nbsp;MQTT_UnPacketRecv
<LI><a href="#[8b]">&gt;&gt;</a>&nbsp;&nbsp;&nbsp;MQTT_UnPacketPublishRel
<LI><a href="#[89]">&gt;&gt;</a>&nbsp;&nbsp;&nbsp;MQTT_UnPacketPublishRec
<LI><a href="#[8d]">&gt;&gt;</a>&nbsp;&nbsp;&nbsp;MQTT_UnPacketPublishComp
<LI><a href="#[88]">&gt;&gt;</a>&nbsp;&nbsp;&nbsp;MQTT_UnPacketPublishAck
<LI><a href="#[83]">&gt;&gt;</a>&nbsp;&nbsp;&nbsp;MQTT_UnPacketPublish
<LI><a href="#[81]">&gt;&gt;</a>&nbsp;&nbsp;&nbsp;MQTT_UnPacketCmd
<LI><a href="#[8a]">&gt;&gt;</a>&nbsp;&nbsp;&nbsp;MQTT_PacketPublishRel
<LI><a href="#[87]">&gt;&gt;</a>&nbsp;&nbsp;&nbsp;MQTT_PacketPublishRec
<LI><a href="#[8c]">&gt;&gt;</a>&nbsp;&nbsp;&nbsp;MQTT_PacketPublishComp
<LI><a href="#[86]">&gt;&gt;</a>&nbsp;&nbsp;&nbsp;MQTT_PacketPublishAck
<LI><a href="#[82]">&gt;&gt;</a>&nbsp;&nbsp;&nbsp;MQTT_PacketCmdResp
<LI><a href="#[7d]">&gt;&gt;</a>&nbsp;&nbsp;&nbsp;MQTT_DeleteBuffer
<LI><a href="#[51]">&gt;&gt;</a>&nbsp;&nbsp;&nbsp;atoi
<LI><a href="#[91]">&gt;&gt;</a>&nbsp;&nbsp;&nbsp;free
<LI><a href="#[76]">&gt;&gt;</a>&nbsp;&nbsp;&nbsp;__2printf
<LI><a href="#[84]">&gt;&gt;</a>&nbsp;&nbsp;&nbsp;strlen
<LI><a href="#[90]">&gt;&gt;</a>&nbsp;&nbsp;&nbsp;strchr
<LI><a href="#[85]">&gt;&gt;</a>&nbsp;&nbsp;&nbsp;__aeabi_memcpy
</UL>
<BR>[Called By]<UL><LI><a href="#[f1]">&gt;&gt;</a>&nbsp;&nbsp;&nbsp;do_tcp_client
</UL>

<P><STRONG><a name="[92]"></a>BD_TG_Subscribe</STRONG> (Thumb, 158 bytes, Stack size 40 bytes, bd_tg.o(i.BD_TG_Subscribe))
<BR><BR>[Stack]<UL><LI>Max Depth = 144<LI>Call Chain = BD_TG_Subscribe &rArr; send &rArr; send_data_processing &rArr; wiz_write_buf &rArr; __2printf
</UL>
<BR>[Calls]<UL><LI><a href="#[6b]">&gt;&gt;</a>&nbsp;&nbsp;&nbsp;delay_ms
<LI><a href="#[78]">&gt;&gt;</a>&nbsp;&nbsp;&nbsp;send
<LI><a href="#[93]">&gt;&gt;</a>&nbsp;&nbsp;&nbsp;MQTT_PacketSubscribe
<LI><a href="#[7d]">&gt;&gt;</a>&nbsp;&nbsp;&nbsp;MQTT_DeleteBuffer
<LI><a href="#[7a]">&gt;&gt;</a>&nbsp;&nbsp;&nbsp;recv
<LI><a href="#[79]">&gt;&gt;</a>&nbsp;&nbsp;&nbsp;getSn_RX_RSR
<LI><a href="#[76]">&gt;&gt;</a>&nbsp;&nbsp;&nbsp;__2printf
</UL>
<BR>[Called By]<UL><LI><a href="#[f1]">&gt;&gt;</a>&nbsp;&nbsp;&nbsp;do_tcp_client
</UL>

<P><STRONG><a name="[4]"></a>BusFault_Handler</STRONG> (Thumb, 4 bytes, Stack size 0 bytes, stm32f10x_it.o(i.BusFault_Handler))
<BR>[Address Reference Count : 1]<UL><LI> startup_stm32f10x_hd.o(RESET)
</UL>
<P><STRONG><a name="[94]"></a>DHT11_GetValue</STRONG> (Thumb, 146 bytes, Stack size 24 bytes, dht11.o(i.DHT11_GetValue))
<BR><BR>[Stack]<UL><LI>Max Depth = 40<LI>Call Chain = DHT11_GetValue &rArr; DHT11_ReadData
</UL>
<BR>[Calls]<UL><LI><a href="#[95]">&gt;&gt;</a>&nbsp;&nbsp;&nbsp;delay_us
<LI><a href="#[6b]">&gt;&gt;</a>&nbsp;&nbsp;&nbsp;delay_ms
<LI><a href="#[72]">&gt;&gt;</a>&nbsp;&nbsp;&nbsp;GPIO_SetBits
<LI><a href="#[6f]">&gt;&gt;</a>&nbsp;&nbsp;&nbsp;GPIO_ResetBits
<LI><a href="#[96]">&gt;&gt;</a>&nbsp;&nbsp;&nbsp;GPIO_ReadInputDataBit
<LI><a href="#[97]">&gt;&gt;</a>&nbsp;&nbsp;&nbsp;DHT11_ReadData
</UL>
<BR>[Called By]<UL><LI><a href="#[ef]">&gt;&gt;</a>&nbsp;&nbsp;&nbsp;application
</UL>

<P><STRONG><a name="[97]"></a>DHT11_ReadData</STRONG> (Thumb, 84 bytes, Stack size 16 bytes, dht11.o(i.DHT11_ReadData))
<BR><BR>[Stack]<UL><LI>Max Depth = 16<LI>Call Chain = DHT11_ReadData
</UL>
<BR>[Calls]<UL><LI><a href="#[95]">&gt;&gt;</a>&nbsp;&nbsp;&nbsp;delay_us
<LI><a href="#[96]">&gt;&gt;</a>&nbsp;&nbsp;&nbsp;GPIO_ReadInputDataBit
</UL>
<BR>[Called By]<UL><LI><a href="#[94]">&gt;&gt;</a>&nbsp;&nbsp;&nbsp;DHT11_GetValue
</UL>

<P><STRONG><a name="[7]"></a>DebugMon_Handler</STRONG> (Thumb, 2 bytes, Stack size 0 bytes, stm32f10x_it.o(i.DebugMon_Handler))
<BR>[Address Reference Count : 1]<UL><LI> startup_stm32f10x_hd.o(RESET)
</UL>
<P><STRONG><a name="[10]"></a>EXTI0_IRQHandler</STRONG> (Thumb, 38 bytes, Stack size 8 bytes, stm32f10x_it.o(i.EXTI0_IRQHandler))
<BR><BR>[Stack]<UL><LI>Max Depth = 8<LI>Call Chain = EXTI0_IRQHandler
</UL>
<BR>[Calls]<UL><LI><a href="#[98]">&gt;&gt;</a>&nbsp;&nbsp;&nbsp;EXTI_GetITStatus
<LI><a href="#[99]">&gt;&gt;</a>&nbsp;&nbsp;&nbsp;EXTI_ClearITPendingBit
</UL>
<BR>[Address Reference Count : 1]<UL><LI> startup_stm32f10x_hd.o(RESET)
</UL>
<P><STRONG><a name="[32]"></a>EXTI15_10_IRQHandler</STRONG> (Thumb, 46 bytes, Stack size 8 bytes, stm32f10x_it.o(i.EXTI15_10_IRQHandler))
<BR><BR>[Stack]<UL><LI>Max Depth = 32<LI>Call Chain = EXTI15_10_IRQHandler &rArr; __2printf
</UL>
<BR>[Calls]<UL><LI><a href="#[96]">&gt;&gt;</a>&nbsp;&nbsp;&nbsp;GPIO_ReadInputDataBit
<LI><a href="#[98]">&gt;&gt;</a>&nbsp;&nbsp;&nbsp;EXTI_GetITStatus
<LI><a href="#[99]">&gt;&gt;</a>&nbsp;&nbsp;&nbsp;EXTI_ClearITPendingBit
<LI><a href="#[76]">&gt;&gt;</a>&nbsp;&nbsp;&nbsp;__2printf
</UL>
<BR>[Address Reference Count : 1]<UL><LI> startup_stm32f10x_hd.o(RESET)
</UL>
<P><STRONG><a name="[11]"></a>EXTI1_IRQHandler</STRONG> (Thumb, 38 bytes, Stack size 8 bytes, stm32f10x_it.o(i.EXTI1_IRQHandler))
<BR><BR>[Stack]<UL><LI>Max Depth = 8<LI>Call Chain = EXTI1_IRQHandler
</UL>
<BR>[Calls]<UL><LI><a href="#[98]">&gt;&gt;</a>&nbsp;&nbsp;&nbsp;EXTI_GetITStatus
<LI><a href="#[99]">&gt;&gt;</a>&nbsp;&nbsp;&nbsp;EXTI_ClearITPendingBit
</UL>
<BR>[Address Reference Count : 1]<UL><LI> startup_stm32f10x_hd.o(RESET)
</UL>
<P><STRONG><a name="[99]"></a>EXTI_ClearITPendingBit</STRONG> (Thumb, 6 bytes, Stack size 0 bytes, stm32f10x_exti.o(i.EXTI_ClearITPendingBit))
<BR><BR>[Called By]<UL><LI><a href="#[11]">&gt;&gt;</a>&nbsp;&nbsp;&nbsp;EXTI1_IRQHandler
<LI><a href="#[32]">&gt;&gt;</a>&nbsp;&nbsp;&nbsp;EXTI15_10_IRQHandler
<LI><a href="#[10]">&gt;&gt;</a>&nbsp;&nbsp;&nbsp;EXTI0_IRQHandler
</UL>

<P><STRONG><a name="[9a]"></a>EXTI_ENABLE</STRONG> (Thumb, 12 bytes, Stack size 8 bytes, exti.o(i.EXTI_ENABLE))
<BR><BR>[Stack]<UL><LI>Max Depth = 56<LI>Call Chain = EXTI_ENABLE &rArr; EXTI_PA1_Config &rArr; GPIO_Init
</UL>
<BR>[Calls]<UL><LI><a href="#[9c]">&gt;&gt;</a>&nbsp;&nbsp;&nbsp;EXTI_PA1_Config
<LI><a href="#[9b]">&gt;&gt;</a>&nbsp;&nbsp;&nbsp;EXTI_PA0_Config
</UL>
<BR>[Called By]<UL><LI><a href="#[b4]">&gt;&gt;</a>&nbsp;&nbsp;&nbsp;Initialization_configuration
</UL>

<P><STRONG><a name="[98]"></a>EXTI_GetITStatus</STRONG> (Thumb, 34 bytes, Stack size 0 bytes, stm32f10x_exti.o(i.EXTI_GetITStatus))
<BR><BR>[Called By]<UL><LI><a href="#[11]">&gt;&gt;</a>&nbsp;&nbsp;&nbsp;EXTI1_IRQHandler
<LI><a href="#[32]">&gt;&gt;</a>&nbsp;&nbsp;&nbsp;EXTI15_10_IRQHandler
<LI><a href="#[10]">&gt;&gt;</a>&nbsp;&nbsp;&nbsp;EXTI0_IRQHandler
</UL>

<P><STRONG><a name="[a2]"></a>EXTI_Init</STRONG> (Thumb, 142 bytes, Stack size 0 bytes, stm32f10x_exti.o(i.EXTI_Init))
<BR><BR>[Called By]<UL><LI><a href="#[9c]">&gt;&gt;</a>&nbsp;&nbsp;&nbsp;EXTI_PA1_Config
<LI><a href="#[9b]">&gt;&gt;</a>&nbsp;&nbsp;&nbsp;EXTI_PA0_Config
</UL>

<P><STRONG><a name="[9b]"></a>EXTI_PA0_Config</STRONG> (Thumb, 106 bytes, Stack size 24 bytes, exti.o(i.EXTI_PA0_Config))
<BR><BR>[Stack]<UL><LI>Max Depth = 48<LI>Call Chain = EXTI_PA0_Config &rArr; GPIO_Init
</UL>
<BR>[Calls]<UL><LI><a href="#[a1]">&gt;&gt;</a>&nbsp;&nbsp;&nbsp;GPIO_EXTILineConfig
<LI><a href="#[a2]">&gt;&gt;</a>&nbsp;&nbsp;&nbsp;EXTI_Init
<LI><a href="#[9d]">&gt;&gt;</a>&nbsp;&nbsp;&nbsp;RCC_APB2PeriphClockCmd
<LI><a href="#[9e]">&gt;&gt;</a>&nbsp;&nbsp;&nbsp;NVIC_PriorityGroupConfig
<LI><a href="#[9f]">&gt;&gt;</a>&nbsp;&nbsp;&nbsp;NVIC_Init
<LI><a href="#[a0]">&gt;&gt;</a>&nbsp;&nbsp;&nbsp;GPIO_Init
</UL>
<BR>[Called By]<UL><LI><a href="#[9a]">&gt;&gt;</a>&nbsp;&nbsp;&nbsp;EXTI_ENABLE
</UL>

<P><STRONG><a name="[9c]"></a>EXTI_PA1_Config</STRONG> (Thumb, 106 bytes, Stack size 24 bytes, exti.o(i.EXTI_PA1_Config))
<BR><BR>[Stack]<UL><LI>Max Depth = 48<LI>Call Chain = EXTI_PA1_Config &rArr; GPIO_Init
</UL>
<BR>[Calls]<UL><LI><a href="#[a1]">&gt;&gt;</a>&nbsp;&nbsp;&nbsp;GPIO_EXTILineConfig
<LI><a href="#[a2]">&gt;&gt;</a>&nbsp;&nbsp;&nbsp;EXTI_Init
<LI><a href="#[9d]">&gt;&gt;</a>&nbsp;&nbsp;&nbsp;RCC_APB2PeriphClockCmd
<LI><a href="#[9e]">&gt;&gt;</a>&nbsp;&nbsp;&nbsp;NVIC_PriorityGroupConfig
<LI><a href="#[9f]">&gt;&gt;</a>&nbsp;&nbsp;&nbsp;NVIC_Init
<LI><a href="#[a0]">&gt;&gt;</a>&nbsp;&nbsp;&nbsp;GPIO_Init
</UL>
<BR>[Called By]<UL><LI><a href="#[9a]">&gt;&gt;</a>&nbsp;&nbsp;&nbsp;EXTI_ENABLE
</UL>

<P><STRONG><a name="[a3]"></a>GPIO_Configuration</STRONG> (Thumb, 626 bytes, Stack size 8 bytes, gpio.o(i.GPIO_Configuration))
<BR><BR>[Stack]<UL><LI>Max Depth = 32<LI>Call Chain = GPIO_Configuration &rArr; GPIO_Init
</UL>
<BR>[Calls]<UL><LI><a href="#[a4]">&gt;&gt;</a>&nbsp;&nbsp;&nbsp;GPIO_PinRemapConfig
<LI><a href="#[9d]">&gt;&gt;</a>&nbsp;&nbsp;&nbsp;RCC_APB2PeriphClockCmd
<LI><a href="#[72]">&gt;&gt;</a>&nbsp;&nbsp;&nbsp;GPIO_SetBits
<LI><a href="#[a0]">&gt;&gt;</a>&nbsp;&nbsp;&nbsp;GPIO_Init
</UL>
<BR>[Called By]<UL><LI><a href="#[b4]">&gt;&gt;</a>&nbsp;&nbsp;&nbsp;Initialization_configuration
</UL>

<P><STRONG><a name="[a1]"></a>GPIO_EXTILineConfig</STRONG> (Thumb, 60 bytes, Stack size 12 bytes, stm32f10x_gpio.o(i.GPIO_EXTILineConfig))
<BR><BR>[Stack]<UL><LI>Max Depth = 12<LI>Call Chain = GPIO_EXTILineConfig
</UL>
<BR>[Called By]<UL><LI><a href="#[9c]">&gt;&gt;</a>&nbsp;&nbsp;&nbsp;EXTI_PA1_Config
<LI><a href="#[9b]">&gt;&gt;</a>&nbsp;&nbsp;&nbsp;EXTI_PA0_Config
</UL>

<P><STRONG><a name="[a0]"></a>GPIO_Init</STRONG> (Thumb, 278 bytes, Stack size 24 bytes, stm32f10x_gpio.o(i.GPIO_Init))
<BR><BR>[Stack]<UL><LI>Max Depth = 24<LI>Call Chain = GPIO_Init
</UL>
<BR>[Called By]<UL><LI><a href="#[bb]">&gt;&gt;</a>&nbsp;&nbsp;&nbsp;input_gpio
<LI><a href="#[9c]">&gt;&gt;</a>&nbsp;&nbsp;&nbsp;EXTI_PA1_Config
<LI><a href="#[9b]">&gt;&gt;</a>&nbsp;&nbsp;&nbsp;EXTI_PA0_Config
<LI><a href="#[6d]">&gt;&gt;</a>&nbsp;&nbsp;&nbsp;SPI_init
<LI><a href="#[be]">&gt;&gt;</a>&nbsp;&nbsp;&nbsp;at24c16_init
<LI><a href="#[a3]">&gt;&gt;</a>&nbsp;&nbsp;&nbsp;GPIO_Configuration
<LI><a href="#[bd]">&gt;&gt;</a>&nbsp;&nbsp;&nbsp;WIZ_SPI_Init
<LI><a href="#[bf]">&gt;&gt;</a>&nbsp;&nbsp;&nbsp;USART2_Config
</UL>

<P><STRONG><a name="[a4]"></a>GPIO_PinRemapConfig</STRONG> (Thumb, 138 bytes, Stack size 20 bytes, stm32f10x_gpio.o(i.GPIO_PinRemapConfig))
<BR><BR>[Stack]<UL><LI>Max Depth = 20<LI>Call Chain = GPIO_PinRemapConfig
</UL>
<BR>[Called By]<UL><LI><a href="#[a3]">&gt;&gt;</a>&nbsp;&nbsp;&nbsp;GPIO_Configuration
</UL>

<P><STRONG><a name="[96]"></a>GPIO_ReadInputDataBit</STRONG> (Thumb, 18 bytes, Stack size 0 bytes, stm32f10x_gpio.o(i.GPIO_ReadInputDataBit))
<BR><BR>[Called By]<UL><LI><a href="#[fd]">&gt;&gt;</a>&nbsp;&nbsp;&nbsp;input6_status
<LI><a href="#[fc]">&gt;&gt;</a>&nbsp;&nbsp;&nbsp;input5_status
<LI><a href="#[fb]">&gt;&gt;</a>&nbsp;&nbsp;&nbsp;input4_status
<LI><a href="#[fa]">&gt;&gt;</a>&nbsp;&nbsp;&nbsp;input3_status
<LI><a href="#[f9]">&gt;&gt;</a>&nbsp;&nbsp;&nbsp;input2_status
<LI><a href="#[f8]">&gt;&gt;</a>&nbsp;&nbsp;&nbsp;input1_status
<LI><a href="#[106]">&gt;&gt;</a>&nbsp;&nbsp;&nbsp;read_1byte
<LI><a href="#[105]">&gt;&gt;</a>&nbsp;&nbsp;&nbsp;clock
<LI><a href="#[32]">&gt;&gt;</a>&nbsp;&nbsp;&nbsp;EXTI15_10_IRQHandler
<LI><a href="#[94]">&gt;&gt;</a>&nbsp;&nbsp;&nbsp;DHT11_GetValue
<LI><a href="#[97]">&gt;&gt;</a>&nbsp;&nbsp;&nbsp;DHT11_ReadData
</UL>

<P><STRONG><a name="[6f]"></a>GPIO_ResetBits</STRONG> (Thumb, 4 bytes, Stack size 0 bytes, stm32f10x_gpio.o(i.GPIO_ResetBits))
<BR><BR>[Called By]<UL><LI><a href="#[6e]">&gt;&gt;</a>&nbsp;&nbsp;&nbsp;ADXL345_write_byte
<LI><a href="#[6a]">&gt;&gt;</a>&nbsp;&nbsp;&nbsp;ADXL345_read_byte
<LI><a href="#[104]">&gt;&gt;</a>&nbsp;&nbsp;&nbsp;write_1byte
<LI><a href="#[106]">&gt;&gt;</a>&nbsp;&nbsp;&nbsp;read_1byte
<LI><a href="#[105]">&gt;&gt;</a>&nbsp;&nbsp;&nbsp;clock
<LI><a href="#[107]">&gt;&gt;</a>&nbsp;&nbsp;&nbsp;at24c16_stop
<LI><a href="#[103]">&gt;&gt;</a>&nbsp;&nbsp;&nbsp;at24c16_start
<LI><a href="#[a7]">&gt;&gt;</a>&nbsp;&nbsp;&nbsp;WIZ_CS
<LI><a href="#[c1]">&gt;&gt;</a>&nbsp;&nbsp;&nbsp;Reset_W5500
<LI><a href="#[30]">&gt;&gt;</a>&nbsp;&nbsp;&nbsp;USART2_IRQHandler
<LI><a href="#[ef]">&gt;&gt;</a>&nbsp;&nbsp;&nbsp;application
<LI><a href="#[c2]">&gt;&gt;</a>&nbsp;&nbsp;&nbsp;w5500_check
<LI><a href="#[94]">&gt;&gt;</a>&nbsp;&nbsp;&nbsp;DHT11_GetValue
<LI><a href="#[c0]">&gt;&gt;</a>&nbsp;&nbsp;&nbsp;Power_check
</UL>

<P><STRONG><a name="[72]"></a>GPIO_SetBits</STRONG> (Thumb, 4 bytes, Stack size 0 bytes, stm32f10x_gpio.o(i.GPIO_SetBits))
<BR><BR>[Called By]<UL><LI><a href="#[6d]">&gt;&gt;</a>&nbsp;&nbsp;&nbsp;SPI_init
<LI><a href="#[6e]">&gt;&gt;</a>&nbsp;&nbsp;&nbsp;ADXL345_write_byte
<LI><a href="#[6a]">&gt;&gt;</a>&nbsp;&nbsp;&nbsp;ADXL345_read_byte
<LI><a href="#[104]">&gt;&gt;</a>&nbsp;&nbsp;&nbsp;write_1byte
<LI><a href="#[106]">&gt;&gt;</a>&nbsp;&nbsp;&nbsp;read_1byte
<LI><a href="#[105]">&gt;&gt;</a>&nbsp;&nbsp;&nbsp;clock
<LI><a href="#[107]">&gt;&gt;</a>&nbsp;&nbsp;&nbsp;at24c16_stop
<LI><a href="#[103]">&gt;&gt;</a>&nbsp;&nbsp;&nbsp;at24c16_start
<LI><a href="#[a3]">&gt;&gt;</a>&nbsp;&nbsp;&nbsp;GPIO_Configuration
<LI><a href="#[bd]">&gt;&gt;</a>&nbsp;&nbsp;&nbsp;WIZ_SPI_Init
<LI><a href="#[a7]">&gt;&gt;</a>&nbsp;&nbsp;&nbsp;WIZ_CS
<LI><a href="#[c1]">&gt;&gt;</a>&nbsp;&nbsp;&nbsp;Reset_W5500
<LI><a href="#[30]">&gt;&gt;</a>&nbsp;&nbsp;&nbsp;USART2_IRQHandler
<LI><a href="#[ef]">&gt;&gt;</a>&nbsp;&nbsp;&nbsp;application
<LI><a href="#[c2]">&gt;&gt;</a>&nbsp;&nbsp;&nbsp;w5500_check
<LI><a href="#[94]">&gt;&gt;</a>&nbsp;&nbsp;&nbsp;DHT11_GetValue
<LI><a href="#[c0]">&gt;&gt;</a>&nbsp;&nbsp;&nbsp;Power_check
</UL>

<P><STRONG><a name="[d1]"></a>GPIO_StructInit</STRONG> (Thumb, 16 bytes, Stack size 0 bytes, stm32f10x_gpio.o(i.GPIO_StructInit))
<BR><BR>[Called By]<UL><LI><a href="#[6d]">&gt;&gt;</a>&nbsp;&nbsp;&nbsp;SPI_init
</UL>

<P><STRONG><a name="[a5]"></a>GetLockCode</STRONG> (Thumb, 62 bytes, Stack size 8 bytes, loop.o(i.GetLockCode))
<BR><BR>[Stack]<UL><LI>Max Depth = 32<LI>Call Chain = GetLockCode &rArr; __2printf
</UL>
<BR>[Calls]<UL><LI><a href="#[76]">&gt;&gt;</a>&nbsp;&nbsp;&nbsp;__2printf
</UL>
<BR>[Called By]<UL><LI><a href="#[b4]">&gt;&gt;</a>&nbsp;&nbsp;&nbsp;Initialization_configuration
</UL>

<P><STRONG><a name="[2]"></a>HardFault_Handler</STRONG> (Thumb, 4 bytes, Stack size 0 bytes, stm32f10x_it.o(i.HardFault_Handler))
<BR>[Address Reference Count : 1]<UL><LI> startup_stm32f10x_hd.o(RESET)
</UL>
<P><STRONG><a name="[a6]"></a>IINCHIP_CSoff</STRONG> (Thumb, 10 bytes, Stack size 8 bytes, w5500.o(i.IINCHIP_CSoff))
<BR><BR>[Stack]<UL><LI>Max Depth = 16<LI>Call Chain = IINCHIP_CSoff &rArr; WIZ_CS
</UL>
<BR>[Calls]<UL><LI><a href="#[a7]">&gt;&gt;</a>&nbsp;&nbsp;&nbsp;WIZ_CS
</UL>
<BR>[Called By]<UL><LI><a href="#[12b]">&gt;&gt;</a>&nbsp;&nbsp;&nbsp;wiz_write_buf
<LI><a href="#[11a]">&gt;&gt;</a>&nbsp;&nbsp;&nbsp;wiz_read_buf
<LI><a href="#[ac]">&gt;&gt;</a>&nbsp;&nbsp;&nbsp;IINCHIP_WRITE
<LI><a href="#[a9]">&gt;&gt;</a>&nbsp;&nbsp;&nbsp;IINCHIP_READ
</UL>

<P><STRONG><a name="[a8]"></a>IINCHIP_CSon</STRONG> (Thumb, 10 bytes, Stack size 8 bytes, w5500.o(i.IINCHIP_CSon))
<BR><BR>[Stack]<UL><LI>Max Depth = 16<LI>Call Chain = IINCHIP_CSon &rArr; WIZ_CS
</UL>
<BR>[Calls]<UL><LI><a href="#[a7]">&gt;&gt;</a>&nbsp;&nbsp;&nbsp;WIZ_CS
</UL>
<BR>[Called By]<UL><LI><a href="#[12b]">&gt;&gt;</a>&nbsp;&nbsp;&nbsp;wiz_write_buf
<LI><a href="#[11a]">&gt;&gt;</a>&nbsp;&nbsp;&nbsp;wiz_read_buf
<LI><a href="#[ac]">&gt;&gt;</a>&nbsp;&nbsp;&nbsp;IINCHIP_WRITE
<LI><a href="#[a9]">&gt;&gt;</a>&nbsp;&nbsp;&nbsp;IINCHIP_READ
</UL>

<P><STRONG><a name="[a9]"></a>IINCHIP_READ</STRONG> (Thumb, 50 bytes, Stack size 16 bytes, w5500.o(i.IINCHIP_READ))
<BR><BR>[Stack]<UL><LI>Max Depth = 32<LI>Call Chain = IINCHIP_READ &rArr; IINCHIP_SpiSendData &rArr; SPI2_SendByte
</UL>
<BR>[Calls]<UL><LI><a href="#[aa]">&gt;&gt;</a>&nbsp;&nbsp;&nbsp;IINCHIP_SpiSendData
<LI><a href="#[a8]">&gt;&gt;</a>&nbsp;&nbsp;&nbsp;IINCHIP_CSon
<LI><a href="#[a6]">&gt;&gt;</a>&nbsp;&nbsp;&nbsp;IINCHIP_CSoff
</UL>
<BR>[Called By]<UL><LI><a href="#[78]">&gt;&gt;</a>&nbsp;&nbsp;&nbsp;send
<LI><a href="#[10f]">&gt;&gt;</a>&nbsp;&nbsp;&nbsp;socket
<LI><a href="#[112]">&gt;&gt;</a>&nbsp;&nbsp;&nbsp;sendto
<LI><a href="#[125]">&gt;&gt;</a>&nbsp;&nbsp;&nbsp;recvfrom
<LI><a href="#[7a]">&gt;&gt;</a>&nbsp;&nbsp;&nbsp;recv
<LI><a href="#[115]">&gt;&gt;</a>&nbsp;&nbsp;&nbsp;connect
<LI><a href="#[114]">&gt;&gt;</a>&nbsp;&nbsp;&nbsp;close
<LI><a href="#[128]">&gt;&gt;</a>&nbsp;&nbsp;&nbsp;send_data_processing
<LI><a href="#[126]">&gt;&gt;</a>&nbsp;&nbsp;&nbsp;recv_data_processing
<LI><a href="#[11e]">&gt;&gt;</a>&nbsp;&nbsp;&nbsp;getSn_TX_FSR
<LI><a href="#[10d]">&gt;&gt;</a>&nbsp;&nbsp;&nbsp;getSn_SR
<LI><a href="#[79]">&gt;&gt;</a>&nbsp;&nbsp;&nbsp;getSn_RX_RSR
<LI><a href="#[116]">&gt;&gt;</a>&nbsp;&nbsp;&nbsp;getSn_IR
<LI><a href="#[11b]">&gt;&gt;</a>&nbsp;&nbsp;&nbsp;getPHYStatus
</UL>

<P><STRONG><a name="[aa]"></a>IINCHIP_SpiSendData</STRONG> (Thumb, 12 bytes, Stack size 8 bytes, w5500.o(i.IINCHIP_SpiSendData))
<BR><BR>[Stack]<UL><LI>Max Depth = 16<LI>Call Chain = IINCHIP_SpiSendData &rArr; SPI2_SendByte
</UL>
<BR>[Calls]<UL><LI><a href="#[ab]">&gt;&gt;</a>&nbsp;&nbsp;&nbsp;SPI2_SendByte
</UL>
<BR>[Called By]<UL><LI><a href="#[12b]">&gt;&gt;</a>&nbsp;&nbsp;&nbsp;wiz_write_buf
<LI><a href="#[11a]">&gt;&gt;</a>&nbsp;&nbsp;&nbsp;wiz_read_buf
<LI><a href="#[ac]">&gt;&gt;</a>&nbsp;&nbsp;&nbsp;IINCHIP_WRITE
<LI><a href="#[a9]">&gt;&gt;</a>&nbsp;&nbsp;&nbsp;IINCHIP_READ
</UL>

<P><STRONG><a name="[ac]"></a>IINCHIP_WRITE</STRONG> (Thumb, 50 bytes, Stack size 16 bytes, w5500.o(i.IINCHIP_WRITE))
<BR><BR>[Stack]<UL><LI>Max Depth = 32<LI>Call Chain = IINCHIP_WRITE &rArr; IINCHIP_SpiSendData &rArr; SPI2_SendByte
</UL>
<BR>[Calls]<UL><LI><a href="#[aa]">&gt;&gt;</a>&nbsp;&nbsp;&nbsp;IINCHIP_SpiSendData
<LI><a href="#[a8]">&gt;&gt;</a>&nbsp;&nbsp;&nbsp;IINCHIP_CSon
<LI><a href="#[a6]">&gt;&gt;</a>&nbsp;&nbsp;&nbsp;IINCHIP_CSoff
</UL>
<BR>[Called By]<UL><LI><a href="#[c6]">&gt;&gt;</a>&nbsp;&nbsp;&nbsp;sysinit
<LI><a href="#[78]">&gt;&gt;</a>&nbsp;&nbsp;&nbsp;send
<LI><a href="#[117]">&gt;&gt;</a>&nbsp;&nbsp;&nbsp;setKPALVTR
<LI><a href="#[10f]">&gt;&gt;</a>&nbsp;&nbsp;&nbsp;socket
<LI><a href="#[112]">&gt;&gt;</a>&nbsp;&nbsp;&nbsp;sendto
<LI><a href="#[125]">&gt;&gt;</a>&nbsp;&nbsp;&nbsp;recvfrom
<LI><a href="#[7a]">&gt;&gt;</a>&nbsp;&nbsp;&nbsp;recv
<LI><a href="#[115]">&gt;&gt;</a>&nbsp;&nbsp;&nbsp;connect
<LI><a href="#[114]">&gt;&gt;</a>&nbsp;&nbsp;&nbsp;close
<LI><a href="#[118]">&gt;&gt;</a>&nbsp;&nbsp;&nbsp;setSn_IR
<LI><a href="#[128]">&gt;&gt;</a>&nbsp;&nbsp;&nbsp;send_data_processing
<LI><a href="#[126]">&gt;&gt;</a>&nbsp;&nbsp;&nbsp;recv_data_processing
</UL>

<P><STRONG><a name="[b3]"></a>IWDG_Enable</STRONG> (Thumb, 10 bytes, Stack size 0 bytes, stm32f10x_iwdg.o(i.IWDG_Enable))
<BR><BR>[Called By]<UL><LI><a href="#[af]">&gt;&gt;</a>&nbsp;&nbsp;&nbsp;IWDG_Init
</UL>

<P><STRONG><a name="[ad]"></a>IWDG_Feed</STRONG> (Thumb, 8 bytes, Stack size 8 bytes, iwdg.o(i.IWDG_Feed))
<BR><BR>[Stack]<UL><LI>Max Depth = 8<LI>Call Chain = IWDG_Feed
</UL>
<BR>[Calls]<UL><LI><a href="#[ae]">&gt;&gt;</a>&nbsp;&nbsp;&nbsp;IWDG_ReloadCounter
</UL>
<BR>[Called By]<UL><LI><a href="#[ef]">&gt;&gt;</a>&nbsp;&nbsp;&nbsp;application
<LI><a href="#[c2]">&gt;&gt;</a>&nbsp;&nbsp;&nbsp;w5500_check
</UL>

<P><STRONG><a name="[af]"></a>IWDG_Init</STRONG> (Thumb, 36 bytes, Stack size 16 bytes, iwdg.o(i.IWDG_Init))
<BR><BR>[Stack]<UL><LI>Max Depth = 16<LI>Call Chain = IWDG_Init
</UL>
<BR>[Calls]<UL><LI><a href="#[b0]">&gt;&gt;</a>&nbsp;&nbsp;&nbsp;IWDG_WriteAccessCmd
<LI><a href="#[b2]">&gt;&gt;</a>&nbsp;&nbsp;&nbsp;IWDG_SetReload
<LI><a href="#[b1]">&gt;&gt;</a>&nbsp;&nbsp;&nbsp;IWDG_SetPrescaler
<LI><a href="#[ae]">&gt;&gt;</a>&nbsp;&nbsp;&nbsp;IWDG_ReloadCounter
<LI><a href="#[b3]">&gt;&gt;</a>&nbsp;&nbsp;&nbsp;IWDG_Enable
</UL>
<BR>[Called By]<UL><LI><a href="#[b4]">&gt;&gt;</a>&nbsp;&nbsp;&nbsp;Initialization_configuration
</UL>

<P><STRONG><a name="[ae]"></a>IWDG_ReloadCounter</STRONG> (Thumb, 10 bytes, Stack size 0 bytes, stm32f10x_iwdg.o(i.IWDG_ReloadCounter))
<BR><BR>[Called By]<UL><LI><a href="#[af]">&gt;&gt;</a>&nbsp;&nbsp;&nbsp;IWDG_Init
<LI><a href="#[ad]">&gt;&gt;</a>&nbsp;&nbsp;&nbsp;IWDG_Feed
</UL>

<P><STRONG><a name="[b1]"></a>IWDG_SetPrescaler</STRONG> (Thumb, 6 bytes, Stack size 0 bytes, stm32f10x_iwdg.o(i.IWDG_SetPrescaler))
<BR><BR>[Called By]<UL><LI><a href="#[af]">&gt;&gt;</a>&nbsp;&nbsp;&nbsp;IWDG_Init
</UL>

<P><STRONG><a name="[b2]"></a>IWDG_SetReload</STRONG> (Thumb, 6 bytes, Stack size 0 bytes, stm32f10x_iwdg.o(i.IWDG_SetReload))
<BR><BR>[Called By]<UL><LI><a href="#[af]">&gt;&gt;</a>&nbsp;&nbsp;&nbsp;IWDG_Init
</UL>

<P><STRONG><a name="[b0]"></a>IWDG_WriteAccessCmd</STRONG> (Thumb, 6 bytes, Stack size 0 bytes, stm32f10x_iwdg.o(i.IWDG_WriteAccessCmd))
<BR><BR>[Called By]<UL><LI><a href="#[af]">&gt;&gt;</a>&nbsp;&nbsp;&nbsp;IWDG_Init
</UL>

<P><STRONG><a name="[b4]"></a>Initialization_configuration</STRONG> (Thumb, 152 bytes, Stack size 8 bytes, loop.o(i.Initialization_configuration))
<BR><BR>[Stack]<UL><LI>Max Depth = 100<LI>Call Chain = Initialization_configuration &rArr; USART2_Config &rArr; USART_Init &rArr; RCC_GetClocksFreq
</UL>
<BR>[Calls]<UL><LI><a href="#[bb]">&gt;&gt;</a>&nbsp;&nbsp;&nbsp;input_gpio
<LI><a href="#[9a]">&gt;&gt;</a>&nbsp;&nbsp;&nbsp;EXTI_ENABLE
<LI><a href="#[6c]">&gt;&gt;</a>&nbsp;&nbsp;&nbsp;ADXL345_init
<LI><a href="#[be]">&gt;&gt;</a>&nbsp;&nbsp;&nbsp;at24c16_init
<LI><a href="#[a3]">&gt;&gt;</a>&nbsp;&nbsp;&nbsp;GPIO_Configuration
<LI><a href="#[bd]">&gt;&gt;</a>&nbsp;&nbsp;&nbsp;WIZ_SPI_Init
<LI><a href="#[c1]">&gt;&gt;</a>&nbsp;&nbsp;&nbsp;Reset_W5500
<LI><a href="#[6b]">&gt;&gt;</a>&nbsp;&nbsp;&nbsp;delay_ms
<LI><a href="#[ba]">&gt;&gt;</a>&nbsp;&nbsp;&nbsp;TIM4_NVIC_Configuration
<LI><a href="#[b9]">&gt;&gt;</a>&nbsp;&nbsp;&nbsp;TIM4_Configuration
<LI><a href="#[b8]">&gt;&gt;</a>&nbsp;&nbsp;&nbsp;TIM3_NVIC_Configuration
<LI><a href="#[b7]">&gt;&gt;</a>&nbsp;&nbsp;&nbsp;TIM3_Configuration
<LI><a href="#[b6]">&gt;&gt;</a>&nbsp;&nbsp;&nbsp;TIM2_NVIC_Configuration
<LI><a href="#[b5]">&gt;&gt;</a>&nbsp;&nbsp;&nbsp;TIM2_Configuration
<LI><a href="#[c8]">&gt;&gt;</a>&nbsp;&nbsp;&nbsp;TIM_Cmd
<LI><a href="#[c7]">&gt;&gt;</a>&nbsp;&nbsp;&nbsp;RCC_APB1PeriphClockCmd
<LI><a href="#[bc]">&gt;&gt;</a>&nbsp;&nbsp;&nbsp;USART2_NVIC_Configuration
<LI><a href="#[bf]">&gt;&gt;</a>&nbsp;&nbsp;&nbsp;USART2_Config
<LI><a href="#[af]">&gt;&gt;</a>&nbsp;&nbsp;&nbsp;IWDG_Init
<LI><a href="#[c2]">&gt;&gt;</a>&nbsp;&nbsp;&nbsp;w5500_check
<LI><a href="#[c6]">&gt;&gt;</a>&nbsp;&nbsp;&nbsp;sysinit
<LI><a href="#[c3]">&gt;&gt;</a>&nbsp;&nbsp;&nbsp;set_w5500_mac
<LI><a href="#[c4]">&gt;&gt;</a>&nbsp;&nbsp;&nbsp;set_object_ip
<LI><a href="#[c5]">&gt;&gt;</a>&nbsp;&nbsp;&nbsp;read_config
<LI><a href="#[c0]">&gt;&gt;</a>&nbsp;&nbsp;&nbsp;Power_check
<LI><a href="#[a5]">&gt;&gt;</a>&nbsp;&nbsp;&nbsp;GetLockCode
<LI><a href="#[76]">&gt;&gt;</a>&nbsp;&nbsp;&nbsp;__2printf
</UL>
<BR>[Called By]<UL><LI><a href="#[46]">&gt;&gt;</a>&nbsp;&nbsp;&nbsp;main
</UL>

<P><STRONG><a name="[7d]"></a>MQTT_DeleteBuffer</STRONG> (Thumb, 28 bytes, Stack size 8 bytes, mqttkit.o(i.MQTT_DeleteBuffer))
<BR><BR>[Stack]<UL><LI>Max Depth = 16<LI>Call Chain = MQTT_DeleteBuffer &rArr; free
</UL>
<BR>[Calls]<UL><LI><a href="#[91]">&gt;&gt;</a>&nbsp;&nbsp;&nbsp;free
</UL>
<BR>[Called By]<UL><LI><a href="#[92]">&gt;&gt;</a>&nbsp;&nbsp;&nbsp;BD_TG_Subscribe
<LI><a href="#[80]">&gt;&gt;</a>&nbsp;&nbsp;&nbsp;BD_TG_RevPro
<LI><a href="#[7e]">&gt;&gt;</a>&nbsp;&nbsp;&nbsp;BD_TG_Publish
<LI><a href="#[74]">&gt;&gt;</a>&nbsp;&nbsp;&nbsp;BD_TG_DevLink
<LI><a href="#[cd]">&gt;&gt;</a>&nbsp;&nbsp;&nbsp;MQTT_PacketUnSubscribe
<LI><a href="#[93]">&gt;&gt;</a>&nbsp;&nbsp;&nbsp;MQTT_PacketSubscribe
<LI><a href="#[7f]">&gt;&gt;</a>&nbsp;&nbsp;&nbsp;MQTT_PacketPublish
<LI><a href="#[77]">&gt;&gt;</a>&nbsp;&nbsp;&nbsp;MQTT_PacketConnect
</UL>

<P><STRONG><a name="[cc]"></a>MQTT_DumpLength</STRONG> (Thumb, 46 bytes, Stack size 0 bytes, mqttkit.o(i.MQTT_DumpLength))
<BR><BR>[Called By]<UL><LI><a href="#[cd]">&gt;&gt;</a>&nbsp;&nbsp;&nbsp;MQTT_PacketUnSubscribe
<LI><a href="#[93]">&gt;&gt;</a>&nbsp;&nbsp;&nbsp;MQTT_PacketSubscribe
<LI><a href="#[7f]">&gt;&gt;</a>&nbsp;&nbsp;&nbsp;MQTT_PacketPublish
<LI><a href="#[77]">&gt;&gt;</a>&nbsp;&nbsp;&nbsp;MQTT_PacketConnect
</UL>

<P><STRONG><a name="[c9]"></a>MQTT_NewBuffer</STRONG> (Thumb, 88 bytes, Stack size 16 bytes, mqttkit.o(i.MQTT_NewBuffer))
<BR><BR>[Stack]<UL><LI>Max Depth = 36<LI>Call Chain = MQTT_NewBuffer &rArr; malloc
</UL>
<BR>[Calls]<UL><LI><a href="#[ca]">&gt;&gt;</a>&nbsp;&nbsp;&nbsp;malloc
</UL>
<BR>[Called By]<UL><LI><a href="#[cd]">&gt;&gt;</a>&nbsp;&nbsp;&nbsp;MQTT_PacketUnSubscribe
<LI><a href="#[93]">&gt;&gt;</a>&nbsp;&nbsp;&nbsp;MQTT_PacketSubscribe
<LI><a href="#[8a]">&gt;&gt;</a>&nbsp;&nbsp;&nbsp;MQTT_PacketPublishRel
<LI><a href="#[87]">&gt;&gt;</a>&nbsp;&nbsp;&nbsp;MQTT_PacketPublishRec
<LI><a href="#[8c]">&gt;&gt;</a>&nbsp;&nbsp;&nbsp;MQTT_PacketPublishComp
<LI><a href="#[86]">&gt;&gt;</a>&nbsp;&nbsp;&nbsp;MQTT_PacketPublishAck
<LI><a href="#[7f]">&gt;&gt;</a>&nbsp;&nbsp;&nbsp;MQTT_PacketPublish
<LI><a href="#[77]">&gt;&gt;</a>&nbsp;&nbsp;&nbsp;MQTT_PacketConnect
</UL>

<P><STRONG><a name="[82]"></a>MQTT_PacketCmdResp</STRONG> (Thumb, 132 bytes, Stack size 56 bytes, mqttkit.o(i.MQTT_PacketCmdResp))
<BR><BR>[Stack]<UL><LI>Max Depth = 132<LI>Call Chain = MQTT_PacketCmdResp &rArr; MQTT_PacketPublish &rArr; MQTT_NewBuffer &rArr; malloc
</UL>
<BR>[Calls]<UL><LI><a href="#[7f]">&gt;&gt;</a>&nbsp;&nbsp;&nbsp;MQTT_PacketPublish
<LI><a href="#[ca]">&gt;&gt;</a>&nbsp;&nbsp;&nbsp;malloc
<LI><a href="#[91]">&gt;&gt;</a>&nbsp;&nbsp;&nbsp;free
<LI><a href="#[cb]">&gt;&gt;</a>&nbsp;&nbsp;&nbsp;strncat
<LI><a href="#[84]">&gt;&gt;</a>&nbsp;&nbsp;&nbsp;strlen
<LI><a href="#[4e]">&gt;&gt;</a>&nbsp;&nbsp;&nbsp;__aeabi_memclr
</UL>
<BR>[Called By]<UL><LI><a href="#[80]">&gt;&gt;</a>&nbsp;&nbsp;&nbsp;BD_TG_RevPro
</UL>

<P><STRONG><a name="[77]"></a>MQTT_PacketConnect</STRONG> (Thumb, 662 bytes, Stack size 64 bytes, mqttkit.o(i.MQTT_PacketConnect))
<BR><BR>[Stack]<UL><LI>Max Depth = 100<LI>Call Chain = MQTT_PacketConnect &rArr; MQTT_NewBuffer &rArr; malloc
</UL>
<BR>[Calls]<UL><LI><a href="#[c9]">&gt;&gt;</a>&nbsp;&nbsp;&nbsp;MQTT_NewBuffer
<LI><a href="#[cc]">&gt;&gt;</a>&nbsp;&nbsp;&nbsp;MQTT_DumpLength
<LI><a href="#[7d]">&gt;&gt;</a>&nbsp;&nbsp;&nbsp;MQTT_DeleteBuffer
<LI><a href="#[cb]">&gt;&gt;</a>&nbsp;&nbsp;&nbsp;strncat
<LI><a href="#[84]">&gt;&gt;</a>&nbsp;&nbsp;&nbsp;strlen
<LI><a href="#[4e]">&gt;&gt;</a>&nbsp;&nbsp;&nbsp;__aeabi_memclr
</UL>
<BR>[Called By]<UL><LI><a href="#[74]">&gt;&gt;</a>&nbsp;&nbsp;&nbsp;BD_TG_DevLink
</UL>

<P><STRONG><a name="[7f]"></a>MQTT_PacketPublish</STRONG> (Thumb, 310 bytes, Stack size 40 bytes, mqttkit.o(i.MQTT_PacketPublish))
<BR><BR>[Stack]<UL><LI>Max Depth = 76<LI>Call Chain = MQTT_PacketPublish &rArr; MQTT_NewBuffer &rArr; malloc
</UL>
<BR>[Calls]<UL><LI><a href="#[c9]">&gt;&gt;</a>&nbsp;&nbsp;&nbsp;MQTT_NewBuffer
<LI><a href="#[cc]">&gt;&gt;</a>&nbsp;&nbsp;&nbsp;MQTT_DumpLength
<LI><a href="#[7d]">&gt;&gt;</a>&nbsp;&nbsp;&nbsp;MQTT_DeleteBuffer
<LI><a href="#[cb]">&gt;&gt;</a>&nbsp;&nbsp;&nbsp;strncat
<LI><a href="#[4e]">&gt;&gt;</a>&nbsp;&nbsp;&nbsp;__aeabi_memclr
</UL>
<BR>[Called By]<UL><LI><a href="#[7e]">&gt;&gt;</a>&nbsp;&nbsp;&nbsp;BD_TG_Publish
<LI><a href="#[82]">&gt;&gt;</a>&nbsp;&nbsp;&nbsp;MQTT_PacketCmdResp
</UL>

<P><STRONG><a name="[86]"></a>MQTT_PacketPublishAck</STRONG> (Thumb, 72 bytes, Stack size 16 bytes, mqttkit.o(i.MQTT_PacketPublishAck))
<BR><BR>[Stack]<UL><LI>Max Depth = 52<LI>Call Chain = MQTT_PacketPublishAck &rArr; MQTT_NewBuffer &rArr; malloc
</UL>
<BR>[Calls]<UL><LI><a href="#[c9]">&gt;&gt;</a>&nbsp;&nbsp;&nbsp;MQTT_NewBuffer
</UL>
<BR>[Called By]<UL><LI><a href="#[80]">&gt;&gt;</a>&nbsp;&nbsp;&nbsp;BD_TG_RevPro
</UL>

<P><STRONG><a name="[8c]"></a>MQTT_PacketPublishComp</STRONG> (Thumb, 72 bytes, Stack size 16 bytes, mqttkit.o(i.MQTT_PacketPublishComp))
<BR><BR>[Stack]<UL><LI>Max Depth = 52<LI>Call Chain = MQTT_PacketPublishComp &rArr; MQTT_NewBuffer &rArr; malloc
</UL>
<BR>[Calls]<UL><LI><a href="#[c9]">&gt;&gt;</a>&nbsp;&nbsp;&nbsp;MQTT_NewBuffer
</UL>
<BR>[Called By]<UL><LI><a href="#[80]">&gt;&gt;</a>&nbsp;&nbsp;&nbsp;BD_TG_RevPro
</UL>

<P><STRONG><a name="[87]"></a>MQTT_PacketPublishRec</STRONG> (Thumb, 72 bytes, Stack size 16 bytes, mqttkit.o(i.MQTT_PacketPublishRec))
<BR><BR>[Stack]<UL><LI>Max Depth = 52<LI>Call Chain = MQTT_PacketPublishRec &rArr; MQTT_NewBuffer &rArr; malloc
</UL>
<BR>[Calls]<UL><LI><a href="#[c9]">&gt;&gt;</a>&nbsp;&nbsp;&nbsp;MQTT_NewBuffer
</UL>
<BR>[Called By]<UL><LI><a href="#[80]">&gt;&gt;</a>&nbsp;&nbsp;&nbsp;BD_TG_RevPro
</UL>

<P><STRONG><a name="[8a]"></a>MQTT_PacketPublishRel</STRONG> (Thumb, 72 bytes, Stack size 16 bytes, mqttkit.o(i.MQTT_PacketPublishRel))
<BR><BR>[Stack]<UL><LI>Max Depth = 52<LI>Call Chain = MQTT_PacketPublishRel &rArr; MQTT_NewBuffer &rArr; malloc
</UL>
<BR>[Calls]<UL><LI><a href="#[c9]">&gt;&gt;</a>&nbsp;&nbsp;&nbsp;MQTT_NewBuffer
</UL>
<BR>[Called By]<UL><LI><a href="#[80]">&gt;&gt;</a>&nbsp;&nbsp;&nbsp;BD_TG_RevPro
</UL>

<P><STRONG><a name="[93]"></a>MQTT_PacketSubscribe</STRONG> (Thumb, 252 bytes, Stack size 56 bytes, mqttkit.o(i.MQTT_PacketSubscribe))
<BR><BR>[Stack]<UL><LI>Max Depth = 92<LI>Call Chain = MQTT_PacketSubscribe &rArr; MQTT_NewBuffer &rArr; malloc
</UL>
<BR>[Calls]<UL><LI><a href="#[c9]">&gt;&gt;</a>&nbsp;&nbsp;&nbsp;MQTT_NewBuffer
<LI><a href="#[cc]">&gt;&gt;</a>&nbsp;&nbsp;&nbsp;MQTT_DumpLength
<LI><a href="#[7d]">&gt;&gt;</a>&nbsp;&nbsp;&nbsp;MQTT_DeleteBuffer
<LI><a href="#[cb]">&gt;&gt;</a>&nbsp;&nbsp;&nbsp;strncat
<LI><a href="#[84]">&gt;&gt;</a>&nbsp;&nbsp;&nbsp;strlen
</UL>
<BR>[Called By]<UL><LI><a href="#[92]">&gt;&gt;</a>&nbsp;&nbsp;&nbsp;BD_TG_Subscribe
</UL>

<P><STRONG><a name="[cd]"></a>MQTT_PacketUnSubscribe</STRONG> (Thumb, 236 bytes, Stack size 40 bytes, mqttkit.o(i.MQTT_PacketUnSubscribe))
<BR><BR>[Stack]<UL><LI>Max Depth = 76<LI>Call Chain = MQTT_PacketUnSubscribe &rArr; MQTT_NewBuffer &rArr; malloc
</UL>
<BR>[Calls]<UL><LI><a href="#[c9]">&gt;&gt;</a>&nbsp;&nbsp;&nbsp;MQTT_NewBuffer
<LI><a href="#[cc]">&gt;&gt;</a>&nbsp;&nbsp;&nbsp;MQTT_DumpLength
<LI><a href="#[7d]">&gt;&gt;</a>&nbsp;&nbsp;&nbsp;MQTT_DeleteBuffer
<LI><a href="#[cb]">&gt;&gt;</a>&nbsp;&nbsp;&nbsp;strncat
<LI><a href="#[84]">&gt;&gt;</a>&nbsp;&nbsp;&nbsp;strlen
</UL>
<BR>[Called By]<UL><LI><a href="#[d0]">&gt;&gt;</a>&nbsp;&nbsp;&nbsp;MQTT_UnSubscribe
</UL>

<P><STRONG><a name="[ce]"></a>MQTT_ReadLength</STRONG> (Thumb, 70 bytes, Stack size 20 bytes, mqttkit.o(i.MQTT_ReadLength))
<BR><BR>[Stack]<UL><LI>Max Depth = 20<LI>Call Chain = MQTT_ReadLength
</UL>
<BR>[Called By]<UL><LI><a href="#[7b]">&gt;&gt;</a>&nbsp;&nbsp;&nbsp;MQTT_UnPacketRecv
<LI><a href="#[83]">&gt;&gt;</a>&nbsp;&nbsp;&nbsp;MQTT_UnPacketPublish
<LI><a href="#[81]">&gt;&gt;</a>&nbsp;&nbsp;&nbsp;MQTT_UnPacketCmd
</UL>

<P><STRONG><a name="[81]"></a>MQTT_UnPacketCmd</STRONG> (Thumb, 138 bytes, Stack size 32 bytes, mqttkit.o(i.MQTT_UnPacketCmd))
<BR><BR>[Stack]<UL><LI>Max Depth = 52<LI>Call Chain = MQTT_UnPacketCmd &rArr; MQTT_ReadLength
</UL>
<BR>[Calls]<UL><LI><a href="#[ce]">&gt;&gt;</a>&nbsp;&nbsp;&nbsp;MQTT_ReadLength
<LI><a href="#[ca]">&gt;&gt;</a>&nbsp;&nbsp;&nbsp;malloc
<LI><a href="#[91]">&gt;&gt;</a>&nbsp;&nbsp;&nbsp;free
<LI><a href="#[90]">&gt;&gt;</a>&nbsp;&nbsp;&nbsp;strchr
<LI><a href="#[4e]">&gt;&gt;</a>&nbsp;&nbsp;&nbsp;__aeabi_memclr
<LI><a href="#[85]">&gt;&gt;</a>&nbsp;&nbsp;&nbsp;__aeabi_memcpy
</UL>
<BR>[Called By]<UL><LI><a href="#[80]">&gt;&gt;</a>&nbsp;&nbsp;&nbsp;BD_TG_RevPro
</UL>

<P><STRONG><a name="[7c]"></a>MQTT_UnPacketConnectAck</STRONG> (Thumb, 30 bytes, Stack size 0 bytes, mqttkit.o(i.MQTT_UnPacketConnectAck))
<BR><BR>[Called By]<UL><LI><a href="#[74]">&gt;&gt;</a>&nbsp;&nbsp;&nbsp;BD_TG_DevLink
</UL>

<P><STRONG><a name="[83]"></a>MQTT_UnPacketPublish</STRONG> (Thumb, 390 bytes, Stack size 48 bytes, mqttkit.o(i.MQTT_UnPacketPublish))
<BR><BR>[Stack]<UL><LI>Max Depth = 68<LI>Call Chain = MQTT_UnPacketPublish &rArr; MQTT_ReadLength
</UL>
<BR>[Calls]<UL><LI><a href="#[ce]">&gt;&gt;</a>&nbsp;&nbsp;&nbsp;MQTT_ReadLength
<LI><a href="#[ca]">&gt;&gt;</a>&nbsp;&nbsp;&nbsp;malloc
<LI><a href="#[91]">&gt;&gt;</a>&nbsp;&nbsp;&nbsp;free
<LI><a href="#[90]">&gt;&gt;</a>&nbsp;&nbsp;&nbsp;strchr
<LI><a href="#[cf]">&gt;&gt;</a>&nbsp;&nbsp;&nbsp;strstr
<LI><a href="#[4e]">&gt;&gt;</a>&nbsp;&nbsp;&nbsp;__aeabi_memclr
<LI><a href="#[85]">&gt;&gt;</a>&nbsp;&nbsp;&nbsp;__aeabi_memcpy
</UL>
<BR>[Called By]<UL><LI><a href="#[80]">&gt;&gt;</a>&nbsp;&nbsp;&nbsp;BD_TG_RevPro
</UL>

<P><STRONG><a name="[88]"></a>MQTT_UnPacketPublishAck</STRONG> (Thumb, 30 bytes, Stack size 0 bytes, mqttkit.o(i.MQTT_UnPacketPublishAck))
<BR><BR>[Called By]<UL><LI><a href="#[80]">&gt;&gt;</a>&nbsp;&nbsp;&nbsp;BD_TG_RevPro
</UL>

<P><STRONG><a name="[8d]"></a>MQTT_UnPacketPublishComp</STRONG> (Thumb, 30 bytes, Stack size 0 bytes, mqttkit.o(i.MQTT_UnPacketPublishComp))
<BR><BR>[Called By]<UL><LI><a href="#[80]">&gt;&gt;</a>&nbsp;&nbsp;&nbsp;BD_TG_RevPro
</UL>

<P><STRONG><a name="[89]"></a>MQTT_UnPacketPublishRec</STRONG> (Thumb, 30 bytes, Stack size 0 bytes, mqttkit.o(i.MQTT_UnPacketPublishRec))
<BR><BR>[Called By]<UL><LI><a href="#[80]">&gt;&gt;</a>&nbsp;&nbsp;&nbsp;BD_TG_RevPro
</UL>

<P><STRONG><a name="[8b]"></a>MQTT_UnPacketPublishRel</STRONG> (Thumb, 36 bytes, Stack size 0 bytes, mqttkit.o(i.MQTT_UnPacketPublishRel))
<BR><BR>[Called By]<UL><LI><a href="#[80]">&gt;&gt;</a>&nbsp;&nbsp;&nbsp;BD_TG_RevPro
</UL>

<P><STRONG><a name="[7b]"></a>MQTT_UnPacketRecv</STRONG> (Thumb, 106 bytes, Stack size 24 bytes, mqttkit.o(i.MQTT_UnPacketRecv))
<BR><BR>[Stack]<UL><LI>Max Depth = 44<LI>Call Chain = MQTT_UnPacketRecv &rArr; MQTT_ReadLength
</UL>
<BR>[Calls]<UL><LI><a href="#[ce]">&gt;&gt;</a>&nbsp;&nbsp;&nbsp;MQTT_ReadLength
<LI><a href="#[cf]">&gt;&gt;</a>&nbsp;&nbsp;&nbsp;strstr
</UL>
<BR>[Called By]<UL><LI><a href="#[80]">&gt;&gt;</a>&nbsp;&nbsp;&nbsp;BD_TG_RevPro
<LI><a href="#[74]">&gt;&gt;</a>&nbsp;&nbsp;&nbsp;BD_TG_DevLink
</UL>

<P><STRONG><a name="[8e]"></a>MQTT_UnPacketSubscribe</STRONG> (Thumb, 52 bytes, Stack size 0 bytes, mqttkit.o(i.MQTT_UnPacketSubscribe))
<BR><BR>[Called By]<UL><LI><a href="#[80]">&gt;&gt;</a>&nbsp;&nbsp;&nbsp;BD_TG_RevPro
</UL>

<P><STRONG><a name="[8f]"></a>MQTT_UnPacketUnSubscribe</STRONG> (Thumb, 18 bytes, Stack size 0 bytes, mqttkit.o(i.MQTT_UnPacketUnSubscribe))
<BR><BR>[Called By]<UL><LI><a href="#[80]">&gt;&gt;</a>&nbsp;&nbsp;&nbsp;BD_TG_RevPro
</UL>

<P><STRONG><a name="[d0]"></a>MQTT_UnSubscribe</STRONG> (Thumb, 86 bytes, Stack size 32 bytes, bd_tg.o(i.MQTT_UnSubscribe))
<BR><BR>[Stack]<UL><LI>Max Depth = 136<LI>Call Chain = MQTT_UnSubscribe &rArr; send &rArr; send_data_processing &rArr; wiz_write_buf &rArr; __2printf
</UL>
<BR>[Calls]<UL><LI><a href="#[6b]">&gt;&gt;</a>&nbsp;&nbsp;&nbsp;delay_ms
<LI><a href="#[78]">&gt;&gt;</a>&nbsp;&nbsp;&nbsp;send
<LI><a href="#[cd]">&gt;&gt;</a>&nbsp;&nbsp;&nbsp;MQTT_PacketUnSubscribe
<LI><a href="#[7a]">&gt;&gt;</a>&nbsp;&nbsp;&nbsp;recv
<LI><a href="#[79]">&gt;&gt;</a>&nbsp;&nbsp;&nbsp;getSn_RX_RSR
<LI><a href="#[76]">&gt;&gt;</a>&nbsp;&nbsp;&nbsp;__2printf
</UL>
<BR>[Called By]<UL><LI><a href="#[f1]">&gt;&gt;</a>&nbsp;&nbsp;&nbsp;do_tcp_client
</UL>

<P><STRONG><a name="[3]"></a>MemManage_Handler</STRONG> (Thumb, 4 bytes, Stack size 0 bytes, stm32f10x_it.o(i.MemManage_Handler))
<BR>[Address Reference Count : 1]<UL><LI> startup_stm32f10x_hd.o(RESET)
</UL>
<P><STRONG><a name="[1]"></a>NMI_Handler</STRONG> (Thumb, 2 bytes, Stack size 0 bytes, stm32f10x_it.o(i.NMI_Handler))
<BR>[Address Reference Count : 1]<UL><LI> startup_stm32f10x_hd.o(RESET)
</UL>
<P><STRONG><a name="[9f]"></a>NVIC_Init</STRONG> (Thumb, 100 bytes, Stack size 16 bytes, misc.o(i.NVIC_Init))
<BR><BR>[Stack]<UL><LI>Max Depth = 16<LI>Call Chain = NVIC_Init
</UL>
<BR>[Called By]<UL><LI><a href="#[9c]">&gt;&gt;</a>&nbsp;&nbsp;&nbsp;EXTI_PA1_Config
<LI><a href="#[9b]">&gt;&gt;</a>&nbsp;&nbsp;&nbsp;EXTI_PA0_Config
<LI><a href="#[ba]">&gt;&gt;</a>&nbsp;&nbsp;&nbsp;TIM4_NVIC_Configuration
<LI><a href="#[b8]">&gt;&gt;</a>&nbsp;&nbsp;&nbsp;TIM3_NVIC_Configuration
<LI><a href="#[b6]">&gt;&gt;</a>&nbsp;&nbsp;&nbsp;TIM2_NVIC_Configuration
<LI><a href="#[bc]">&gt;&gt;</a>&nbsp;&nbsp;&nbsp;USART2_NVIC_Configuration
</UL>

[...]
</UL>

<P><STRONG><a name="[c5]"></a>read_config</STRONG> (Thumb, 298 bytes, Stack size 8 bytes, loop.o(i.read_config))
<BR><BR>[Stack]<UL><LI>Max Depth = 40<LI>Call Chain = read_config &rArr; at24c16_write &rArr; write_1byte
</UL>
<BR>[Calls]<UL><LI><a href="#[f7]">&gt;&gt;</a>&nbsp;&nbsp;&nbsp;at24c16_write
<LI><a href="#[fe]">&gt;&gt;</a>&nbsp;&nbsp;&nbsp;at24c16_read
</UL>
<BR>[Called By]<UL><LI><a href="#[b4]">&gt;&gt;</a>&nbsp;&nbsp;&nbsp;Initialization_configuration
</UL>

<P><STRONG><a name="[7a]"></a>recv</STRONG> (Thumb, 66 bytes, Stack size 24 bytes, socket.o(i.recv))
<BR><BR>[Stack]<UL><LI>Max Depth = 96<LI>Call Chain = recv &rArr; recv_data_processing &rArr; wiz_read_buf &rArr; __2printf
</UL>
<BR>[Calls]<UL><LI><a href="#[126]">&gt;&gt;</a>&nbsp;&nbsp;&nbsp;recv_data_processing
<LI><a href="#[ac]">&gt;&gt;</a>&nbsp;&nbsp;&nbsp;IINCHIP_WRITE
<LI><a href="#[a9]">&gt;&gt;</a>&nbsp;&nbsp;&nbsp;IINCHIP_READ
</UL>
<BR>[Called By]<UL><LI><a href="#[f1]">&gt;&gt;</a>&nbsp;&nbsp;&nbsp;do_tcp_client
<LI><a href="#[d0]">&gt;&gt;</a>&nbsp;&nbsp;&nbsp;MQTT_UnSubscribe
<LI><a href="#[92]">&gt;&gt;</a>&nbsp;&nbsp;&nbsp;BD_TG_Subscribe
<LI><a href="#[74]">&gt;&gt;</a>&nbsp;&nbsp;&nbsp;BD_TG_DevLink
</UL>

<P><STRONG><a name="[126]"></a>recv_data_processing</STRONG> (Thumb, 116 bytes, Stack size 24 bytes, w5500.o(i.recv_data_processing))
<BR><BR>[Stack]<UL><LI>Max Depth = 72<LI>Call Chain = recv_data_processing &rArr; wiz_read_buf &rArr; __2printf
</UL>
<BR>[Calls]<UL><LI><a href="#[11a]">&gt;&gt;</a>&nbsp;&nbsp;&nbsp;wiz_read_buf
<LI><a href="#[ac]">&gt;&gt;</a>&nbsp;&nbsp;&nbsp;IINCHIP_WRITE
<LI><a href="#[a9]">&gt;&gt;</a>&nbsp;&nbsp;&nbsp;IINCHIP_READ
<LI><a href="#[76]">&gt;&gt;</a>&nbsp;&nbsp;&nbsp;__2printf
</UL>
<BR>[Called By]<UL><LI><a href="#[7a]">&gt;&gt;</a>&nbsp;&nbsp;&nbsp;recv
</UL>

<P><STRONG><a name="[125]"></a>recvfrom</STRONG> (Thumb, 486 bytes, Stack size 48 bytes, socket.o(i.recvfrom))
<BR><BR>[Stack]<UL><LI>Max Depth = 96<LI>Call Chain = recvfrom &rArr; wiz_read_buf &rArr; __2printf
</UL>
<BR>[Calls]<UL><LI><a href="#[11a]">&gt;&gt;</a>&nbsp;&nbsp;&nbsp;wiz_read_buf
<LI><a href="#[ac]">&gt;&gt;</a>&nbsp;&nbsp;&nbsp;IINCHIP_WRITE
<LI><a href="#[a9]">&gt;&gt;</a>&nbsp;&nbsp;&nbsp;IINCHIP_READ
<LI><a href="#[76]">&gt;&gt;</a>&nbsp;&nbsp;&nbsp;__2printf
</UL>
<BR>[Called By]<UL><LI><a href="#[10e]">&gt;&gt;</a>&nbsp;&nbsp;&nbsp;parseDHCPMSG
</UL>

<P><STRONG><a name="[10c]"></a>reset_DHCP_time</STRONG> (Thumb, 28 bytes, Stack size 0 bytes, dhcp.o(i.reset_DHCP_time))
<BR><BR>[Called By]<UL><LI><a href="#[108]">&gt;&gt;</a>&nbsp;&nbsp;&nbsp;check_DHCP_state
<LI><a href="#[109]">&gt;&gt;</a>&nbsp;&nbsp;&nbsp;check_DHCP_Timeout
</UL>

<P><STRONG><a name="[78]"></a>send</STRONG> (Thumb, 224 bytes, Stack size 32 bytes, socket.o(i.send))
<BR><BR>[Stack]<UL><LI>Max Depth = 104<LI>Call Chain = send &rArr; send_data_processing &rArr; wiz_write_buf &rArr; __2printf
</UL>
<BR>[Calls]<UL><LI><a href="#[114]">&gt;&gt;</a>&nbsp;&nbsp;&nbsp;close
<LI><a href="#[128]">&gt;&gt;</a>&nbsp;&nbsp;&nbsp;send_data_processing
<LI><a href="#[11e]">&gt;&gt;</a>&nbsp;&nbsp;&nbsp;getSn_TX_FSR
<LI><a href="#[127]">&gt;&gt;</a>&nbsp;&nbsp;&nbsp;getIINCHIP_TxMAX
<LI><a href="#[ac]">&gt;&gt;</a>&nbsp;&nbsp;&nbsp;IINCHIP_WRITE
<LI><a href="#[a9]">&gt;&gt;</a>&nbsp;&nbsp;&nbsp;IINCHIP_READ
<LI><a href="#[76]">&gt;&gt;</a>&nbsp;&nbsp;&nbsp;__2printf
</UL>
<BR>[Called By]<UL><LI><a href="#[ef]">&gt;&gt;</a>&nbsp;&nbsp;&nbsp;application
<LI><a href="#[d0]">&gt;&gt;</a>&nbsp;&nbsp;&nbsp;MQTT_UnSubscribe
<LI><a href="#[92]">&gt;&gt;</a>&nbsp;&nbsp;&nbsp;BD_TG_Subscribe
<LI><a href="#[80]">&gt;&gt;</a>&nbsp;&nbsp;&nbsp;BD_TG_RevPro
<LI><a href="#[7e]">&gt;&gt;</a>&nbsp;&nbsp;&nbsp;BD_TG_Publish
<LI><a href="#[74]">&gt;&gt;</a>&nbsp;&nbsp;&nbsp;BD_TG_DevLink
</UL>

<P><STRONG><a name="[10a]"></a>send_DHCP_DISCOVER</STRONG> (Thumb, 680 bytes, Stack size 32 bytes, dhcp.o(i.send_DHCP_DISCOVER))
<BR><BR>[Stack]<UL><LI>Max Depth = 136<LI>Call Chain = send_DHCP_DISCOVER &rArr; sendto &rArr; send_data_processing &rArr; wiz_write_buf &rArr; __2printf
</UL>
<BR>[Calls]<UL><LI><a href="#[121]">&gt;&gt;</a>&nbsp;&nbsp;&nbsp;htons
<LI><a href="#[11f]">&gt;&gt;</a>&nbsp;&nbsp;&nbsp;htonl
<LI><a href="#[112]">&gt;&gt;</a>&nbsp;&nbsp;&nbsp;sendto
<LI><a href="#[75]">&gt;&gt;</a>&nbsp;&nbsp;&nbsp;__2sprintf
<LI><a href="#[12a]">&gt;&gt;</a>&nbsp;&nbsp;&nbsp;strcpy
<LI><a href="#[84]">&gt;&gt;</a>&nbsp;&nbsp;&nbsp;strlen
<LI><a href="#[129]">&gt;&gt;</a>&nbsp;&nbsp;&nbsp;__aeabi_memclr4
</UL>
<BR>[Called By]<UL><LI><a href="#[108]">&gt;&gt;</a>&nbsp;&nbsp;&nbsp;check_DHCP_state
<LI><a href="#[109]">&gt;&gt;</a>&nbsp;&nbsp;&nbsp;check_DHCP_Timeout
</UL>

<P><STRONG><a name="[113]"></a>send_DHCP_RELEASE_DECLINE</STRONG> (Thumb, 648 bytes, Stack size 24 bytes, dhcp.o(i.send_DHCP_RELEASE_DECLINE))
<BR><BR>[Stack]<UL><LI>Max Depth = 128<LI>Call Chain = send_DHCP_RELEASE_DECLINE &rArr; sendto &rArr; send_data_processing &rArr; wiz_write_buf &rArr; __2printf
</UL>
<BR>[Calls]<UL><LI><a href="#[121]">&gt;&gt;</a>&nbsp;&nbsp;&nbsp;htons
<LI><a href="#[11f]">&gt;&gt;</a>&nbsp;&nbsp;&nbsp;htonl
<LI><a href="#[112]">&gt;&gt;</a>&nbsp;&nbsp;&nbsp;sendto
<LI><a href="#[129]">&gt;&gt;</a>&nbsp;&nbsp;&nbsp;__aeabi_memclr4
<LI><a href="#[4f]">&gt;&gt;</a>&nbsp;&nbsp;&nbsp;__aeabi_memset
</UL>
<BR>[Called By]<UL><LI><a href="#[110]">&gt;&gt;</a>&nbsp;&nbsp;&nbsp;check_leasedIP
</UL>

<P><STRONG><a name="[10b]"></a>send_DHCP_REQUEST</STRONG> (Thumb, 956 bytes, Stack size 32 bytes, dhcp.o(i.send_DHCP_REQUEST))
<BR><BR>[Stack]<UL><LI>Max Depth = 136<LI>Call Chain = send_DHCP_REQUEST &rArr; sendto &rArr; send_data_processing &rArr; wiz_write_buf &rArr; __2printf
</UL>
<BR>[Calls]<UL><LI><a href="#[121]">&gt;&gt;</a>&nbsp;&nbsp;&nbsp;htons
<LI><a href="#[11f]">&gt;&gt;</a>&nbsp;&nbsp;&nbsp;htonl
<LI><a href="#[112]">&gt;&gt;</a>&nbsp;&nbsp;&nbsp;sendto
<LI><a href="#[75]">&gt;&gt;</a>&nbsp;&nbsp;&nbsp;__2sprintf
<LI><a href="#[12a]">&gt;&gt;</a>&nbsp;&nbsp;&nbsp;strcpy
<LI><a href="#[84]">&gt;&gt;</a>&nbsp;&nbsp;&nbsp;strlen
<LI><a href="#[129]">&gt;&gt;</a>&nbsp;&nbsp;&nbsp;__aeabi_memclr4
<LI><a href="#[4f]">&gt;&gt;</a>&nbsp;&nbsp;&nbsp;__aeabi_memset
</UL>
<BR>[Called By]<UL><LI><a href="#[108]">&gt;&gt;</a>&nbsp;&nbsp;&nbsp;check_DHCP_state
<LI><a href="#[109]">&gt;&gt;</a>&nbsp;&nbsp;&nbsp;check_DHCP_Timeout
</UL>

<P><STRONG><a name="[128]"></a>send_data_processing</STRONG> (Thumb, 108 bytes, Stack size 24 bytes, w5500.o(i.send_data_processing))
<BR><BR>[Stack]<UL><LI>Max Depth = 72<LI>Call Chain = send_data_processing &rArr; wiz_write_buf &rArr; __2printf
</UL>
<BR>[Calls]<UL><LI><a href="#[12b]">&gt;&gt;</a>&nbsp;&nbsp;&nbsp;wiz_write_buf
<LI><a href="#[ac]">&gt;&gt;</a>&nbsp;&nbsp;&nbsp;IINCHIP_WRITE
<LI><a href="#[a9]">&gt;&gt;</a>&nbsp;&nbsp;&nbsp;IINCHIP_READ
</UL>
<BR>[Called By]<UL><LI><a href="#[78]">&gt;&gt;</a>&nbsp;&nbsp;&nbsp;send
<LI><a href="#[112]">&gt;&gt;</a>&nbsp;&nbsp;&nbsp;sendto
</UL>

<P><STRONG><a name="[112]"></a>sendto</STRONG> (Thumb, 268 bytes, Stack size 32 bytes, socket.o(i.sendto))
<BR><BR>[Stack]<UL><LI>Max Depth = 104<LI>Call Chain = sendto &rArr; send_data_processing &rArr; wiz_write_buf &rArr; __2printf
</UL>
<BR>[Calls]<UL><LI><a href="#[128]">&gt;&gt;</a>&nbsp;&nbsp;&nbsp;send_data_processing
<LI><a href="#[127]">&gt;&gt;</a>&nbsp;&nbsp;&nbsp;getIINCHIP_TxMAX
<LI><a href="#[ac]">&gt;&gt;</a>&nbsp;&nbsp;&nbsp;IINCHIP_WRITE
<LI><a href="#[a9]">&gt;&gt;</a>&nbsp;&nbsp;&nbsp;IINCHIP_READ
</UL>
<BR>[Called By]<UL><LI><a href="#[10b]">&gt;&gt;</a>&nbsp;&nbsp;&nbsp;send_DHCP_REQUEST
<LI><a href="#[113]">&gt;&gt;</a>&nbsp;&nbsp;&nbsp;send_DHCP_RELEASE_DECLINE
<LI><a href="#[10a]">&gt;&gt;</a>&nbsp;&nbsp;&nbsp;send_DHCP_DISCOVER
<LI><a href="#[110]">&gt;&gt;</a>&nbsp;&nbsp;&nbsp;check_leasedIP
</UL>

<P><STRONG><a name="[12c]"></a>setGAR</STRONG> (Thumb, 16 bytes, Stack size 8 bytes, w5500.o(i.setGAR))
<BR><BR>[Stack]<UL><LI>Max Depth = 56<LI>Call Chain = setGAR &rArr; wiz_write_buf &rArr; __2printf
</UL>
<BR>[Calls]<UL><LI><a href="#[12b]">&gt;&gt;</a>&nbsp;&nbsp;&nbsp;wiz_write_buf
</UL>
<BR>[Called By]<UL><LI><a href="#[f2]">&gt;&gt;</a>&nbsp;&nbsp;&nbsp;set_w5500_ip
</UL>

<P><STRONG><a name="[117]"></a>setKPALVTR</STRONG> (Thumb, 22 bytes, Stack size 16 bytes, tcp_demo.o(i.setKPALVTR))
<BR><BR>[Stack]<UL><LI>Max Depth = 48<LI>Call Chain = setKPALVTR &rArr; IINCHIP_WRITE &rArr; IINCHIP_SpiSendData &rArr; SPI2_SendByte
</UL>
<BR>[Calls]<UL><LI><a href="#[ac]">&gt;&gt;</a>&nbsp;&nbsp;&nbsp;IINCHIP_WRITE
</UL>
<BR>[Called By]<UL><LI><a href="#[f1]">&gt;&gt;</a>&nbsp;&nbsp;&nbsp;do_tcp_client
</UL>

<P><STRONG><a name="[12d]"></a>setSHAR</STRONG> (Thumb, 18 bytes, Stack size 8 bytes, w5500.o(i.setSHAR))
<BR><BR>[Stack]<UL><LI>Max Depth = 56<LI>Call Chain = setSHAR &rArr; wiz_write_buf &rArr; __2printf
</UL>
<BR>[Calls]<UL><LI><a href="#[12b]">&gt;&gt;</a>&nbsp;&nbsp;&nbsp;wiz_write_buf
</UL>
<BR>[Called By]<UL><LI><a href="#[c3]">&gt;&gt;</a>&nbsp;&nbsp;&nbsp;set_w5500_mac
</UL>

<P><STRONG><a name="[12e]"></a>setSIPR</STRONG> (Thumb, 18 bytes, Stack size 8 bytes, w5500.o(i.setSIPR))
<BR><BR>[Stack]<UL><LI>Max Depth = 56<LI>Call Chain = setSIPR &rArr; wiz_write_buf &rArr; __2printf
</UL>
<BR>[Calls]<UL><LI><a href="#[12b]">&gt;&gt;</a>&nbsp;&nbsp;&nbsp;wiz_write_buf
</UL>
<BR>[Called By]<UL><LI><a href="#[f2]">&gt;&gt;</a>&nbsp;&nbsp;&nbsp;set_w5500_ip
</UL>

<P><STRONG><a name="[12f]"></a>setSUBR</STRONG> (Thumb, 18 bytes, Stack size 8 bytes, w5500.o(i.setSUBR))
<BR><BR>[Stack]<UL><LI>Max Depth = 56<LI>Call Chain = setSUBR &rArr; wiz_write_buf &rArr; __2printf
</UL>
<BR>[Calls]<UL><LI><a href="#[12b]">&gt;&gt;</a>&nbsp;&nbsp;&nbsp;wiz_write_buf
</UL>
<BR>[Called By]<UL><LI><a href="#[f2]">&gt;&gt;</a>&nbsp;&nbsp;&nbsp;set_w5500_ip
</UL>

<P><STRONG><a name="[118]"></a>setSn_IR</STRONG> (Thumb, 22 bytes, Stack size 16 bytes, w5500.o(i.setSn_IR))
<BR><BR>[Stack]<UL><LI>Max Depth = 48<LI>Call Chain = setSn_IR &rArr; IINCHIP_WRITE &rArr; IINCHIP_SpiSendData &rArr; SPI2_SendByte
</UL>
<BR>[Calls]<UL><LI><a href="#[ac]">&gt;&gt;</a>&nbsp;&nbsp;&nbsp;IINCHIP_WRITE
</UL>
<BR>[Called By]<UL><LI><a href="#[f1]">&gt;&gt;</a>&nbsp;&nbsp;&nbsp;do_tcp_client
</UL>

<P><STRONG><a name="[c4]"></a>set_object_ip</STRONG> (Thumb, 136 bytes, Stack size 8 bytes, tcp_demo.o(i.set_object_ip))
<BR><BR>[Stack]<UL><LI>Max Depth = 40<LI>Call Chain = set_object_ip &rArr; at24c16_write &rArr; write_1byte
</UL>
<BR>[Calls]<UL><LI><a href="#[f7]">&gt;&gt;</a>&nbsp;&nbsp;&nbsp;at24c16_write
<LI><a href="#[fe]">&gt;&gt;</a>&nbsp;&nbsp;&nbsp;at24c16_read
<LI><a href="#[76]">&gt;&gt;</a>&nbsp;&nbsp;&nbsp;__2printf
</UL>
<BR>[Called By]<UL><LI><a href="#[b4]">&gt;&gt;</a>&nbsp;&nbsp;&nbsp;Initialization_configuration
</UL>

<P><STRONG><a name="[f2]"></a>set_w5500_ip</STRONG> (Thumb, 350 bytes, Stack size 8 bytes, w5500_config.o(i.set_w5500_ip))
<BR><BR>[Stack]<UL><LI>Max Depth = 64<LI>Call Chain = set_w5500_ip &rArr; setSUBR &rArr; wiz_write_buf &rArr; __2printf
</UL>
<BR>[Calls]<UL><LI><a href="#[f7]">&gt;&gt;</a>&nbsp;&nbsp;&nbsp;at24c16_write
<LI><a href="#[fe]">&gt;&gt;</a>&nbsp;&nbsp;&nbsp;at24c16_read
<LI><a href="#[12f]">&gt;&gt;</a>&nbsp;&nbsp;&nbsp;setSUBR
<LI><a href="#[12e]">&gt;&gt;</a>&nbsp;&nbsp;&nbsp;setSIPR
<LI><a href="#[12c]">&gt;&gt;</a>&nbsp;&nbsp;&nbsp;setGAR
<LI><a href="#[11d]">&gt;&gt;</a>&nbsp;&nbsp;&nbsp;getSUBR
<LI><a href="#[11c]">&gt;&gt;</a>&nbsp;&nbsp;&nbsp;getSIPR
<LI><a href="#[119]">&gt;&gt;</a>&nbsp;&nbsp;&nbsp;getGAR
<LI><a href="#[76]">&gt;&gt;</a>&nbsp;&nbsp;&nbsp;__2printf
</UL>
<BR>[Called By]<UL><LI><a href="#[ef]">&gt;&gt;</a>&nbsp;&nbsp;&nbsp;application
<LI><a href="#[f0]">&gt;&gt;</a>&nbsp;&nbsp;&nbsp;auto_dhcp
</UL>

<P><STRONG><a name="[c3]"></a>set_w5500_mac</STRONG> (Thumb, 250 bytes, Stack size 16 bytes, w5500_config.o(i.set_w5500_mac))
<BR><BR>[Stack]<UL><LI>Max Depth = 72<LI>Call Chain = set_w5500_mac &rArr; setSHAR &rArr; wiz_write_buf &rArr; __2printf
</UL>
<BR>[Calls]<UL><LI><a href="#[f7]">&gt;&gt;</a>&nbsp;&nbsp;&nbsp;at24c16_write
<LI><a href="#[fe]">&gt;&gt;</a>&nbsp;&nbsp;&nbsp;at24c16_read
<LI><a href="#[12d]">&gt;&gt;</a>&nbsp;&nbsp;&nbsp;setSHAR
<LI><a href="#[76]">&gt;&gt;</a>&nbsp;&nbsp;&nbsp;__2printf
</UL>
<BR>[Called By]<UL><LI><a href="#[ef]">&gt;&gt;</a>&nbsp;&nbsp;&nbsp;application
<LI><a href="#[b4]">&gt;&gt;</a>&nbsp;&nbsp;&nbsp;Initialization_configuration
</UL>

<P><STRONG><a name="[10f]"></a>socket</STRONG> (Thumb, 192 bytes, Stack size 24 bytes, socket.o(i.socket))
<BR><BR>[Stack]<UL><LI>Max Depth = 64<LI>Call Chain = socket &rArr; close &rArr; IINCHIP_WRITE &rArr; IINCHIP_SpiSendData &rArr; SPI2_SendByte
</UL>
<BR>[Calls]<UL><LI><a href="#[114]">&gt;&gt;</a>&nbsp;&nbsp;&nbsp;close
<LI><a href="#[ac]">&gt;&gt;</a>&nbsp;&nbsp;&nbsp;IINCHIP_WRITE
<LI><a href="#[a9]">&gt;&gt;</a>&nbsp;&nbsp;&nbsp;IINCHIP_READ
</UL>
<BR>[Called By]<UL><LI><a href="#[f1]">&gt;&gt;</a>&nbsp;&nbsp;&nbsp;do_tcp_client
<LI><a href="#[108]">&gt;&gt;</a>&nbsp;&nbsp;&nbsp;check_DHCP_state
</UL>

<P><STRONG><a name="[120]"></a>swapl</STRONG> (Thumb, 28 bytes, Stack size 0 bytes, ult.o(i.swapl))
<BR><BR>[Called By]<UL><LI><a href="#[11f]">&gt;&gt;</a>&nbsp;&nbsp;&nbsp;htonl
</UL>

<P><STRONG><a name="[122]"></a>swaps</STRONG> (Thumb, 14 bytes, Stack size 0 bytes, ult.o(i.swaps))
<BR><BR>[Called By]<UL><LI><a href="#[121]">&gt;&gt;</a>&nbsp;&nbsp;&nbsp;htons
</UL>

<P><STRONG><a name="[c6]"></a>sysinit</STRONG> (Thumb, 302 bytes, Stack size 24 bytes, w5500.o(i.sysinit))
<BR><BR>[Stack]<UL><LI>Max Depth = 56<LI>Call Chain = sysinit &rArr; IINCHIP_WRITE &rArr; IINCHIP_SpiSendData &rArr; SPI2_SendByte
</UL>
<BR>[Calls]<UL><LI><a href="#[ac]">&gt;&gt;</a>&nbsp;&nbsp;&nbsp;IINCHIP_WRITE
</UL>
<BR>[Called By]<UL><LI><a href="#[ef]">&gt;&gt;</a>&nbsp;&nbsp;&nbsp;application
<LI><a href="#[b4]">&gt;&gt;</a>&nbsp;&nbsp;&nbsp;Initialization_configuration
</UL>

<P><STRONG><a name="[c2]"></a>w5500_check</STRONG> (Thumb, 102 bytes, Stack size 16 bytes, w5500.o(i.w5500_check))
<BR><BR>[Stack]<UL><LI>Max Depth = 56<LI>Call Chain = w5500_check &rArr; close &rArr; IINCHIP_WRITE &rArr; IINCHIP_SpiSendData &rArr; SPI2_SendByte
</UL>
<BR>[Calls]<UL><LI><a href="#[6b]">&gt;&gt;</a>&nbsp;&nbsp;&nbsp;delay_ms
<LI><a href="#[72]">&gt;&gt;</a>&nbsp;&nbsp;&nbsp;GPIO_SetBits
<LI><a href="#[6f]">&gt;&gt;</a>&nbsp;&nbsp;&nbsp;GPIO_ResetBits
<LI><a href="#[ad]">&gt;&gt;</a>&nbsp;&nbsp;&nbsp;IWDG_Feed
<LI><a href="#[114]">&gt;&gt;</a>&nbsp;&nbsp;&nbsp;close
<LI><a href="#[11b]">&gt;&gt;</a>&nbsp;&nbsp;&nbsp;getPHYStatus
<LI><a href="#[76]">&gt;&gt;</a>&nbsp;&nbsp;&nbsp;__2printf
</UL>
<BR>[Called By]<UL><LI><a href="#[ef]">&gt;&gt;</a>&nbsp;&nbsp;&nbsp;application
<LI><a href="#[b4]">&gt;&gt;</a>&nbsp;&nbsp;&nbsp;Initialization_configuration
</UL>

<P><STRONG><a name="[11a]"></a>wiz_read_buf</STRONG> (Thumb, 78 bytes, Stack size 24 bytes, w5500.o(i.wiz_read_buf))
<BR><BR>[Stack]<UL><LI>Max Depth = 48<LI>Call Chain = wiz_read_buf &rArr; __2printf
</UL>
<BR>[Calls]<UL><LI><a href="#[aa]">&gt;&gt;</a>&nbsp;&nbsp;&nbsp;IINCHIP_SpiSendData
<LI><a href="#[a8]">&gt;&gt;</a>&nbsp;&nbsp;&nbsp;IINCHIP_CSon
<LI><a href="#[a6]">&gt;&gt;</a>&nbsp;&nbsp;&nbsp;IINCHIP_CSoff
<LI><a href="#[76]">&gt;&gt;</a>&nbsp;&nbsp;&nbsp;__2printf
</UL>
<BR>[Called By]<UL><LI><a href="#[125]">&gt;&gt;</a>&nbsp;&nbsp;&nbsp;recvfrom
<LI><a href="#[126]">&gt;&gt;</a>&nbsp;&nbsp;&nbsp;recv_data_processing
<LI><a href="#[11d]">&gt;&gt;</a>&nbsp;&nbsp;&nbsp;getSUBR
<LI><a href="#[11c]">&gt;&gt;</a>&nbsp;&nbsp;&nbsp;getSIPR
<LI><a href="#[119]">&gt;&gt;</a>&nbsp;&nbsp;&nbsp;getGAR
</UL>

<P><STRONG><a name="[12b]"></a>wiz_write_buf</STRONG> (Thumb, 80 bytes, Stack size 24 bytes, w5500.o(i.wiz_write_buf))
<BR><BR>[Stack]<UL><LI>Max Depth = 48<LI>Call Chain = wiz_write_buf &rArr; __2printf
</UL>
<BR>[Calls]<UL><LI><a href="#[aa]">&gt;&gt;</a>&nbsp;&nbsp;&nbsp;IINCHIP_SpiSendData
<LI><a href="#[a8]">&gt;&gt;</a>&nbsp;&nbsp;&nbsp;IINCHIP_CSon
<LI><a href="#[a6]">&gt;&gt;</a>&nbsp;&nbsp;&nbsp;IINCHIP_CSoff
<LI><a href="#[76]">&gt;&gt;</a>&nbsp;&nbsp;&nbsp;__2printf
</UL>
<BR>[Called By]<UL><LI><a href="#[12f]">&gt;&gt;</a>&nbsp;&nbsp;&nbsp;setSUBR
<LI><a href="#[12e]">&gt;&gt;</a>&nbsp;&nbsp;&nbsp;setSIPR
<LI><a href="#[12d]">&gt;&gt;</a>&nbsp;&nbsp;&nbsp;setSHAR
<LI><a href="#[12c]">&gt;&gt;</a>&nbsp;&nbsp;&nbsp;setGAR
<LI><a href="#[128]">&gt;&gt;</a>&nbsp;&nbsp;&nbsp;send_data_processing
</UL>

<P><STRONG><a name="[104]"></a>write_1byte</STRONG> (Thumb, 112 bytes, Stack size 16 bytes, 24c16.o(i.write_1byte))
<BR><BR>[Stack]<UL><LI>Max Depth = 16<LI>Call Chain = write_1byte
</UL>
<BR>[Calls]<UL><LI><a href="#[95]">&gt;&gt;</a>&nbsp;&nbsp;&nbsp;delay_us
<LI><a href="#[72]">&gt;&gt;</a>&nbsp;&nbsp;&nbsp;GPIO_SetBits
<LI><a href="#[6f]">&gt;&gt;</a>&nbsp;&nbsp;&nbsp;GPIO_ResetBits
</UL>
<BR>[Called By]<UL><LI><a href="#[f7]">&gt;&gt;</a>&nbsp;&nbsp;&nbsp;at24c16_write
<LI><a href="#[fe]">&gt;&gt;</a>&nbsp;&nbsp;&nbsp;at24c16_read
</UL>

<P><STRONG><a name="[4b]"></a>floor</STRONG> (ARM, 4 bytes, Stack size unknown bytes, loop.o(.data))
<BR>[Address Reference Count : 2]<UL><LI> loop.o(i.application)
<LI> tcp_demo.o(i.do_tcp_client)
</UL><P>
<H3>
Local Symbols
</H3>
<P><STRONG><a name="[d4]"></a>SetSysClock</STRONG> (Thumb, 8 bytes, Stack size 8 bytes, system_stm32f10x.o(i.SetSysClock))
<BR><BR>[Stack]<UL><LI>Max Depth = 20<LI>Call Chain = SetSysClock &rArr; SetSysClockTo72
</UL>
<BR>[Calls]<UL><LI><a href="#[d5]">&gt;&gt;</a>&nbsp;&nbsp;&nbsp;SetSysClockTo72
</UL>
<BR>[Called By]<UL><LI><a href="#[47]">&gt;&gt;</a>&nbsp;&nbsp;&nbsp;SystemInit
</UL>

<P><STRONG><a name="[d5]"></a>SetSysClockTo72</STRONG> (Thumb, 214 bytes, Stack size 12 bytes, system_stm32f10x.o(i.SetSysClockTo72))
<BR><BR>[Stack]<UL><LI>Max Depth = 12<LI>Call Chain = SetSysClockTo72
</UL>
<BR>[Called By]<UL><LI><a href="#[d4]">&gt;&gt;</a>&nbsp;&nbsp;&nbsp;SetSysClock
</UL>

<P><STRONG><a name="[ea]"></a>_fp_digits</STRONG> (Thumb, 334 bytes, Stack size 56 bytes, printfa.o(i._fp_digits), UNUSED)
<BR><BR>[Calls]<UL><LI><a href="#[54]">&gt;&gt;</a>&nbsp;&nbsp;&nbsp;__aeabi_dmul
<LI><a href="#[5b]">&gt;&gt;</a>&nbsp;&nbsp;&nbsp;__aeabi_uldivmod
<LI><a href="#[65]">&gt;&gt;</a>&nbsp;&nbsp;&nbsp;__aeabi_ddiv
<LI><a href="#[61]">&gt;&gt;</a>&nbsp;&nbsp;&nbsp;__aeabi_dadd
<LI><a href="#[66]">&gt;&gt;</a>&nbsp;&nbsp;&nbsp;__aeabi_d2ulz
<LI><a href="#[eb]">&gt;&gt;</a>&nbsp;&nbsp;&nbsp;__aeabi_cdrcmple
</UL>
<BR>[Called By]<UL><LI><a href="#[e8]">&gt;&gt;</a>&nbsp;&nbsp;&nbsp;_printf_core
</UL>

<P><STRONG><a name="[e8]"></a>_printf_core</STRONG> (Thumb, 1744 bytes, Stack size 136 bytes, printfa.o(i._printf_core), UNUSED)
<BR><BR>[Calls]<UL><LI><a href="#[5b]">&gt;&gt;</a>&nbsp;&nbsp;&nbsp;__aeabi_uldivmod
<LI><a href="#[ee]">&gt;&gt;</a>&nbsp;&nbsp;&nbsp;__aeabi_uidivmod
<LI><a href="#[ec]">&gt;&gt;</a>&nbsp;&nbsp;&nbsp;_printf_pre_padding
<LI><a href="#[ed]">&gt;&gt;</a>&nbsp;&nbsp;&nbsp;_printf_post_padding
<LI><a href="#[ea]">&gt;&gt;</a>&nbsp;&nbsp;&nbsp;_fp_digits
</UL>
<BR>[Called By]<UL><LI><a href="#[e9]">&gt;&gt;</a>&nbsp;&nbsp;&nbsp;__0sprintf
<LI><a href="#[e7]">&gt;&gt;</a>&nbsp;&nbsp;&nbsp;__0printf
</UL>

<P><STRONG><a name="[ed]"></a>_printf_post_padding</STRONG> (Thumb, 36 bytes, Stack size 24 bytes, printfa.o(i._printf_post_padding), UNUSED)
<BR><BR>[Called By]<UL><LI><a href="#[e8]">&gt;&gt;</a>&nbsp;&nbsp;&nbsp;_printf_core
</UL>

<P><STRONG><a name="[ec]"></a>_printf_pre_padding</STRONG> (Thumb, 46 bytes, Stack size 24 bytes, printfa.o(i._printf_pre_padding), UNUSED)
<BR><BR>[Called By]<UL><LI><a href="#[e8]">&gt;&gt;</a>&nbsp;&nbsp;&nbsp;_printf_core
</UL>

<P><STRONG><a name="[4a]"></a>_sputc</STRONG> (Thumb, 10 bytes, Stack size 0 bytes, printfa.o(i._sputc))
<BR><BR>[Called By]<UL><LI><a href="#[e9]">&gt;&gt;</a>&nbsp;&nbsp;&nbsp;__0sprintf
</UL>
<BR>[Address Reference Count : 1]<UL><LI> printfa.o(i.__0sprintf)
</UL><P>
<H3>
Undefined Global Symbols
</H3><HR></body></html>
