<html>
<body>
<pre>
<h1>µVision Build Log</h1>
<h2>Tool Versions:</h2>
IDE-Version: ¦ÌVision V5.18.0.0
Copyright (C) 2016 ARM Ltd and ARM Germany GmbH. All rights reserved.
License Information: hhb hhb, hhb, LIC=TA3WF-6WY52-8WJ2D-8QVN7-YWSZX-NJ2UY
 
Tool Versions:
Toolchain:       MDK-ARM Professional  Version: 5.18
Toolchain Path:  C:\Keil_v5\ARM\ARMCC\Bin
C Compiler:      Armcc.exe V5.06 update 1 (build 61)
Assembler:       Armasm.exe V5.06 update 1 (build 61)
Linker/Locator:  ArmLink.exe V5.06 update 1 (build 61)
Library Manager: ArmAr.exe V5.06 update 1 (build 61)
Hex Converter:   FromElf.exe V5.06 update 1 (build 61)
CPU DLL:         SARMCM3.DLL V5.18
Dialog DLL:      DCM.DLL V1.13.6.0
Target DLL:      Segger\JL2CM3.dll V2.99.18.0
Dialog DLL:      TCM.DLL V1.14.8.0
 
<h2>Project:</h2>
D:\BaiduNetdiskDownload\WORK\ZHDT-JDV1.0\ZHDT_JDV2.0_CODE\Project\ZHDT.uvprojx
Project File Date:  04/24/2019

<h2>Output:</h2>
*** Using Compiler 'V5.06 update 1 (build 61)', folder: 'C:\Keil_v5\ARM\ARMCC\Bin'
Build target 'ZHDT'
compiling 24c16.c...
compiling w5500_config.c...
compiling tcp_demo.c...
compiling LOOP.c...
linking...
..\Output\ZHDT.axf: Warning: L6171W: Code symbol floor defined in non executable section loop.o(.data).
Program Size: Code=32532 RO-data=756 RW-data=732 ZI-data=5716  
Finished: 0 information, 1 warning and 0 error messages.
FromELF: creating hex file...
"..\Output\ZHDT.axf" - 0 Error(s), 1 Warning(s).

<h2>Collection of Component include folders:</h2>
  D:\BaiduNetdiskDownload\WORK\ZHDT-JDV1.0\ZHDT_JDV2.0_CODE\Project\RTE
  C:\Keil_v5\ARM\PACK\Keil\STM32F1xx_DFP\2.0.0\Device\Include

<h2>Collection of Component Files used:</h2>
Build Time Elapsed:  00:00:01
</pre>
</body>
</html>
