Component: ARM Compiler 5.06 update 1 (build 61) Tool: armlink [4d35a8]

==============================================================================

Section Cross References

    startup_stm32f10x_hd.o(RESET) refers to startup_stm32f10x_hd.o(STACK) for __initial_sp
    startup_stm32f10x_hd.o(RESET) refers to startup_stm32f10x_hd.o(.text) for Reset_Handler
    startup_stm32f10x_hd.o(RESET) refers to stm32f10x_it.o(i.NMI_Handler) for NMI_Handler
    startup_stm32f10x_hd.o(RESET) refers to stm32f10x_it.o(i.HardFault_Handler) for HardFault_Handler
    startup_stm32f10x_hd.o(RESET) refers to stm32f10x_it.o(i.MemManage_Handler) for MemManage_Handler
    startup_stm32f10x_hd.o(RESET) refers to stm32f10x_it.o(i.BusFault_Handler) for BusFault_Handler
    startup_stm32f10x_hd.o(RESET) refers to stm32f10x_it.o(i.UsageFault_Handler) for UsageFault_Handler
    startup_stm32f10x_hd.o(RESET) refers to stm32f10x_it.o(i.SVC_Handler) for SVC_Handler
    startup_stm32f10x_hd.o(RESET) refers to stm32f10x_it.o(i.DebugMon_Handler) for DebugMon_Handler
    startup_stm32f10x_hd.o(RESET) refers to stm32f10x_it.o(i.PendSV_Handler) for PendSV_Handler
    startup_stm32f10x_hd.o(RESET) refers to stm32f10x_it.o(i.SysTick_Handler) for SysTick_Handler
    startup_stm32f10x_hd.o(RESET) refers to stm32f10x_it.o(i.EXTI0_IRQHandler) for EXTI0_IRQHandler
    startup_stm32f10x_hd.o(RESET) refers to stm32f10x_it.o(i.EXTI1_IRQHandler) for EXTI1_IRQHandler
    startup_stm32f10x_hd.o(RESET) refers to stm32f10x_it.o(i.TIM2_IRQHandler) for TIM2_IRQHandler
    startup_stm32f10x_hd.o(RESET) refers to stm32f10x_it.o(i.TIM3_IRQHandler) for TIM3_IRQHandler
    startup_stm32f10x_hd.o(RESET) refers to stm32f10x_it.o(i.TIM4_IRQHandler) for TIM4_IRQHandler
    startup_stm32f10x_hd.o(RESET) refers to usart2.o(i.USART2_IRQHandler) for USART2_IRQHandler
    startup_stm32f10x_hd.o(RESET) refers to stm32f10x_it.o(i.EXTI15_10_IRQHandler) for EXTI15_10_IRQHandler
    startup_stm32f10x_hd.o(.text) refers to system_stm32f10x.o(i.SystemInit) for SystemInit
    startup_stm32f10x_hd.o(.text) refers to entry.o(.ARM.Collect$$$$00000000) for __main
    main.o(i.main) refers to delay.o(i.Systick_Init) for Systick_Init
    main.o(i.main) refers to loop.o(i.Initialization_configuration) for Initialization_configuration
    main.o(i.main) refers to loop.o(i.application) for application
    stm32f10x_it.o(i.EXTI0_IRQHandler) refers to stm32f10x_exti.o(i.EXTI_GetITStatus) for EXTI_GetITStatus
    stm32f10x_it.o(i.EXTI0_IRQHandler) refers to stm32f10x_exti.o(i.EXTI_ClearITPendingBit) for EXTI_ClearITPendingBit
    stm32f10x_it.o(i.EXTI0_IRQHandler) refers to stm32f10x_it.o(.data) for battery
    stm32f10x_it.o(i.EXTI0_IRQHandler) refers to loop.o(.data) for battery_status
    stm32f10x_it.o(i.EXTI15_10_IRQHandler) refers to stm32f10x_exti.o(i.EXTI_GetITStatus) for EXTI_GetITStatus
    stm32f10x_it.o(i.EXTI15_10_IRQHandler) refers to stm32f10x_exti.o(i.EXTI_ClearITPendingBit) for EXTI_ClearITPendingBit
    stm32f10x_it.o(i.EXTI15_10_IRQHandler) refers to stm32f10x_gpio.o(i.GPIO_ReadInputDataBit) for GPIO_ReadInputDataBit
    stm32f10x_it.o(i.EXTI15_10_IRQHandler) refers to printfa.o(i.__0printf) for __2printf
    stm32f10x_it.o(i.EXTI15_10_IRQHandler) refers to stm32f10x_it.o(.data) for door
    stm32f10x_it.o(i.EXTI1_IRQHandler) refers to stm32f10x_exti.o(i.EXTI_GetITStatus) for EXTI_GetITStatus
    stm32f10x_it.o(i.EXTI1_IRQHandler) refers to stm32f10x_exti.o(i.EXTI_ClearITPendingBit) for EXTI_ClearITPendingBit
    stm32f10x_it.o(i.EXTI1_IRQHandler) refers to stm32f10x_it.o(.data) for ac
    stm32f10x_it.o(i.EXTI1_IRQHandler) refers to loop.o(.data) for power_status
    stm32f10x_it.o(i.TIM2_IRQHandler) refers to stm32f10x_tim.o(i.TIM_GetITStatus) for TIM_GetITStatus
    stm32f10x_it.o(i.TIM2_IRQHandler) refers to stm32f10x_tim.o(i.TIM_ClearITPendingBit) for TIM_ClearITPendingBit
    stm32f10x_it.o(i.TIM2_IRQHandler) refers to tim2.o(.bss) for t2_count_ms
    stm32f10x_it.o(i.TIM3_IRQHandler) refers to stm32f10x_tim.o(i.TIM_GetITStatus) for TIM_GetITStatus
    stm32f10x_it.o(i.TIM3_IRQHandler) refers to stm32f10x_tim.o(i.TIM_ClearITPendingBit) for TIM_ClearITPendingBit
    stm32f10x_it.o(i.TIM3_IRQHandler) refers to loop.o(i.SoftReset) for SoftReset
    stm32f10x_it.o(i.TIM3_IRQHandler) refers to stm32f10x_it.o(.data) for tim3i
    stm32f10x_it.o(i.TIM4_IRQHandler) refers to stm32f10x_tim.o(i.TIM_GetITStatus) for TIM_GetITStatus
    stm32f10x_it.o(i.TIM4_IRQHandler) refers to stm32f10x_tim.o(i.TIM_ClearITPendingBit) for TIM_ClearITPendingBit
    stm32f10x_it.o(i.TIM4_IRQHandler) refers to input.o(.data) for input1_time
    stm32f10x_it.o(i.TIM4_IRQHandler) refers to tim2.o(.bss) for t4_count_ms
    iwdg.o(i.IWDG_Feed) refers to stm32f10x_iwdg.o(i.IWDG_ReloadCounter) for IWDG_ReloadCounter
    iwdg.o(i.IWDG_Init) refers to stm32f10x_iwdg.o(i.IWDG_WriteAccessCmd) for IWDG_WriteAccessCmd
[...]
    i.socket                                 0x08007c48   Section        0  socket.o(i.socket)
    i.swapl                                  0x08007d0c   Section        0  ult.o(i.swapl)
    i.swaps                                  0x08007d28   Section        0  ult.o(i.swaps)
    i.sysinit                                0x08007d38   Section        0  w5500.o(i.sysinit)
    i.w5500_check                            0x08007e70   Section        0  w5500.o(i.w5500_check)
    i.wiz_read_buf                           0x08007f00   Section        0  w5500.o(i.wiz_read_buf)
    i.wiz_write_buf                          0x08007f68   Section        0  w5500.o(i.wiz_write_buf)
    i.write_1byte                            0x08007fd0   Section        0  24c16.o(i.write_1byte)
    .constdata                               0x08008044   Section      129  ctype_o.o(.constdata)
    .constdata                               0x080080c8   Section        4  ctype_o.o(.constdata)
    table                                    0x080080c8   Data           4  ctype_o.o(.constdata)
    .conststring                             0x080080cc   Section       65  w5500_config.o(.conststring)
    .conststring                             0x08008110   Section        5  dhcp.o(.conststring)
    .conststring                             0x08008118   Section      205  tcp_demo.o(.conststring)
    .data                                    0x20000000   Section       30  stm32f10x_it.o(.data)
    .data                                    0x2000001e   Section        6  usart2.o(.data)
    .data                                    0x20000024   Section        4  delay.o(.data)
    fac_us                                   0x20000024   Data           1  delay.o(.data)
    fac_ms                                   0x20000026   Data           2  delay.o(.data)
    .data                                    0x20000028   Section       12  input.o(.data)
    .data                                    0x20000034   Section      180  loop.o(.data)
    .data                                    0x200000e8   Section       20  stm32f10x_rcc.o(.data)
    APBAHBPrescTable                         0x200000e8   Data          16  stm32f10x_rcc.o(.data)
    ADCPrescTable                            0x200000f8   Data           4  stm32f10x_rcc.o(.data)
    .data                                    0x200000fc   Section        2  socket.o(.data)
    local_port                               0x200000fc   Data           2  socket.o(.data)
    .data                                    0x20000100   Section       57  w5500_config.o(.data)
    .data                                    0x2000013c   Section       68  dhcp.o(.data)
    .data                                    0x20000180   Section      302  bd_tg.o(.data)
    pkt_id                                   0x200002ac   Data           2  bd_tg.o(.data)
    .data                                    0x200002b0   Section       25  tcp_demo.o(.data)
    .data                                    0x200002cc   Section        4  stdout.o(.data)
    .data                                    0x200002d0   Section        4  mvars.o(.data)
    .data                                    0x200002d4   Section        4  mvars.o(.data)
    .data                                    0x200002d8   Section        4  errno.o(.data)
    _errno                                   0x200002d8   Data           4  errno.o(.data)
    .bss                                     0x200002dc   Section       64  usart2.o(.bss)
    .bss                                     0x2000031c   Section      112  tim2.o(.bss)
    .bss                                     0x2000038c   Section      280  loop.o(.bss)
    .bss                                     0x200004a4   Section       32  w5500.o(.bss)
    SSIZE                                    0x200004a4   Data          16  w5500.o(.bss)
    RSIZE                                    0x200004b4   Data          16  w5500.o(.bss)
    .bss                                     0x200004c4   Section       86  w5500_config.o(.bss)
    .bss                                     0x2000051a   Section     1046  dhcp.o(.bss)
    .bss                                     0x20000930   Section      208  bd_tg.o(.bss)
    mqttPacket                               0x200009f0   Data          16  bd_tg.o(.bss)
    .bss                                     0x20000a00   Section     2348  tcp_demo.o(.bss)
    HEAP                                     0x20001330   Section      512  startup_stm32f10x_hd.o(HEAP)
    STACK                                    0x20001530   Section     1024  startup_stm32f10x_hd.o(STACK)

    Global Symbols

    Symbol Name                              Value     Ov Type        Size  Object(Section)

    BuildAttributes$$THM_ISAv4$P$D$K$B$S$PE$A:L22UL41UL21$X:L11$S22US41US21$IEEE1$IW$USESV6$~STKCKD$USESV7$~SHL$OTIME$ROPI$EBA8$MICROLIB$REQ8$PRES8$EABIv2 0x00000000   Number         0  anon$$obj.o ABSOLUTE
    __ARM_use_no_argv                        0x00000000   Number         0  main.o ABSOLUTE
    _printf_a                                0x00000000   Number         0  stubs.o ABSOLUTE
    _printf_c                                0x00000000   Number         0  stubs.o ABSOLUTE
    _printf_charcount                        0x00000000   Number         0  stubs.o ABSOLUTE
    _printf_d                                0x00000000   Number         0  stubs.o ABSOLUTE
    _printf_e                                0x00000000   Number         0  stubs.o ABSOLUTE
    _printf_f                                0x00000000   Number         0  stubs.o ABSOLUTE
    _printf_flags                            0x00000000   Number         0  stubs.o ABSOLUTE
    _printf_fp_dec                           0x00000000   Number         0  stubs.o ABSOLUTE
    _printf_fp_hex                           0x00000000   Number         0  stubs.o ABSOLUTE
    _printf_g                                0x00000000   Number         0  stubs.o ABSOLUTE
    _printf_i                                0x00000000   Number         0  stubs.o ABSOLUTE
    _printf_int_dec                          0x00000000   Number         0  stubs.o ABSOLUTE
    _printf_l                                0x00000000   Number         0  stubs.o ABSOLUTE
    _printf_lc                               0x00000000   Number         0  stubs.o ABSOLUTE
    _printf_ll                               0x00000000   Number         0  stubs.o ABSOLUTE
    _printf_lld                              0x00000000   Number         0  stubs.o ABSOLUTE
    _printf_lli                              0x00000000   Number         0  stubs.o ABSOLUTE
    _printf_llo                              0x00000000   Number         0  stubs.o ABSOLUTE
    _printf_llu                              0x00000000   Number         0  stubs.o ABSOLUTE
    _printf_llx                              0x00000000   Number         0  stubs.o ABSOLUTE
    _printf_longlong_dec                     0x00000000   Number         0  stubs.o ABSOLUTE
    _printf_longlong_hex                     0x00000000   Number         0  stubs.o ABSOLUTE
    _printf_longlong_oct                     0x00000000   Number         0  stubs.o ABSOLUTE
    _printf_ls                               0x00000000   Number         0  stubs.o ABSOLUTE
    _printf_mbtowc                           0x00000000   Number         0  stubs.o ABSOLUTE
    _printf_n                                0x00000000   Number         0  stubs.o ABSOLUTE
    _printf_o                                0x00000000   Number         0  stubs.o ABSOLUTE
    _printf_p                                0x00000000   Number         0  stubs.o ABSOLUTE
    _printf_percent                          0x00000000   Number         0  stubs.o ABSOLUTE
    _printf_pre_padding                      0x00000000   Number         0  stubs.o ABSOLUTE
    _printf_return_value                     0x00000000   Number         0  stubs.o ABSOLUTE
    _printf_s                                0x00000000   Number         0  stubs.o ABSOLUTE
    _printf_sizespec                         0x00000000   Number         0  stubs.o ABSOLUTE
    _printf_str                              0x00000000   Number         0  stubs.o ABSOLUTE
    _printf_truncate_signed                  0x00000000   Number         0  stubs.o ABSOLUTE
    _printf_truncate_unsigned                0x00000000   Number         0  stubs.o ABSOLUTE
    _printf_u                                0x00000000   Number         0  stubs.o ABSOLUTE
    _printf_wc                               0x00000000   Number         0  stubs.o ABSOLUTE
    _printf_wctomb                           0x00000000   Number         0  stubs.o ABSOLUTE
    _printf_widthprec                        0x00000000   Number         0  stubs.o ABSOLUTE
    _printf_x                                0x00000000   Number         0  stubs.o ABSOLUTE
    __cpp_initialize__aeabi_                  - Undefined Weak Reference
    __cxa_finalize                            - Undefined Weak Reference
    _clock_init                               - Undefined Weak Reference
    _microlib_exit                            - Undefined Weak Reference
    __Vectors_Size                           0x00000130   Number         0  startup_stm32f10x_hd.o ABSOLUTE
    __Vectors                                0x08000000   Data           4  startup_stm32f10x_hd.o(RESET)
    __Vectors_End                            0x08000130   Data           0  startup_stm32f10x_hd.o(RESET)
    __main                                   0x08000131   Thumb Code     0  entry.o(.ARM.Collect$$$$00000000)
    _main_stk                                0x08000131   Thumb Code     0  entry2.o(.ARM.Collect$$$$00000001)
    _main_scatterload                        0x08000135   Thumb Code     0  entry5.o(.ARM.Collect$$$$00000004)
    __main_after_scatterload                 0x08000139   Thumb Code     0  entry5.o(.ARM.Collect$$$$00000004)
    _main_clock                              0x08000139   Thumb Code     0  entry7b.o(.ARM.Collect$$$$00000008)
    _main_cpp_init                           0x08000139   Thumb Code     0  entry8b.o(.ARM.Collect$$$$0000000A)
    _main_init                               0x08000139   Thumb Code     0  entry9a.o(.ARM.Collect$$$$0000000B)
    __rt_final_cpp                           0x08000141   Thumb Code     0  entry10a.o(.ARM.Collect$$$$0000000D)
    __rt_final_exit                          0x08000141   Thumb Code     0  entry11a.o(.ARM.Collect$$$$0000000F)
    Reset_Handler                            0x08000145   Thumb Code     8  startup_stm32f10x_hd.o(.text)
    ADC1_2_IRQHandler                        0x0800015f   Thumb Code     0  startup_stm32f10x_hd.o(.text)
    ADC3_IRQHandler                          0x0800015f   Thumb Code     0  startup_stm32f10x_hd.o(.text)
    CAN1_RX1_IRQHandler                      0x0800015f   Thumb Code     0  startup_stm32f10x_hd.o(.text)
    CAN1_SCE_IRQHandler                      0x0800015f   Thumb Code     0  startup_stm32f10x_hd.o(.text)
    DMA1_Channel1_IRQHandler                 0x0800015f   Thumb Code     0  startup_stm32f10x_hd.o(.text)
    DMA1_Channel2_IRQHandler                 0x0800015f   Thumb Code     0  startup_stm32f10x_hd.o(.text)
    DMA1_Channel3_IRQHandler                 0x0800015f   Thumb Code     0  startup_stm32f10x_hd.o(.text)
    DMA1_Channel4_IRQHandler                 0x0800015f   Thumb Code     0  startup_stm32f10x_hd.o(.text)
    DMA1_Channel5_IRQHandler                 0x0800015f   Thumb Code     0  startup_stm32f10x_hd.o(.text)
    DMA1_Channel6_IRQHandler                 0x0800015f   Thumb Code     0  startup_stm32f10x_hd.o(.text)
    DMA1_Channel7_IRQHandler                 0x0800015f   Thumb Code     0  startup_stm32f10x_hd.o(.text)
    DMA2_Channel1_IRQHandler                 0x0800015f   Thumb Code     0  startup_stm32f10x_hd.o(.text)
    DMA2_Channel2_IRQHandler                 0x0800015f   Thumb Code     0  startup_stm32f10x_hd.o(.text)
    DMA2_Channel3_IRQHandler                 0x0800015f   Thumb Code     0  startup_stm32f10x_hd.o(.text)
    DMA2_Channel4_5_IRQHandler               0x0800015f   Thumb Code     0  startup_stm32f10x_hd.o(.text)
    EXTI2_IRQHandler                         0x0800015f   Thumb Code     0  startup_stm32f10x_hd.o(.text)
    EXTI3_IRQHandler                         0x0800015f   Thumb Code     0  startup_stm32f10x_hd.o(.text)
    EXTI4_IRQHandler                         0x0800015f   Thumb Code     0  startup_stm32f10x_hd.o(.text)
    EXTI9_5_IRQHandler                       0x0800015f   Thumb Code     0  startup_stm32f10x_hd.o(.text)
    FLASH_IRQHandler                         0x0800015f   Thumb Code     0  startup_stm32f10x_hd.o(.text)
    FSMC_IRQHandler                          0x0800015f   Thumb Code     0  startup_stm32f10x_hd.o(.text)
    I2C1_ER_IRQHandler                       0x0800015f   Thumb Code     0  startup_stm32f10x_hd.o(.text)
    I2C1_EV_IRQHandler                       0x0800015f   Thumb Code     0  startup_stm32f10x_hd.o(.text)
    I2C2_ER_IRQHandler                       0x0800015f   Thumb Code     0  startup_stm32f10x_hd.o(.text)
    I2C2_EV_IRQHandler                       0x0800015f   Thumb Code     0  startup_stm32f10x_hd.o(.text)
    PVD_IRQHandler                           0x0800015f   Thumb Code     0  startup_stm32f10x_hd.o(.text)
    RCC_IRQHandler                           0x0800015f   Thumb Code     0  startup_stm32f10x_hd.o(.text)
    RTCAlarm_IRQHandler                      0x0800015f   Thumb Code     0  startup_stm32f10x_hd.o(.text)
    RTC_IRQHandler                           0x0800015f   Thumb Code     0  startup_stm32f10x_hd.o(.text)
    SDIO_IRQHandler                          0x0800015f   Thumb Code     0  startup_stm32f10x_hd.o(.text)
    SPI1_IRQHandler                          0x0800015f   Thumb Code     0  startup_stm32f10x_hd.o(.text)
    SPI2_IRQHandler                          0x0800015f   Thumb Code     0  startup_stm32f10x_hd.o(.text)
    SPI3_IRQHandler                          0x0800015f   Thumb Code     0  startup_stm32f10x_hd.o(.text)
    TAMPER_IRQHandler                        0x0800015f   Thumb Code     0  startup_stm32f10x_hd.o(.text)
    TIM1_BRK_IRQHandler                      0x0800015f   Thumb Code     0  startup_stm32f10x_hd.o(.text)
    TIM1_CC_IRQHandler                       0x0800015f   Thumb Code     0  startup_stm32f10x_hd.o(.text)
    TIM1_TRG_COM_IRQHandler                  0x0800015f   Thumb Code     0  startup_stm32f10x_hd.o(.text)
    TIM1_UP_IRQHandler                       0x0800015f   Thumb Code     0  startup_stm32f10x_hd.o(.text)
    TIM5_IRQHandler                          0x0800015f   Thumb Code     0  startup_stm32f10x_hd.o(.text)
    TIM6_IRQHandler                          0x0800015f   Thumb Code     0  startup_stm32f10x_hd.o(.text)
    TIM7_IRQHandler                          0x0800015f   Thumb Code     0  startup_stm32f10x_hd.o(.text)
    TIM8_BRK_IRQHandler                      0x0800015f   Thumb Code     0  startup_stm32f10x_hd.o(.text)
    TIM8_CC_IRQHandler                       0x0800015f   Thumb Code     0  startup_stm32f10x_hd.o(.text)
    TIM8_TRG_COM_IRQHandler                  0x0800015f   Thumb Code     0  startup_stm32f10x_hd.o(.text)
    TIM8_UP_IRQHandler                       0x0800015f   Thumb Code     0  startup_stm32f10x_hd.o(.text)
    UART4_IRQHandler                         0x0800015f   Thumb Code     0  startup_stm32f10x_hd.o(.text)
    UART5_IRQHandler                         0x0800015f   Thumb Code     0  startup_stm32f10x_hd.o(.text)
    USART1_IRQHandler                        0x0800015f   Thumb Code     0  startup_stm32f10x_hd.o(.text)
    USART3_IRQHandler                        0x0800015f   Thumb Code     0  startup_stm32f10x_hd.o(.text)
    USBWakeUp_IRQHandler                     0x0800015f   Thumb Code     0  startup_stm32f10x_hd.o(.text)
    USB_HP_CAN1_TX_IRQHandler                0x0800015f   Thumb Code     0  startup_stm32f10x_hd.o(.text)
    USB_LP_CAN1_RX0_IRQHandler               0x0800015f   Thumb Code     0  startup_stm32f10x_hd.o(.text)
    WWDG_IRQHandler                          0x0800015f   Thumb Code     0  startup_stm32f10x_hd.o(.text)
    __aeabi_memcpy                           0x08000169   Thumb Code    36  memcpya.o(.text)
    __aeabi_memcpy4                          0x08000169   Thumb Code     0  memcpya.o(.text)
    __aeabi_memcpy8                          0x08000169   Thumb Code     0  memcpya.o(.text)
    __aeabi_memset                           0x0800018d   Thumb Code    14  memseta.o(.text)
    __aeabi_memset4                          0x0800018d   Thumb Code     0  memseta.o(.text)
    __aeabi_memset8                          0x0800018d   Thumb Code     0  memseta.o(.text)
    __aeabi_memclr                           0x0800019b   Thumb Code     4  memseta.o(.text)
    __aeabi_memclr4                          0x0800019b   Thumb Code     0  memseta.o(.text)
    __aeabi_memclr8                          0x0800019b   Thumb Code     0  memseta.o(.text)
    _memset$wrapper                          0x0800019f   Thumb Code    18  memseta.o(.text)
    strstr                                   0x080001b1   Thumb Code    36  strstr.o(.text)
    strchr                                   0x080001d5   Thumb Code    20  strchr.o(.text)
    strlen                                   0x080001e9   Thumb Code    14  strlen.o(.text)
    memcmp                                   0x080001f7   Thumb Code    26  memcmp.o(.text)
    strncat                                  0x08000211   Thumb Code    40  strncat.o(.text)
    strcpy                                   0x08000239   Thumb Code    18  strcpy.o(.text)
    atoi                                     0x0800024b   Thumb Code    26  atoi.o(.text)
    __aeabi_dmul                             0x08000265   Thumb Code   228  dmul.o(.text)
    __aeabi_ui2f                             0x08000349   Thumb Code    10  ffltui.o(.text)
    __aeabi_i2d                              0x08000353   Thumb Code    34  dflti.o(.text)
    __aeabi_f2iz                             0x08000375   Thumb Code    50  ffixi.o(.text)
    __aeabi_f2uiz                            0x080003a7   Thumb Code    40  ffixui.o(.text)
    __aeabi_f2d                              0x080003cf   Thumb Code    38  f2d.o(.text)
    __aeabi_d2f                              0x080003f5   Thumb Code    56  d2f.o(.text)
    __aeabi_cfcmpeq                          0x0800042d   Thumb Code     0  cfcmple.o(.text)
    __aeabi_cfcmple                          0x0800042d   Thumb Code    20  cfcmple.o(.text)
    __aeabi_cfrcmple                         0x08000441   Thumb Code    20  cfrcmple.o(.text)
    __aeabi_uidiv                            0x08000455   Thumb Code     0  uidiv.o(.text)
    __aeabi_uidivmod                         0x08000455   Thumb Code    44  uidiv.o(.text)
    __aeabi_uldivmod                         0x08000481   Thumb Code    98  uldiv.o(.text)
    strtol                                   0x080004e3   Thumb Code   112  strtol.o(.text)
    __I$use$fp                               0x08000553   Thumb Code     0  iusefp.o(.text)
    _float_round                             0x08000553   Thumb Code    18  fepilogue.o(.text)
    _float_epilogue                          0x08000565   Thumb Code    92  fepilogue.o(.text)
    _double_round                            0x080005c1   Thumb Code    30  depilogue.o(.text)
    _double_epilogue                         0x080005df   Thumb Code   156  depilogue.o(.text)
    __aeabi_dadd                             0x0800067b   Thumb Code   322  dadd.o(.text)
    __aeabi_dsub                             0x080007bd   Thumb Code     6  dadd.o(.text)
    __aeabi_drsub                            0x080007c3   Thumb Code     6  dadd.o(.text)
    __aeabi_ddiv                             0x080007c9   Thumb Code   222  ddiv.o(.text)
    __aeabi_d2ulz                            0x080008a7   Thumb Code    48  dfixul.o(.text)
    __aeabi_cdrcmple                         0x080008d9   Thumb Code    48  cdrcmple.o(.text)
    __scatterload                            0x08000909   Thumb Code    28  init.o(.text)
    __scatterload_rt2                        0x08000909   Thumb Code     0  init.o(.text)
    __aeabi_llsl                             0x0800092d   Thumb Code    30  llshl.o(.text)
    _ll_shift_l                              0x0800092d   Thumb Code     0  llshl.o(.text)
    __aeabi_llsr                             0x0800094b   Thumb Code    32  llushr.o(.text)
    _ll_ushift_r                             0x0800094b   Thumb Code     0  llushr.o(.text)
    __aeabi_lasr                             0x0800096b   Thumb Code    36  llsshr.o(.text)
    _ll_sshift_r                             0x0800096b   Thumb Code     0  llsshr.o(.text)
    __rt_ctype_table                         0x08000991   Thumb Code     4  ctype_o.o(.text)
    _strtoul                                 0x08000999   Thumb Code   158  _strtoul.o(.text)
    _chval                                   0x08000a37   Thumb Code    28  _chval.o(.text)
    __decompress                             0x08000a53   Thumb Code     0  __dczerorl2.o(.text)
    __decompress1                            0x08000a53   Thumb Code    86  __dczerorl2.o(.text)
    ADXL345_ReadXYZ                          0x08000aa9   Thumb Code   238  adxl345.o(i.ADXL345_ReadXYZ)
    ADXL345_init                             0x08000b9d   Thumb Code   160  adxl345.o(i.ADXL345_init)
    ADXL345_read_byte                        0x08000c3d   Thumb Code    74  adxl345.o(i.ADXL345_read_byte)
    ADXL345_write_byte                       0x08000c91   Thumb Code    68  adxl345.o(i.ADXL345_write_byte)
    BD_TG_DevLink                            0x08000cdd   Thumb Code   236  bd_tg.o(i.BD_TG_DevLink)
    BD_TG_Publish                            0x08000f61   Thumb Code    72  bd_tg.o(i.BD_TG_Publish)
    BD_TG_RevPro                             0x08000fb9   Thumb Code   554  bd_tg.o(i.BD_TG_RevPro)
    BD_TG_Subscribe                          0x08001379   Thumb Code   158  bd_tg.o(i.BD_TG_Subscribe)
    BusFault_Handler                         0x08001489   Thumb Code     4  stm32f10x_it.o(i.BusFault_Handler)
    DHT11_GetValue                           0x0800148d   Thumb Code   146  dht11.o(i.DHT11_GetValue)
    DHT11_ReadData                           0x08001525   Thumb Code    84  dht11.o(i.DHT11_ReadData)
    DebugMon_Handler                         0x0800157d   Thumb Code     2  stm32f10x_it.o(i.DebugMon_Handler)
    EXTI0_IRQHandler                         0x08001581   Thumb Code    38  stm32f10x_it.o(i.EXTI0_IRQHandler)
    EXTI15_10_IRQHandler                     0x080015b5   Thumb Code    46  stm32f10x_it.o(i.EXTI15_10_IRQHandler)
    EXTI1_IRQHandler                         0x080015f9   Thumb Code    38  stm32f10x_it.o(i.EXTI1_IRQHandler)
    EXTI_ClearITPendingBit                   0x0800162d   Thumb Code     6  stm32f10x_exti.o(i.EXTI_ClearITPendingBit)
    EXTI_ENABLE                              0x08001639   Thumb Code    12  exti.o(i.EXTI_ENABLE)
    EXTI_GetITStatus                         0x08001645   Thumb Code    34  stm32f10x_exti.o(i.EXTI_GetITStatus)
    EXTI_Init                                0x0800166d   Thumb Code   142  stm32f10x_exti.o(i.EXTI_Init)
    EXTI_PA0_Config                          0x08001701   Thumb Code   106  exti.o(i.EXTI_PA0_Config)
    EXTI_PA1_Config                          0x08001771   Thumb Code   106  exti.o(i.EXTI_PA1_Config)
    GPIO_Configuration                       0x080017e1   Thumb Code   626  gpio.o(i.GPIO_Configuration)
    GPIO_EXTILineConfig                      0x08001a69   Thumb Code    60  stm32f10x_gpio.o(i.GPIO_EXTILineConfig)
    GPIO_Init                                0x08001aa9   Thumb Code   278  stm32f10x_gpio.o(i.GPIO_Init)
    GPIO_PinRemapConfig                      0x08001bc1   Thumb Code   138  stm32f10x_gpio.o(i.GPIO_PinRemapConfig)
    GPIO_ReadInputDataBit                    0x08001c51   Thumb Code    18  stm32f10x_gpio.o(i.GPIO_ReadInputDataBit)
    GPIO_ResetBits                           0x08001c63   Thumb Code     4  stm32f10x_gpio.o(i.GPIO_ResetBits)
    GPIO_SetBits                             0x08001c67   Thumb Code     4  stm32f10x_gpio.o(i.GPIO_SetBits)
    GPIO_StructInit                          0x08001c6b   Thumb Code    16  stm32f10x_gpio.o(i.GPIO_StructInit)
    GetLockCode                              0x08001c7d   Thumb Code    62  loop.o(i.GetLockCode)
    HardFault_Handler                        0x08001cd9   Thumb Code     4  stm32f10x_it.o(i.HardFault_Handler)
    IINCHIP_CSoff                            0x08001cdd   Thumb Code    10  w5500.o(i.IINCHIP_CSoff)
    IINCHIP_CSon                             0x08001ce7   Thumb Code    10  w5500.o(i.IINCHIP_CSon)
    IINCHIP_READ                             0x08001cf1   Thumb Code    50  w5500.o(i.IINCHIP_READ)
    IINCHIP_SpiSendData                      0x08001d23   Thumb Code    12  w5500.o(i.IINCHIP_SpiSendData)
    IINCHIP_WRITE                            0x08001d2f   Thumb Code    50  w5500.o(i.IINCHIP_WRITE)
    IWDG_Enable                              0x08001d61   Thumb Code    10  stm32f10x_iwdg.o(i.IWDG_Enable)
    IWDG_Feed                                0x08001d71   Thumb Code     8  iwdg.o(i.IWDG_Feed)
    IWDG_Init                                0x08001d79   Thumb Code    36  iwdg.o(i.IWDG_Init)
    IWDG_ReloadCounter                       0x08001d9d   Thumb Code    10  stm32f10x_iwdg.o(i.IWDG_ReloadCounter)
    IWDG_SetPrescaler                        0x08001dad   Thumb Code     6  stm32f10x_iwdg.o(i.IWDG_SetPrescaler)
    IWDG_SetReload                           0x08001db9   Thumb Code     6  stm32f10x_iwdg.o(i.IWDG_SetReload)
    IWDG_WriteAccessCmd                      0x08001dc5   Thumb Code     6  stm32f10x_iwdg.o(i.IWDG_WriteAccessCmd)
    Initialization_configuration             0x08001dd1   Thumb Code   148  loop.o(i.Initialization_configuration)
    MQTT_DeleteBuffer                        0x08001e89   Thumb Code    28  mqttkit.o(i.MQTT_DeleteBuffer)
    MQTT_DumpLength                          0x08001ea5   Thumb Code    46  mqttkit.o(i.MQTT_DumpLength)
    MQTT_NewBuffer                           0x08001ed3   Thumb Code    88  mqttkit.o(i.MQTT_NewBuffer)
    MQTT_PacketCmdResp                       0x08001f2d   Thumb Code   132  mqttkit.o(i.MQTT_PacketCmdResp)
    MQTT_PacketConnect                       0x08001fb9   Thumb Code   662  mqttkit.o(i.MQTT_PacketConnect)
    MQTT_PacketPublish                       0x08002255   Thumb Code   310  mqttkit.o(i.MQTT_PacketPublish)
    MQTT_PacketPublishAck                    0x0800238b   Thumb Code    72  mqttkit.o(i.MQTT_PacketPublishAck)
    MQTT_PacketPublishComp                   0x080023d3   Thumb Code    72  mqttkit.o(i.MQTT_PacketPublishComp)
    MQTT_PacketPublishRec                    0x0800241b   Thumb Code    72  mqttkit.o(i.MQTT_PacketPublishRec)
    MQTT_PacketPublishRel                    0x08002463   Thumb Code    72  mqttkit.o(i.MQTT_PacketPublishRel)
    MQTT_PacketSubscribe                     0x080024ab   Thumb Code   252  mqttkit.o(i.MQTT_PacketSubscribe)
    MQTT_PacketUnSubscribe                   0x080025a7   Thumb Code   236  mqttkit.o(i.MQTT_PacketUnSubscribe)
    MQTT_ReadLength                          0x08002693   Thumb Code    70  mqttkit.o(i.MQTT_ReadLength)
    MQTT_UnPacketCmd                         0x080026d9   Thumb Code   138  mqttkit.o(i.MQTT_UnPacketCmd)
    MQTT_UnPacketConnectAck                  0x08002763   Thumb Code    30  mqttkit.o(i.MQTT_UnPacketConnectAck)
    MQTT_UnPacketPublish                     0x08002781   Thumb Code   390  mqttkit.o(i.MQTT_UnPacketPublish)
    MQTT_UnPacketPublishAck                  0x08002911   Thumb Code    30  mqttkit.o(i.MQTT_UnPacketPublishAck)
    MQTT_UnPacketPublishComp                 0x0800292f   Thumb Code    30  mqttkit.o(i.MQTT_UnPacketPublishComp)
    MQTT_UnPacketPublishRec                  0x0800294d   Thumb Code    30  mqttkit.o(i.MQTT_UnPacketPublishRec)
    MQTT_UnPacketPublishRel                  0x0800296b   Thumb Code    36  mqttkit.o(i.MQTT_UnPacketPublishRel)
    MQTT_UnPacketRecv                        0x08002991   Thumb Code   106  mqttkit.o(i.MQTT_UnPacketRecv)
    MQTT_UnPacketSubscribe                   0x08002a05   Thumb Code    52  mqttkit.o(i.MQTT_UnPacketSubscribe)
    MQTT_UnPacketUnSubscribe                 0x08002a39   Thumb Code    18  mqttkit.o(i.MQTT_UnPacketUnSubscribe)
    MQTT_UnSubscribe                         0x08002a4d   Thumb Code    86  bd_tg.o(i.MQTT_UnSubscribe)
    MemManage_Handler                        0x08002ab9   Thumb Code     4  stm32f10x_it.o(i.MemManage_Handler)
    NMI_Handler                              0x08002abd   Thumb Code     2  stm32f10x_it.o(i.NMI_Handler)
    NVIC_Init                                0x08002ac1   Thumb Code   100  misc.o(i.NVIC_Init)
    NVIC_PriorityGroupConfig                 0x08002b31   Thumb Code    10  misc.o(i.NVIC_PriorityGroupConfig)
    PendSV_Handler                           0x08002b45   Thumb Code     2  stm32f10x_it.o(i.PendSV_Handler)
    Power_check                              0x08002b49   Thumb Code    98  loop.o(i.Power_check)
    RCC_APB1PeriphClockCmd                   0x08002bb9   Thumb Code    26  stm32f10x_rcc.o(i.RCC_APB1PeriphClockCmd)
    RCC_APB1PeriphResetCmd                   0x08002bd9   Thumb Code    26  stm32f10x_rcc.o(i.RCC_APB1PeriphResetCmd)
    RCC_APB2PeriphClockCmd                   0x08002bf9   Thumb Code    26  stm32f10x_rcc.o(i.RCC_APB2PeriphClockCmd)
    RCC_APB2PeriphResetCmd                   0x08002c19   Thumb Code    26  stm32f10x_rcc.o(i.RCC_APB2PeriphResetCmd)
    RCC_GetClocksFreq                        0x08002c39   Thumb Code   192  stm32f10x_rcc.o(i.RCC_GetClocksFreq)
    Reset_W5500                              0x08002d0d   Thumb Code    34  spi2.o(i.Reset_W5500)
    SPI2_SendByte                            0x08002d35   Thumb Code    50  spi2.o(i.SPI2_SendByte)
    SPI_Cmd                                  0x08002d6d   Thumb Code    24  stm32f10x_spi.o(i.SPI_Cmd)
    SPI_I2S_GetFlagStatus                    0x08002d85   Thumb Code    18  stm32f10x_spi.o(i.SPI_I2S_GetFlagStatus)
    SPI_I2S_ReceiveData                      0x08002d97   Thumb Code     6  stm32f10x_spi.o(i.SPI_I2S_ReceiveData)
    SPI_I2S_SendData                         0x08002d9d   Thumb Code     4  stm32f10x_spi.o(i.SPI_I2S_SendData)
    SPI_Init                                 0x08002da1   Thumb Code    60  stm32f10x_spi.o(i.SPI_Init)
    SPI_init                                 0x08002ddd   Thumb Code   168  adxl345.o(i.SPI_init)
    SVC_Handler                              0x08002e91   Thumb Code     2  stm32f10x_it.o(i.SVC_Handler)
    SoftReset                                0x08002f7d   Thumb Code    38  loop.o(i.SoftReset)
    SysTick_Handler                          0x08002fad   Thumb Code     2  stm32f10x_it.o(i.SysTick_Handler)
    SystemInit                               0x08002fb1   Thumb Code    78  system_stm32f10x.o(i.SystemInit)
    Systick_Init                             0x08003011   Thumb Code    56  delay.o(i.Systick_Init)
    TIM2_Configuration                       0x08003051   Thumb Code    82  tim2.o(i.TIM2_Configuration)
    TIM2_IRQHandler                          0x080030a5   Thumb Code    46  stm32f10x_it.o(i.TIM2_IRQHandler)
    TIM2_NVIC_Configuration                  0x080030d9   Thumb Code    42  tim2.o(i.TIM2_NVIC_Configuration)
    TIM3_Configuration                       0x08003105   Thumb Code    78  tim2.o(i.TIM3_Configuration)
    TIM3_IRQHandler                          0x08003159   Thumb Code    72  stm32f10x_it.o(i.TIM3_IRQHandler)
    TIM3_NVIC_Configuration                  0x080031ad   Thumb Code    42  tim2.o(i.TIM3_NVIC_Configuration)
    TIM4_Configuration                       0x080031d9   Thumb Code    78  tim2.o(i.TIM4_Configuration)
    TIM4_IRQHandler                          0x0800322d   Thumb Code   132  stm32f10x_it.o(i.TIM4_IRQHandler)
    TIM4_NVIC_Configuration                  0x080032d1   Thumb Code    42  tim2.o(i.TIM4_NVIC_Configuration)
    TIM_ClearFlag                            0x080032fb   Thumb Code     6  stm32f10x_tim.o(i.TIM_ClearFlag)
    TIM_ClearITPendingBit                    0x08003301   Thumb Code     6  stm32f10x_tim.o(i.TIM_ClearITPendingBit)
    TIM_Cmd                                  0x08003307   Thumb Code    24  stm32f10x_tim.o(i.TIM_Cmd)
    TIM_DeInit                               0x08003321   Thumb Code   424  stm32f10x_tim.o(i.TIM_DeInit)
    TIM_GetITStatus                          0x08003509   Thumb Code    34  stm32f10x_tim.o(i.TIM_GetITStatus)
    TIM_ITConfig                             0x0800352b   Thumb Code    18  stm32f10x_tim.o(i.TIM_ITConfig)
    TIM_TimeBaseInit                         0x0800353d   Thumb Code   122  stm32f10x_tim.o(i.TIM_TimeBaseInit)
    USART2_Config                            0x080035e1   Thumb Code   136  usart2.o(i.USART2_Config)
    USART2_IRQHandler                        0x08003671   Thumb Code   440  usart2.o(i.USART2_IRQHandler)
    USART2_NVIC_Configuration                0x08003855   Thumb Code    42  usart2.o(i.USART2_NVIC_Configuration)
    USART_ClearFlag                          0x0800387f   Thumb Code    18  stm32f10x_usart.o(i.USART_ClearFlag)
    USART_Cmd                                0x08003891   Thumb Code    24  stm32f10x_usart.o(i.USART_Cmd)
    USART_GetFlagStatus                      0x080038a9   Thumb Code    26  stm32f10x_usart.o(i.USART_GetFlagStatus)
    USART_GetITStatus                        0x080038c3   Thumb Code    84  stm32f10x_usart.o(i.USART_GetITStatus)
    USART_ITConfig                           0x08003917   Thumb Code    74  stm32f10x_usart.o(i.USART_ITConfig)
    USART_Init                               0x08003961   Thumb Code   210  stm32f10x_usart.o(i.USART_Init)
    USART_ReceiveData                        0x08003a39   Thumb Code    10  stm32f10x_usart.o(i.USART_ReceiveData)
    USART_SendData                           0x08003a43   Thumb Code     8  stm32f10x_usart.o(i.USART_SendData)
    UsageFault_Handler                       0x08003a4b   Thumb Code     4  stm32f10x_it.o(i.UsageFault_Handler)
    WIZ_CS                                   0x08003a51   Thumb Code    32  spi2.o(i.WIZ_CS)
    WIZ_SPI_Init                             0x08003a75   Thumb Code   160  spi2.o(i.WIZ_SPI_Init)
    __0printf                                0x08003b1d   Thumb Code    22  printfa.o(i.__0printf)
    __1printf                                0x08003b1d   Thumb Code     0  printfa.o(i.__0printf)
    __2printf                                0x08003b1d   Thumb Code     0  printfa.o(i.__0printf)
    __c89printf                              0x08003b1d   Thumb Code     0  printfa.o(i.__0printf)
    printf                                   0x08003b1d   Thumb Code     0  printfa.o(i.__0printf)
    __0sprintf                               0x08003b3d   Thumb Code    34  printfa.o(i.__0sprintf)
    __1sprintf                               0x08003b3d   Thumb Code     0  printfa.o(i.__0sprintf)
    __2sprintf                               0x08003b3d   Thumb Code     0  printfa.o(i.__0sprintf)
    __c89sprintf                             0x08003b3d   Thumb Code     0  printfa.o(i.__0sprintf)
    sprintf                                  0x08003b3d   Thumb Code     0  printfa.o(i.__0sprintf)
    __aeabi_errno_addr                       0x08003b65   Thumb Code     4  errno.o(i.__aeabi_errno_addr)
    __rt_errno_addr                          0x08003b65   Thumb Code     0  errno.o(i.__aeabi_errno_addr)
    __scatterload_copy                       0x08003b6d   Thumb Code    14  handlers.o(i.__scatterload_copy)
    __scatterload_null                       0x08003b7b   Thumb Code     2  handlers.o(i.__scatterload_null)
    __scatterload_zeroinit                   0x08003b7d   Thumb Code    14  handlers.o(i.__scatterload_zeroinit)
    application                              0x08004429   Thumb Code  5008  loop.o(i.application)
    at24c16_init                             0x080057c1   Thumb Code    56  24c16.o(i.at24c16_init)
    at24c16_read                             0x080057fd   Thumb Code    70  24c16.o(i.at24c16_read)
    at24c16_start                            0x08005845   Thumb Code    42  24c16.o(i.at24c16_start)
    at24c16_stop                             0x08005875   Thumb Code    34  24c16.o(i.at24c16_stop)
    at24c16_write                            0x0800589d   Thumb Code    80  24c16.o(i.at24c16_write)
    auto_dhcp                                0x080058ed   Thumb Code    92  dhcp.o(i.auto_dhcp)
    check_DHCP_Timeout                       0x080059a9   Thumb Code   110  dhcp.o(i.check_DHCP_Timeout)
    check_DHCP_state                         0x08005a2d   Thumb Code   328  dhcp.o(i.check_DHCP_state)
    check_leasedIP                           0x08005b95   Thumb Code    38  dhcp.o(i.check_leasedIP)
    clock                                    0x08005bd5   Thumb Code    56  24c16.o(i.clock)
    close                                    0x08005c11   Thumb Code    52  socket.o(i.close)
    connect                                  0x08005c45   Thumb Code   248  socket.o(i.connect)
    delay_ms                                 0x08005d3d   Thumb Code    56  delay.o(i.delay_ms)
    delay_us                                 0x08005d79   Thumb Code    56  delay.o(i.delay_us)
    dhcp_config_w5500                        0x08005db5   Thumb Code   136  w5500_config.o(i.dhcp_config_w5500)
    do_tcp_client                            0x08005e9d   Thumb Code   572  tcp_demo.o(i.do_tcp_client)
    erase_eeprom                             0x08006165   Thumb Code    30  24c16.o(i.erase_eeprom)
    fputc                                    0x08006185   Thumb Code    32  usart2.o(i.fputc)
    free                                     0x080061a9   Thumb Code    76  malloc.o(i.free)
    getGAR                                   0x080061f9   Thumb Code    16  w5500.o(i.getGAR)
    getIINCHIP_TxMAX                         0x08006209   Thumb Code    10  w5500.o(i.getIINCHIP_TxMAX)
    getPHYStatus                             0x08006219   Thumb Code    12  w5500.o(i.getPHYStatus)
    getSIPR                                  0x08006225   Thumb Code    18  w5500.o(i.getSIPR)
    getSUBR                                  0x08006237   Thumb Code    18  w5500.o(i.getSUBR)
    getSn_IR                                 0x08006249   Thumb Code    18  w5500.o(i.getSn_IR)
    getSn_RX_RSR                             0x0800625b   Thumb Code    84  w5500.o(i.getSn_RX_RSR)
    getSn_SR                                 0x080062af   Thumb Code    18  w5500.o(i.getSn_SR)
    getSn_TX_FSR                             0x080062c1   Thumb Code    84  w5500.o(i.getSn_TX_FSR)
    htonl                                    0x08006315   Thumb Code    12  ult.o(i.htonl)
    htons                                    0x08006321   Thumb Code    12  ult.o(i.htons)
    input1_status                            0x0800632d   Thumb Code    54  input.o(i.input1_status)
    input2_status                            0x08006375   Thumb Code    54  input.o(i.input2_status)
    input3_status                            0x080063bd   Thumb Code    54  input.o(i.input3_status)
    input4_status                            0x08006405   Thumb Code    52  input.o(i.input4_status)
    input5_status                            0x08006449   Thumb Code    52  input.o(i.input5_status)
    input6_status                            0x0800648d   Thumb Code    52  input.o(i.input6_status)
    input_gpio                               0x080064d1   Thumb Code   172  input.o(i.input_gpio)
    main                                     0x08006589   Thumb Code    18  main.o(i.main)
    malloc                                   0x0800659d   Thumb Code    92  malloc.o(i.malloc)
    ntohl                                    0x08006609   Thumb Code    12  ult.o(i.ntohl)
    parseDHCPMSG                             0x08006615   Thumb Code   326  dhcp.o(i.parseDHCPMSG)
    read_1byte                               0x08006785   Thumb Code   100  24c16.o(i.read_1byte)
    recv                                     0x080067ed   Thumb Code    66  socket.o(i.recv)
    recv_data_processing                     0x08006831   Thumb Code   116  w5500.o(i.recv_data_processing)
    recvfrom                                 0x080068c5   Thumb Code   486  socket.o(i.recvfrom)
    reset_DHCP_time                          0x08006ac5   Thumb Code    28  dhcp.o(i.reset_DHCP_time)
    send                                     0x08006af1   Thumb Code   224  socket.o(i.send)
    send_DHCP_DISCOVER                       0x08006bf5   Thumb Code   680  dhcp.o(i.send_DHCP_DISCOVER)
    send_DHCP_RELEASE_DECLINE                0x08006ec9   Thumb Code   648  dhcp.o(i.send_DHCP_RELEASE_DECLINE)
    send_DHCP_REQUEST                        0x08007165   Thumb Code   956  dhcp.o(i.send_DHCP_REQUEST)
    send_data_processing                     0x08007555   Thumb Code   108  w5500.o(i.send_data_processing)
    sendto                                   0x080075c1   Thumb Code   268  socket.o(i.sendto)
    setGAR                                   0x080076cd   Thumb Code    16  w5500.o(i.setGAR)
    setKPALVTR                               0x080076dd   Thumb Code    22  tcp_demo.o(i.setKPALVTR)
    setSHAR                                  0x080076f3   Thumb Code    18  w5500.o(i.setSHAR)
    setSIPR                                  0x08007705   Thumb Code    18  w5500.o(i.setSIPR)
    setSUBR                                  0x08007717   Thumb Code    18  w5500.o(i.setSUBR)
    setSn_IR                                 0x08007729   Thumb Code    22  w5500.o(i.setSn_IR)
    set_object_ip                            0x08007741   Thumb Code   136  tcp_demo.o(i.set_object_ip)
    set_w5500_ip                             0x0800782d   Thumb Code   350  w5500_config.o(i.set_w5500_ip)
    set_w5500_mac                            0x08007ad1   Thumb Code   250  w5500_config.o(i.set_w5500_mac)
    socket                                   0x08007c49   Thumb Code   192  socket.o(i.socket)
    swapl                                    0x08007d0d   Thumb Code    28  ult.o(i.swapl)
    swaps                                    0x08007d29   Thumb Code    14  ult.o(i.swaps)
    sysinit                                  0x08007d39   Thumb Code   302  w5500.o(i.sysinit)
    w5500_check                              0x08007e71   Thumb Code   102  w5500.o(i.w5500_check)
    wiz_read_buf                             0x08007f01   Thumb Code    78  w5500.o(i.wiz_read_buf)
    wiz_write_buf                            0x08007f69   Thumb Code    80  w5500.o(i.wiz_write_buf)
    write_1byte                              0x08007fd1   Thumb Code   112  24c16.o(i.write_1byte)
    __ctype_table                            0x08008044   Data         129  ctype_o.o(.constdata)
    Region$$Table$$Base                      0x080081e8   Number         0  anon$$obj.o(Region$$Table)
    Region$$Table$$Limit                     0x08008208   Number         0  anon$$obj.o(Region$$Table)
    buflen                                   0x20000000   Data           4  stm32f10x_it.o(.data)
    i                                        0x20000004   Data           4  stm32f10x_it.o(.data)
    j                                        0x20000008   Data           4  stm32f10x_it.o(.data)
    ac                                       0x2000000c   Data           4  stm32f10x_it.o(.data)
    battery                                  0x20000010   Data           4  stm32f10x_it.o(.data)
    tim3i                                    0x20000014   Data           4  stm32f10x_it.o(.data)
    tim3fquence                              0x20000018   Data           4  stm32f10x_it.o(.data)
    acc_on                                   0x2000001c   Data           1  stm32f10x_it.o(.data)
    door                                     0x2000001d   Data           1  stm32f10x_it.o(.data)
    rxd_buffer_locked                        0x2000001e   Data           1  usart2.o(.data)
    usart_flg                                0x2000001f   Data           1  usart2.o(.data)
    ptr_rxd_buffer                           0x20000020   Data           1  usart2.o(.data)
    start                                    0x20000021   Data           1  usart2.o(.data)
    crc                                      0x20000022   Data           1  usart2.o(.data)
    tim3_reset                               0x20000023   Data           1  usart2.o(.data)
    input1_time                              0x20000028   Data           1  input.o(.data)
    input2_time                              0x20000029   Data           1  input.o(.data)
    input3_time                              0x2000002a   Data           1  input.o(.data)
    input4_time                              0x2000002b   Data           1  input.o(.data)
    input5_time                              0x2000002c   Data           1  input.o(.data)
    input6_time                              0x2000002d   Data           1  input.o(.data)
    input1_value                             0x2000002e   Data           1  input.o(.data)
    input2_value                             0x2000002f   Data           1  input.o(.data)
    input3_value                             0x20000030   Data           1  input.o(.data)
    input4_value                             0x20000031   Data           1  input.o(.data)
    input5_value                             0x20000032   Data           1  input.o(.data)
    input6_value                             0x20000033   Data           1  input.o(.data)
    result                                   0x20000034   Data          20  loop.o(.data)
    Lock_Code                                0x20000048   Data           4  loop.o(.data)
    flag                                     0x2000004c   Data           1  loop.o(.data)
    ee_test                                  0x2000004d   Data           1  loop.o(.data)
    read_dht11                               0x2000004e   Data           1  loop.o(.data)
    send_data                                0x2000004f   Data           1  loop.o(.data)
    Disconnect_Request                       0x20000050   Data           2  loop.o(.data)
    domain_ip                                0x20000052   Data           4  loop.o(.data)
    timePUB                                  0x20000058   Data           4  loop.o(.data)
    timeSUB                                  0x2000005c   Data           4  loop.o(.data)
    timePING                                 0x20000060   Data           1  loop.o(.data)
    temp_rh                                  0x20000061   Data           2  loop.o(.data)
    uart2_send_read                          0x20000063   Data           1  loop.o(.data)
    floor                                    0x20000064   ARM Code       4  loop.o(.data)
    uart2_send_write                         0x20000068   Data           1  loop.o(.data)
    noise                                    0x2000006a   Data           2  loop.o(.data)
    noise_status                             0x2000006c   Data           1  loop.o(.data)
    uart_config                              0x2000006d   Data           1  loop.o(.data)
    w5500_connect                            0x20000070   Data           4  loop.o(.data)
    uart_w5500_ip_config                     0x20000074   Data           1  loop.o(.data)
    uart_w5500_mac_config                    0x20000075   Data           1  loop.o(.data)
    uart_w5500_subnet_config                 0x20000076   Data           1  loop.o(.data)
    uart_w5500_gateway_config                0x20000077   Data           1  loop.o(.data)
    uart_w5500_dns_config                    0x20000078   Data           1  loop.o(.data)
    uart_w5500_port_config                   0x20000079   Data           1  loop.o(.data)
    AccelerationX                            0x2000007c   Data           4  loop.o(.data)
    AccelerationY                            0x20000080   Data           4  loop.o(.data)
    AccelerationZ                            0x20000084   Data           4  loop.o(.data)
    work_ACCadd                              0x20000088   Data           1  loop.o(.data)
    work_dht11_status                        0x20000089   Data           1  loop.o(.data)
    work_noise_status                        0x2000008a   Data           1  loop.o(.data)
    work_uart_status                         0x2000008b   Data           1  loop.o(.data)
    work_Acceleration_status                 0x2000008c   Data           1  loop.o(.data)
    disconnet                                0x2000008e   Data           2  loop.o(.data)
    overtime                                 0x20000090   Data           2  loop.o(.data)
    overtime_reset                           0x20000092   Data           1  loop.o(.data)
    test_while                               0x20000093   Data           1  loop.o(.data)
    work_status                              0x20000094   Data           1  loop.o(.data)
    network_status                           0x20000095   Data           1  loop.o(.data)
    led_set_work                             0x20000096   Data           1  loop.o(.data)
    led_set_network                          0x20000097   Data           1  loop.o(.data)
    sum                                      0x20000098   Data           1  loop.o(.data)
    temperature                              0x2000009c   Data           4  loop.o(.data)
    humidity                                 0x200000a0   Data           4  loop.o(.data)
    external_temp1                           0x200000a4   Data           1  loop.o(.data)
    external_temp3                           0x200000a5   Data           1  loop.o(.data)
    external_humi1                           0x200000a6   Data           1  loop.o(.data)
    external_humi3                           0x200000a7   Data           1  loop.o(.data)
    external_vibr1                           0x200000a8   Data           1  loop.o(.data)
    external_vibr3                           0x200000a9   Data           1  loop.o(.data)
    external_noise1                          0x200000aa   Data           1  loop.o(.data)
    external_noise3                          0x200000ab   Data           1  loop.o(.data)
    external_driver                          0x200000ac   Data           1  loop.o(.data)
    external_led1                            0x200000ad   Data           1  loop.o(.data)
    external_led2                            0x200000ae   Data           1  loop.o(.data)
    external_led3                            0x200000af   Data           1  loop.o(.data)
    external_led4                            0x200000b0   Data           1  loop.o(.data)
    external_led_open                        0x200000b1   Data           1  loop.o(.data)
    input1_printf                            0x200000b2   Data           1  loop.o(.data)
    input2_printf                            0x200000b3   Data           1  loop.o(.data)
    input3_printf                            0x200000b4   Data           1  loop.o(.data)
    input4_printf                            0x200000b5   Data           1  loop.o(.data)
    input5_printf                            0x200000b6   Data           1  loop.o(.data)
    input6_printf                            0x200000b7   Data           1  loop.o(.data)
    input2_up                                0x200000b8   Data           1  loop.o(.data)
    input1_up                                0x200000b9   Data           1  loop.o(.data)
    door_not_close                           0x200000ba   Data           1  loop.o(.data)
    door_not_close_printf                    0x200000bb   Data           1  loop.o(.data)
    pingceng                                 0x200000bc   Data           1  loop.o(.data)
    driver_start                             0x200000bd   Data           1  loop.o(.data)
    driver_status                            0x200000be   Data           1  loop.o(.data)
    driver1_status                           0x200000bf   Data           1  loop.o(.data)
    driver2_status                           0x200000c0   Data           1  loop.o(.data)
    rc                                       0x200000c4   Data           4  loop.o(.data)
    test_time                                0x200000c8   Data           4  loop.o(.data)
    test_time1                               0x200000cc   Data           4  loop.o(.data)
    power_status                             0x200000d0   Data           1  loop.o(.data)
    battery_status                           0x200000d1   Data           1  loop.o(.data)
    power_time                               0x200000d2   Data           1  loop.o(.data)
    battery_time                             0x200000d3   Data           1  loop.o(.data)
    domain_name                              0x200000d4   Data          18  loop.o(.data)
    w5500_connect_success                    0x200000e6   Data           1  loop.o(.data)
    W5500_REBOOT                             0x200000e7   Data           1  loop.o(.data)
    mac                                      0x20000100   Data           6  w5500_config.o(.data)
    local_ip                                 0x20000106   Data           4  w5500_config.o(.data)
    subnet                                   0x2000010a   Data           4  w5500_config.o(.data)
    gateway                                  0x2000010e   Data           4  w5500_config.o(.data)
    dns_server                               0x20000112   Data           4  w5500_config.o(.data)
    local_port                               0x20000116   Data           2  w5500_config.o(.data)
    ip_from                                  0x20000118   Data           1  w5500_config.o(.data)
    BD_TG_ping_time                          0x2000011c   Data           4  w5500_config.o(.data)
    dhcp_ok                                  0x20000120   Data           1  w5500_config.o(.data)
    ms                                       0x20000124   Data           4  w5500_config.o(.data)
    ntptimer                                 0x20000128   Data           1  w5500_config.o(.data)
    txsize                                   0x20000129   Data           8  w5500_config.o(.data)
    rxsize                                   0x20000131   Data           8  w5500_config.o(.data)
    SRC_MAC_ADDR                             0x2000013c   Data           4  dhcp.o(.data)
    GET_SN_MASK                              0x20000140   Data           4  dhcp.o(.data)
    GET_GW_IP                                0x20000144   Data           4  dhcp.o(.data)
    GET_DNS_IP                               0x20000148   Data           4  dhcp.o(.data)
    DHCP_HOST_NAME                           0x2000014c   Data           4  dhcp.o(.data)
    GET_SIP                                  0x20000150   Data           4  dhcp.o(.data)
    DHCP_SIP                                 0x20000154   Data           4  dhcp.o(.data)
    DHCP_REAL_SIP                            0x20000158   Data           4  dhcp.o(.data)
    OLD_SIP                                  0x2000015c   Data           4  dhcp.o(.data)
    dhcp_state                               0x20000160   Data           1  dhcp.o(.data)
    dhcp_retry_count                         0x20000161   Data           1  dhcp.o(.data)
    DHCP_timeout                             0x20000162   Data           1  dhcp.o(.data)
    dhcp_lease_time                          0x20000164   Data           4  dhcp.o(.data)
    dhcp_time                                0x20000168   Data           4  dhcp.o(.data)
    next_dhcp_time                           0x2000016c   Data           4  dhcp.o(.data)
    dhcp_tick_cnt                            0x20000170   Data           4  dhcp.o(.data)
    DHCP_timer                               0x20000174   Data           1  dhcp.o(.data)
    dhcp_connect                             0x20000175   Data           1  dhcp.o(.data)
    DHCP_XID                                 0x20000178   Data           4  dhcp.o(.data)
    pRIPMSG                                  0x2000017c   Data           4  dhcp.o(.data)
    test1                                    0x20000180   Data         200  bd_tg.o(.data)
    ttt                                      0x20000248   Data         100  bd_tg.o(.data)
    BD_TG_server_ip                          0x200002b0   Data           4  tcp_demo.o(.data)
    BD_TG_server_port                        0x200002b4   Data           2  tcp_demo.o(.data)
    MQTT_STATE                               0x200002b8   Data           4  tcp_demo.o(.data)
    topics                                   0x200002bc   Data           4  tcp_demo.o(.data)
    BD_TG_ping_pak                           0x200002c0   Data           2  tcp_demo.o(.data)
    data_ptr                                 0x200002c4   Data           4  tcp_demo.o(.data)
    ASII_hex                                 0x200002c8   Data           1  tcp_demo.o(.data)
    __stdout                                 0x200002cc   Data           4  stdout.o(.data)
    __microlib_freelist                      0x200002d0   Data           4  mvars.o(.data)
    __microlib_freelist_initialised          0x200002d4   Data           4  mvars.o(.data)
    usart_buf                                0x200002dc   Data          64  usart2.o(.bss)
    t2_count_ms                              0x2000031c   Data          84  tim2.o(.bss)
    t4_count_ms                              0x20000370   Data          28  tim2.o(.bss)
    RxBuffer2                                0x2000038c   Data         200  loop.o(.bss)
    CpuID                                    0x20000454   Data          12  loop.o(.bss)
    adxl_val                                 0x20000460   Data          12  loop.o(.bss)
    mqttPacket                               0x2000046c   Data          16  loop.o(.bss)
    txBuffer                                 0x2000047c   Data          40  loop.o(.bss)
    ConfigMsg                                0x200004c4   Data          34  w5500_config.o(.bss)
    RecvMsg                                  0x200004e6   Data          34  w5500_config.o(.bss)
    EEPROM_MSG                               0x20000508   Data          18  w5500_config.o(.bss)
    DHCP_GET                                 0x2000051a   Data          22  dhcp.o(.bss)
    EXTERN_DHCPBUF                           0x20000530   Data        1024  dhcp.o(.bss)
    w5500_buf                                0x20000930   Data         128  bd_tg.o(.bss)
    publish_buf                              0x200009b0   Data          64  bd_tg.o(.bss)
    buff                                     0x20000a00   Data        2048  tcp_demo.o(.bss)
    test                                     0x20001200   Data         300  tcp_demo.o(.bss)
    __heap_base                              0x20001330   Data           0  startup_stm32f10x_hd.o(HEAP)
    __heap_limit                             0x20001530   Data           0  startup_stm32f10x_hd.o(HEAP)
    __initial_sp                             0x20001930   Data           0  startup_stm32f10x_hd.o(STACK)



==============================================================================

Memory Map of the image

  Image Entry point : 0x08000131

  Load Region LR_IROM1 (Base: 0x08000000, Size: 0x000084e4, Max: 0x00040000, ABSOLUTE, COMPRESSED[0x0000829c])

    Execution Region ER_IROM1 (Base: 0x08000000, Size: 0x00008208, Max: 0x00040000, ABSOLUTE)

    Base Addr    Size         Type   Attr      Idx    E Section Name        Object

    0x08000000   0x00000130   Data   RO            3    RESET               startup_stm32f10x_hd.o
    0x08000130   0x00000000   Code   RO         4765  * .ARM.Collect$$$$00000000  mc_w.l(entry.o)
    0x08000130   0x00000004   Code   RO         5103    .ARM.Collect$$$$00000001  mc_w.l(entry2.o)
    0x08000134   0x00000004   Code   RO         5106    .ARM.Collect$$$$00000004  mc_w.l(entry5.o)
    0x08000138   0x00000000   Code   RO         5108    .ARM.Collect$$$$00000008  mc_w.l(entry7b.o)
    0x08000138   0x00000000   Code   RO         5110    .ARM.Collect$$$$0000000A  mc_w.l(entry8b.o)
    0x08000138   0x00000008   Code   RO         5111    .ARM.Collect$$$$0000000B  mc_w.l(entry9a.o)
    0x08000140   0x00000000   Code   RO         5113    .ARM.Collect$$$$0000000D  mc_w.l(entry10a.o)
    0x08000140   0x00000000   Code   RO         5115    .ARM.Collect$$$$0000000F  mc_w.l(entry11a.o)
    0x08000140   0x00000004   Code   RO         5104    .ARM.Collect$$$$00002712  mc_w.l(entry2.o)
    0x08000144   0x00000024   Code   RO            4    .text               startup_stm32f10x_hd.o
    0x08000168   0x00000024   Code   RO         4768    .text               mc_w.l(memcpya.o)
    0x0800018c   0x00000024   Code   RO         4770    .text               mc_w.l(memseta.o)
    0x080001b0   0x00000024   Code   RO         4772    .text               mc_w.l(strstr.o)
    0x080001d4   0x00000014   Code   RO         4776    .text               mc_w.l(strchr.o)
    0x080001e8   0x0000000e   Code   RO         4778    .text               mc_w.l(strlen.o)
    0x080001f6   0x0000001a   Code   RO         4780    .text               mc_w.l(memcmp.o)
    0x08000210   0x00000028   Code   RO         4782    .text               mc_w.l(strncat.o)
    0x08000238   0x00000012   Code   RO         4784    .text               mc_w.l(strcpy.o)
    0x0800024a   0x0000001a   Code   RO         5083    .text               mc_w.l(atoi.o)
    0x08000264   0x000000e4   Code   RO         5085    .text               mf_w.l(dmul.o)
    0x08000348   0x0000000a   Code   RO         5087    .text               mf_w.l(ffltui.o)
    0x08000352   0x00000022   Code   RO         5089    .text               mf_w.l(dflti.o)
    0x08000374   0x00000032   Code   RO         5091    .text               mf_w.l(ffixi.o)
    0x080003a6   0x00000028   Code   RO         5093    .text               mf_w.l(ffixui.o)
    0x080003ce   0x00000026   Code   RO         5095    .text               mf_w.l(f2d.o)
    0x080003f4   0x00000038   Code   RO         5097    .text               mf_w.l(d2f.o)
    0x0800042c   0x00000014   Code   RO         5099    .text               mf_w.l(cfcmple.o)
    0x08000440   0x00000014   Code   RO         5101    .text               mf_w.l(cfrcmple.o)
    0x08000454   0x0000002c   Code   RO         5118    .text               mc_w.l(uidiv.o)
    0x08000480   0x00000062   Code   RO         5120    .text               mc_w.l(uldiv.o)
    0x080004e2   0x00000070   Code   RO         5131    .text               mc_w.l(strtol.o)
    0x08000552   0x00000000   Code   RO         5133    .text               mc_w.l(iusefp.o)
    0x08000552   0x0000006e   Code   RO         5134    .text               mf_w.l(fepilogue.o)
    0x080005c0   0x000000ba   Code   RO         5136    .text               mf_w.l(depilogue.o)
    0x0800067a   0x0000014e   Code   RO         5138    .text               mf_w.l(dadd.o)
    0x080007c8   0x000000de   Code   RO         5140    .text               mf_w.l(ddiv.o)
    0x080008a6   0x00000030   Code   RO         5142    .text               mf_w.l(dfixul.o)
    0x080008d6   0x00000002   PAD
    0x080008d8   0x00000030   Code   RO         5144    .text               mf_w.l(cdrcmple.o)
    0x08000908   0x00000024   Code   RO         5146    .text               mc_w.l(init.o)
    0x0800092c   0x0000001e   Code   RO         5148    .text               mc_w.l(llshl.o)
    0x0800094a   0x00000020   Code   RO         5150    .text               mc_w.l(llushr.o)
    0x0800096a   0x00000024   Code   RO         5152    .text               mc_w.l(llsshr.o)
    0x0800098e   0x00000002   PAD
    0x08000990   0x00000008   Code   RO         5154    .text               mc_w.l(ctype_o.o)
    0x08000998   0x0000009e   Code   RO         5182    .text               mc_w.l(_strtoul.o)
    0x08000a36   0x0000001c   Code   RO         5184    .text               mc_w.l(_chval.o)
    0x08000a52   0x00000056   Code   RO         5194    .text               mc_w.l(__dczerorl2.o)
    0x08000aa8   0x000000f4   Code   RO          566    i.ADXL345_ReadXYZ   adxl345.o
    0x08000b9c   0x000000a0   Code   RO          567    i.ADXL345_init      adxl345.o
    0x08000c3c   0x00000054   Code   RO          568    i.ADXL345_read_byte  adxl345.o
    0x08000c90   0x0000004c   Code   RO          569    i.ADXL345_write_byte  adxl345.o
    0x08000cdc   0x00000284   Code   RO         4647    i.BD_TG_DevLink     bd_tg.o
    0x08000f60   0x00000058   Code   RO         4648    i.BD_TG_Publish     bd_tg.o
    0x08000fb8   0x000003c0   Code   RO         4649    i.BD_TG_RevPro      bd_tg.o
    0x08001378   0x00000110   Code   RO         4650    i.BD_TG_Subscribe   bd_tg.o
    0x08001488   0x00000004   Code   RO          116    i.BusFault_Handler  stm32f10x_it.o
    0x0800148c   0x00000098   Code   RO         4127    i.DHT11_GetValue    dht11.o
    0x08001524   0x00000058   Code   RO         4128    i.DHT11_ReadData    dht11.o
    0x0800157c   0x00000002   Code   RO          117    i.DebugMon_Handler  stm32f10x_it.o
    0x0800157e   0x00000002   PAD
    0x08001580   0x00000034   Code   RO          118    i.EXTI0_IRQHandler  stm32f10x_it.o
    0x080015b4   0x00000044   Code   RO          119    i.EXTI15_10_IRQHandler  stm32f10x_it.o
    0x080015f8   0x00000034   Code   RO          120    i.EXTI1_IRQHandler  stm32f10x_it.o
    0x0800162c   0x0000000c   Code   RO         1597    i.EXTI_ClearITPendingBit  stm32f10x_exti.o
    0x08001638   0x0000000c   Code   RO          605    i.EXTI_ENABLE       exti.o
    0x08001644   0x00000028   Code   RO         1601    i.EXTI_GetITStatus  stm32f10x_exti.o
    0x0800166c   0x00000094   Code   RO         1602    i.EXTI_Init         stm32f10x_exti.o
    0x08001700   0x00000070   Code   RO          606    i.EXTI_PA0_Config   exti.o
    0x08001770   0x00000070   Code   RO          607    i.EXTI_PA1_Config   exti.o
    0x080017e0   0x00000288   Code   RO          475    i.GPIO_Configuration  gpio.o
    0x08001a68   0x00000040   Code   RO         1947    i.GPIO_EXTILineConfig  stm32f10x_gpio.o
    0x08001aa8   0x00000116   Code   RO         1950    i.GPIO_Init         stm32f10x_gpio.o
    0x08001bbe   0x00000002   PAD
    0x08001bc0   0x00000090   Code   RO         1952    i.GPIO_PinRemapConfig  stm32f10x_gpio.o
    0x08001c50   0x00000012   Code   RO         1954    i.GPIO_ReadInputDataBit  stm32f10x_gpio.o
    0x08001c62   0x00000004   Code   RO         1957    i.GPIO_ResetBits    stm32f10x_gpio.o
    0x08001c66   0x00000004   Code   RO         1958    i.GPIO_SetBits      stm32f10x_gpio.o
    0x08001c6a   0x00000010   Code   RO         1959    i.GPIO_StructInit   stm32f10x_gpio.o
    0x08001c7a   0x00000002   PAD
    0x08001c7c   0x0000005c   Code   RO          686    i.GetLockCode       loop.o
    0x08001cd8   0x00000004   Code   RO          121    i.HardFault_Handler  stm32f10x_it.o
    0x08001cdc   0x0000000a   Code   RO         3766    i.IINCHIP_CSoff     w5500.o
    0x08001ce6   0x0000000a   Code   RO         3767    i.IINCHIP_CSon      w5500.o
    0x08001cf0   0x00000032   Code   RO         3768    i.IINCHIP_READ      w5500.o
    0x08001d22   0x0000000c   Code   RO         3769    i.IINCHIP_SpiSendData  w5500.o
    0x08001d2e   0x00000032   Code   RO         3770    i.IINCHIP_WRITE     w5500.o
    0x08001d60   0x00000010   Code   RO         2262    i.IWDG_Enable       stm32f10x_iwdg.o
    0x08001d70   0x00000008   Code   RO          264    i.IWDG_Feed         iwdg.o
    0x08001d78   0x00000024   Code   RO          265    i.IWDG_Init         iwdg.o
    0x08001d9c   0x00000010   Code   RO         2264    i.IWDG_ReloadCounter  stm32f10x_iwdg.o
    0x08001dac   0x0000000c   Code   RO         2265    i.IWDG_SetPrescaler  stm32f10x_iwdg.o
    0x08001db8   0x0000000c   Code   RO         2266    i.IWDG_SetReload    stm32f10x_iwdg.o
    0x08001dc4   0x0000000c   Code   RO         2267    i.IWDG_WriteAccessCmd  stm32f10x_iwdg.o
    0x08001dd0   0x000000b8   Code   RO          687    i.Initialization_configuration  loop.o
    0x08001e88   0x0000001c   Code   RO         4447    i.MQTT_DeleteBuffer  mqttkit.o
    0x08001ea4   0x0000002e   Code   RO         4448    i.MQTT_DumpLength   mqttkit.o
    0x08001ed2   0x00000058   Code   RO         4449    i.MQTT_NewBuffer    mqttkit.o
    0x08001f2a   0x00000002   PAD
    0x08001f2c   0x0000008c   Code   RO         4450    i.MQTT_PacketCmdResp  mqttkit.o
    0x08001fb8   0x0000029c   Code   RO         4451    i.MQTT_PacketConnect  mqttkit.o
    0x08002254   0x00000136   Code   RO         4454    i.MQTT_PacketPublish  mqttkit.o
    0x0800238a   0x00000048   Code   RO         4455    i.MQTT_PacketPublishAck  mqttkit.o
    0x080023d2   0x00000048   Code   RO         4456    i.MQTT_PacketPublishComp  mqttkit.o
    0x0800241a   0x00000048   Code   RO         4457    i.MQTT_PacketPublishRec  mqttkit.o
    0x08002462   0x00000048   Code   RO         4458    i.MQTT_PacketPublishRel  mqttkit.o
    0x080024aa   0x000000fc   Code   RO         4460    i.MQTT_PacketSubscribe  mqttkit.o
    0x080025a6   0x000000ec   Code   RO         4461    i.MQTT_PacketUnSubscribe  mqttkit.o
    0x08002692   0x00000046   Code   RO         4462    i.MQTT_ReadLength   mqttkit.o
    0x080026d8   0x0000008a   Code   RO         4463    i.MQTT_UnPacketCmd  mqttkit.o
    0x08002762   0x0000001e   Code   RO         4464    i.MQTT_UnPacketConnectAck  mqttkit.o
    0x08002780   0x00000190   Code   RO         4465    i.MQTT_UnPacketPublish  mqttkit.o
    0x08002910   0x0000001e   Code   RO         4466    i.MQTT_UnPacketPublishAck  mqttkit.o
    0x0800292e   0x0000001e   Code   RO         4467    i.MQTT_UnPacketPublishComp  mqttkit.o
    0x0800294c   0x0000001e   Code   RO         4468    i.MQTT_UnPacketPublishRec  mqttkit.o
    0x0800296a   0x00000024   Code   RO         4469    i.MQTT_UnPacketPublishRel  mqttkit.o
    0x0800298e   0x00000002   PAD
    0x08002990   0x00000074   Code   RO         4470    i.MQTT_UnPacketRecv  mqttkit.o
    0x08002a04   0x00000034   Code   RO         4471    i.MQTT_UnPacketSubscribe  mqttkit.o
    0x08002a38   0x00000012   Code   RO         4472    i.MQTT_UnPacketUnSubscribe  mqttkit.o
    0x08002a4a   0x00000002   PAD
    0x08002a4c   0x0000006c   Code   RO         4651    i.MQTT_UnSubscribe  bd_tg.o
    0x08002ab8   0x00000004   Code   RO          122    i.MemManage_Handler  stm32f10x_it.o
    0x08002abc   0x00000002   Code   RO          123    i.NMI_Handler       stm32f10x_it.o
    0x08002abe   0x00000002   PAD
    0x08002ac0   0x00000070   Code   RO          799    i.NVIC_Init         misc.o
    0x08002b30   0x00000014   Code   RO          800    i.NVIC_PriorityGroupConfig  misc.o
    0x08002b44   0x00000002   Code   RO          124    i.PendSV_Handler    stm32f10x_it.o
    0x08002b46   0x00000002   PAD
    0x08002b48   0x00000070   Code   RO          688    i.Power_check       loop.o
    0x08002bb8   0x00000020   Code   RO         2366    i.RCC_APB1PeriphClockCmd  stm32f10x_rcc.o
    0x08002bd8   0x00000020   Code   RO         2367    i.RCC_APB1PeriphResetCmd  stm32f10x_rcc.o
    0x08002bf8   0x00000020   Code   RO         2368    i.RCC_APB2PeriphClockCmd  stm32f10x_rcc.o
    0x08002c18   0x00000020   Code   RO         2369    i.RCC_APB2PeriphResetCmd  stm32f10x_rcc.o
    0x08002c38   0x000000d4   Code   RO         2376    i.RCC_GetClocksFreq  stm32f10x_rcc.o
    0x08002d0c   0x00000028   Code   RO          423    i.Reset_W5500       spi2.o
    0x08002d34   0x00000038   Code   RO          424    i.SPI2_SendByte     spi2.o
    0x08002d6c   0x00000018   Code   RO         2845    i.SPI_Cmd           stm32f10x_spi.o
    0x08002d84   0x00000012   Code   RO         2853    i.SPI_I2S_GetFlagStatus  stm32f10x_spi.o
    0x08002d96   0x00000006   Code   RO         2856    i.SPI_I2S_ReceiveData  stm32f10x_spi.o
    0x08002d9c   0x00000004   Code   RO         2857    i.SPI_I2S_SendData  stm32f10x_spi.o
    0x08002da0   0x0000003c   Code   RO         2858    i.SPI_Init          stm32f10x_spi.o
    0x08002ddc   0x000000b4   Code   RO          570    i.SPI_init          adxl345.o
    0x08002e90   0x00000002   Code   RO          125    i.SVC_Handler       stm32f10x_it.o
    0x08002e92   0x00000008   Code   RO          765    i.SetSysClock       system_stm32f10x.o
    0x08002e9a   0x00000002   PAD
    0x08002e9c   0x000000e0   Code   RO          766    i.SetSysClockTo72   system_stm32f10x.o
    0x08002f7c   0x00000030   Code   RO          689    i.SoftReset         loop.o
    0x08002fac   0x00000002   Code   RO          126    i.SysTick_Handler   stm32f10x_it.o
    0x08002fae   0x00000002   PAD
    0x08002fb0   0x00000060   Code   RO          768    i.SystemInit        system_stm32f10x.o
    0x08003010   0x00000040   Code   RO          397    i.Systick_Init      delay.o
    0x08003050   0x00000052   Code   RO          349    i.TIM2_Configuration  tim2.o
    0x080030a2   0x00000002   PAD
    0x080030a4   0x00000034   Code   RO          127    i.TIM2_IRQHandler   stm32f10x_it.o
    0x080030d8   0x0000002a   Code   RO          350    i.TIM2_NVIC_Configuration  tim2.o
    0x08003102   0x00000002   PAD
    0x08003104   0x00000054   Code   RO          351    i.TIM3_Configuration  tim2.o
    0x08003158   0x00000054   Code   RO          128    i.TIM3_IRQHandler   stm32f10x_it.o
    0x080031ac   0x0000002a   Code   RO          352    i.TIM3_NVIC_Configuration  tim2.o
    0x080031d6   0x00000002   PAD
    0x080031d8   0x00000054   Code   RO          353    i.TIM4_Configuration  tim2.o
    0x0800322c   0x000000a4   Code   RO          129    i.TIM4_IRQHandler   stm32f10x_it.o
    0x080032d0   0x0000002a   Code   RO          354    i.TIM4_NVIC_Configuration  tim2.o
    0x080032fa   0x00000006   Code   RO         2994    i.TIM_ClearFlag     stm32f10x_tim.o
    0x08003300   0x00000006   Code   RO         2995    i.TIM_ClearITPendingBit  stm32f10x_tim.o
    0x08003306   0x00000018   Code   RO         3000    i.TIM_Cmd           stm32f10x_tim.o
    0x0800331e   0x00000002   PAD
    0x08003320   0x000001e8   Code   RO         3005    i.TIM_DeInit        stm32f10x_tim.o
    0x08003508   0x00000022   Code   RO         3021    i.TIM_GetITStatus   stm32f10x_tim.o
    0x0800352a   0x00000012   Code   RO         3025    i.TIM_ITConfig      stm32f10x_tim.o
    0x0800353c   0x000000a4   Code   RO         3071    i.TIM_TimeBaseInit  stm32f10x_tim.o
    0x080035e0   0x00000090   Code   RO          285    i.USART2_Config     usart2.o
    0x08003670   0x000001e4   Code   RO          286    i.USART2_IRQHandler  usart2.o
    0x08003854   0x0000002a   Code   RO          287    i.USART2_NVIC_Configuration  usart2.o
    0x0800387e   0x00000012   Code   RO         3532    i.USART_ClearFlag   stm32f10x_usart.o
    0x08003890   0x00000018   Code   RO         3536    i.USART_Cmd         stm32f10x_usart.o
    0x080038a8   0x0000001a   Code   RO         3539    i.USART_GetFlagStatus  stm32f10x_usart.o
    0x080038c2   0x00000054   Code   RO         3540    i.USART_GetITStatus  stm32f10x_usart.o
    0x08003916   0x0000004a   Code   RO         3542    i.USART_ITConfig    stm32f10x_usart.o
    0x08003960   0x000000d8   Code   RO         3543    i.USART_Init        stm32f10x_usart.o
    0x08003a38   0x0000000a   Code   RO         3550    i.USART_ReceiveData  stm32f10x_usart.o
    0x08003a42   0x00000008   Code   RO         3553    i.USART_SendData    stm32f10x_usart.o
    0x08003a4a   0x00000004   Code   RO          130    i.UsageFault_Handler  stm32f10x_it.o
    0x08003a4e   0x00000002   PAD
    0x08003a50   0x00000024   Code   RO          425    i.WIZ_CS            spi2.o
    0x08003a74   0x000000a8   Code   RO          426    i.WIZ_SPI_Init      spi2.o
    0x08003b1c   0x00000020   Code   RO         5027    i.__0printf         mc_w.l(printfa.o)
    0x08003b3c   0x00000028   Code   RO         5029    i.__0sprintf        mc_w.l(printfa.o)
    0x08003b64   0x00000008   Code   RO         5124    i.__aeabi_errno_addr  mc_w.l(errno.o)
    0x08003b6c   0x0000000e   Code   RO         5188    i.__scatterload_copy  mc_w.l(handlers.o)
    0x08003b7a   0x00000002   Code   RO         5189    i.__scatterload_null  mc_w.l(handlers.o)
    0x08003b7c   0x0000000e   Code   RO         5190    i.__scatterload_zeroinit  mc_w.l(handlers.o)
    0x08003b8a   0x00000002   PAD
    0x08003b8c   0x00000164   Code   RO         5034    i._fp_digits        mc_w.l(printfa.o)
    0x08003cf0   0x000006dc   Code   RO         5035    i._printf_core      mc_w.l(printfa.o)
    0x080043cc   0x00000024   Code   RO         5036    i._printf_post_padding  mc_w.l(printfa.o)
    0x080043f0   0x0000002e   Code   RO         5037    i._printf_pre_padding  mc_w.l(printfa.o)
    0x0800441e   0x0000000a   Code   RO         5039    i._sputc            mc_w.l(printfa.o)
    0x08004428   0x00001398   Code   RO          691    i.application       loop.o
    0x080057c0   0x0000003c   Code   RO          487    i.at24c16_init      24c16.o
    0x080057fc   0x00000046   Code   RO          488    i.at24c16_read      24c16.o
    0x08005842   0x00000002   PAD
    0x08005844   0x00000030   Code   RO          489    i.at24c16_start     24c16.o
    0x08005874   0x00000028   Code   RO          490    i.at24c16_stop      24c16.o
    0x0800589c   0x00000050   Code   RO          491    i.at24c16_write     24c16.o
    0x080058ec   0x000000bc   Code   RO         4150    i.auto_dhcp         dhcp.o
    0x080059a8   0x00000084   Code   RO         4151    i.check_DHCP_Timeout  dhcp.o
    0x08005a2c   0x00000168   Code   RO         4152    i.check_DHCP_state  dhcp.o
    0x08005b94   0x00000040   Code   RO         4153    i.check_leasedIP    dhcp.o
    0x08005bd4   0x0000003c   Code   RO          492    i.clock             24c16.o
    0x08005c10   0x00000034   Code   RO         4012    i.close             socket.o
    0x08005c44   0x000000f8   Code   RO         4013    i.connect           socket.o
    0x08005d3c   0x0000003c   Code   RO          398    i.delay_ms          delay.o
    0x08005d78   0x0000003c   Code   RO          399    i.delay_us          delay.o
    0x08005db4   0x000000e8   Code   RO         4085    i.dhcp_config_w5500  w5500_config.o
    0x08005e9c   0x000002c8   Code   RO         4704    i.do_tcp_client     tcp_demo.o
    0x08006164   0x0000001e   Code   RO          494    i.erase_eeprom      24c16.o
    0x08006182   0x00000002   PAD
    0x08006184   0x00000024   Code   RO          289    i.fputc             usart2.o
    0x080061a8   0x00000050   Code   RO         5055    i.free              mc_w.l(malloc.o)
    0x080061f8   0x00000010   Code   RO         3772    i.getGAR            w5500.o
    0x08006208   0x00000010   Code   RO         3775    i.getIINCHIP_TxMAX  w5500.o
    0x08006218   0x0000000c   Code   RO         3778    i.getPHYStatus      w5500.o
    0x08006224   0x00000012   Code   RO         3780    i.getSIPR           w5500.o
    0x08006236   0x00000012   Code   RO         3781    i.getSUBR           w5500.o
    0x08006248   0x00000012   Code   RO         3782    i.getSn_IR          w5500.o
    0x0800625a   0x00000054   Code   RO         3783    i.getSn_RX_RSR      w5500.o
    0x080062ae   0x00000012   Code   RO         3784    i.getSn_SR          w5500.o
    0x080062c0   0x00000054   Code   RO         3785    i.getSn_TX_FSR      w5500.o
    0x08006314   0x0000000c   Code   RO         4240    i.htonl             ult.o
    0x08006320   0x0000000c   Code   RO         4241    i.htons             ult.o
    0x0800632c   0x00000048   Code   RO          632    i.input1_status     input.o
    0x08006374   0x00000048   Code   RO          633    i.input2_status     input.o
    0x080063bc   0x00000048   Code   RO          634    i.input3_status     input.o
    0x08006404   0x00000044   Code   RO          635    i.input4_status     input.o
    0x08006448   0x00000044   Code   RO          636    i.input5_status     input.o
    0x0800648c   0x00000044   Code   RO          637    i.input6_status     input.o
    0x080064d0   0x000000b8   Code   RO          638    i.input_gpio        input.o
    0x08006588   0x00000012   Code   RO           10    i.main              main.o
    0x0800659a   0x00000002   PAD
    0x0800659c   0x0000006c   Code   RO         5056    i.malloc            mc_w.l(malloc.o)
    0x08006608   0x0000000c   Code   RO         4247    i.ntohl             ult.o
    0x08006614   0x00000170   Code   RO         4155    i.parseDHCPMSG      dhcp.o
    0x08006784   0x00000068   Code   RO          495    i.read_1byte        24c16.o
    0x080067ec   0x00000042   Code   RO         4016    i.recv              socket.o
    0x0800682e   0x00000002   PAD
    0x08006830   0x00000094   Code   RO         3788    i.recv_data_processing  w5500.o
    0x080068c4   0x00000200   Code   RO         4017    i.recvfrom          socket.o
    0x08006ac4   0x0000002c   Code   RO         4156    i.reset_DHCP_time   dhcp.o
    0x08006af0   0x00000104   Code   RO         4018    i.send              socket.o
    0x08006bf4   0x000002d4   Code   RO         4157    i.send_DHCP_DISCOVER  dhcp.o
    0x08006ec8   0x0000029c   Code   RO         4158    i.send_DHCP_RELEASE_DECLINE  dhcp.o
    0x08007164   0x000003f0   Code   RO         4159    i.send_DHCP_REQUEST  dhcp.o
    0x08007554   0x0000006c   Code   RO         3789    i.send_data_processing  w5500.o
    0x080075c0   0x0000010c   Code   RO         4020    i.sendto            socket.o
    0x080076cc   0x00000010   Code   RO         3790    i.setGAR            w5500.o
    0x080076dc   0x00000016   Code   RO         4706    i.setKPALVTR        tcp_demo.o
    0x080076f2   0x00000012   Code   RO         3794    i.setSHAR           w5500.o
    0x08007704   0x00000012   Code   RO         3795    i.setSIPR           w5500.o
    0x08007716   0x00000012   Code   RO         3796    i.setSUBR           w5500.o
    0x08007728   0x00000016   Code   RO         3797    i.setSn_IR          w5500.o
    0x0800773e   0x00000002   PAD
    0x08007740   0x000000ec   Code   RO         4707    i.set_object_ip     tcp_demo.o
    0x0800782c   0x000002a4   Code   RO         4087    i.set_w5500_ip      w5500_config.o
    0x08007ad0   0x00000178   Code   RO         4088    i.set_w5500_mac     w5500_config.o
    0x08007c48   0x000000c4   Code   RO         4021    i.socket            socket.o
    0x08007d0c   0x0000001c   Code   RO         4250    i.swapl             ult.o
    0x08007d28   0x0000000e   Code   RO         4251    i.swaps             ult.o
    0x08007d36   0x00000002   PAD
    0x08007d38   0x00000138   Code   RO         3801    i.sysinit           w5500.o
    0x08007e70   0x00000090   Code   RO         3802    i.w5500_check       w5500.o
    0x08007f00   0x00000068   Code   RO         3803    i.wiz_read_buf      w5500.o
    0x08007f68   0x00000068   Code   RO         3804    i.wiz_write_buf     w5500.o
    0x08007fd0   0x00000074   Code   RO          496    i.write_1byte       24c16.o
    0x08008044   0x00000081   Data   RO         5155    .constdata          mc_w.l(ctype_o.o)
    0x080080c5   0x00000003   PAD
    0x080080c8   0x00000004   Data   RO         5156    .constdata          mc_w.l(ctype_o.o)
    0x080080cc   0x00000041   Data   RO         4090    .conststring        w5500_config.o
    0x0800810d   0x00000003   PAD
    0x08008110   0x00000005   Data   RO         4161    .conststring        dhcp.o
    0x08008115   0x00000003   PAD
    0x08008118   0x000000cd   Data   RO         4709    .conststring        tcp_demo.o
    0x080081e5   0x00000003   PAD
    0x080081e8   0x00000020   Data   RO         5186    Region$$Table       anon$$obj.o


    Execution Region RW_IRAM1 (Base: 0x20000000, Size: 0x00001930, Max: 0x0000c000, ABSOLUTE, COMPRESSED[0x00000094])

    Base Addr    Size         Type   Attr      Idx    E Section Name        Object

    0x20000000   0x0000001e   Data   RW          132    .data               stm32f10x_it.o
    0x2000001e   0x00000006   Data   RW          292    .data               usart2.o
    0x20000024   0x00000004   Data   RW          400    .data               delay.o
    0x20000028   0x0000000c   Data   RW          639    .data               input.o
    0x20000034   0x000000b4   Data   RW          693    .data               loop.o
    0x200000e8   0x00000014   Data   RW         2396    .data               stm32f10x_rcc.o
    0x200000fc   0x00000002   Data   RW         4022    .data               socket.o
    0x200000fe   0x00000002   PAD
    0x20000100   0x00000039   Data   RW         4091    .data               w5500_config.o
    0x20000139   0x00000003   PAD
    0x2000013c   0x00000044   Data   RW         4162    .data               dhcp.o
    0x20000180   0x0000012e   Data   RW         4653    .data               bd_tg.o
    0x200002ae   0x00000002   PAD
    0x200002b0   0x00000019   Data   RW         4710    .data               tcp_demo.o
    0x200002c9   0x00000003   PAD
    0x200002cc   0x00000004   Data   RW         5117    .data               mc_w.l(stdout.o)
    0x200002d0   0x00000004   Data   RW         5122    .data               mc_w.l(mvars.o)
    0x200002d4   0x00000004   Data   RW         5123    .data               mc_w.l(mvars.o)
    0x200002d8   0x00000004   Data   RW         5127    .data               mc_w.l(errno.o)
    0x200002dc   0x00000040   Zero   RW          291    .bss                usart2.o
    0x2000031c   0x00000070   Zero   RW          355    .bss                tim2.o
    0x2000038c   0x00000118   Zero   RW          692    .bss                loop.o
    0x200004a4   0x00000020   Zero   RW         3805    .bss                w5500.o
    0x200004c4   0x00000056   Zero   RW         4089    .bss                w5500_config.o
    0x2000051a   0x00000416   Zero   RW         4160    .bss                dhcp.o
    0x20000930   0x000000d0   Zero   RW         4652    .bss                bd_tg.o
    0x20000a00   0x0000092c   Zero   RW         4708    .bss                tcp_demo.o
    0x2000132c   0x00000004   PAD
    0x20001330   0x00000200   Zero   RW            2    HEAP                startup_stm32f10x_hd.o
    0x20001530   0x00000400   Zero   RW            1    STACK               startup_stm32f10x_hd.o


==============================================================================

Image component sizes


      Code (inc. data)   RO Data    RW Data    ZI Data      Debug   Object Name

       608         28          0          0          0       5899   24c16.o
       744         36          0          0          0       2989   adxl345.o
      2072        986          0        302        208       6730   bd_tg.o
       184         16          0          4          0       1701   delay.o
      3556        356          5         68       1046      10626   dhcp.o
       240         10          0          0          0       1718   dht11.o
       236         12          0          0          0       1638   exti.o
       648         22          0          0          0        885   gpio.o
       604        114          0         12          0       4145   input.o
        44          0          0          0          0        988   iwdg.o
      5452        978          0        180        280      27415   loop.o
        18          0          0          0          0     262435   main.o
       132         22          0          0          0       1527   misc.o
      3006         34          0          0          0      21230   mqttkit.o
      1602         66          0          2          0       6044   socket.o
       300         24          0          0          0       3098   spi2.o
        36          8        304          0       1536        868   startup_stm32f10x_hd.o
       200         18          0          0          0       2104   stm32f10x_exti.o
       528         10          0          0          0       5634   stm32f10x_gpio.o
       498        100          0         30          0      10562   stm32f10x_it.o
        68         30          0          0          0       2474   stm32f10x_iwdg.o
       340         44          0         20          0       5568   stm32f10x_rcc.o
       112          0          0          0          0       3830   stm32f10x_spi.o
       740        106          0          0          0       4871   stm32f10x_tim.o
       460          6          0          0          0       6723   stm32f10x_usart.o
       328         28          0          0          0       1969   system_stm32f10x.o
       970        240        205         25       2348       3386   tcp_demo.o
       376         12          0          0        112       3731   tim2.o
        78          0          0          0          0       6604   ult.o
       706         56          0          6         64       3428   usart2.o
      1428        140          0          0         32      14674   w5500.o
      1284        548         65         57         86       3870   w5500_config.o

    ----------------------------------------------------------------------
     27640       4050        620        716       5716     439364   Object Totals
         0          0         32          0          0          0   (incl. Generated)
        42          0          9         10          4          0   (incl. Padding)

    ----------------------------------------------------------------------

      Code (inc. data)   RO Data    RW Data    ZI Data      Debug   Library Member Name

        86          0          0          0          0          0   __dczerorl2.o
        28          0          0          0          0         68   _chval.o
       158          0          0          0          0         92   _strtoul.o
        26          0          0          0          0         80   atoi.o
         8          4        133          0          0         68   ctype_o.o
         0          0          0          0          0          0   entry.o
         0          0          0          0          0          0   entry10a.o
         0          0          0          0          0          0   entry11a.o
         8          4          0          0          0          0   entry2.o
         4          0          0          0          0          0   entry5.o
         0          0          0          0          0          0   entry7b.o
         0          0          0          0          0          0   entry8b.o
         8          4          0          0          0          0   entry9a.o
         8          4          0          4          0         68   errno.o
        30          0          0          0          0          0   handlers.o
        36          8          0          0          0         68   init.o
         0          0          0          0          0          0   iusefp.o
        30          0          0          0          0         68   llshl.o
        36          0          0          0          0         68   llsshr.o
        32          0          0          0          0         68   llushr.o
       188         20          0          0          0        160   malloc.o
        26          0          0          0          0         80   memcmp.o
        36          0          0          0          0         68   memcpya.o
        36          0          0          0          0        108   memseta.o
         0          0          0          8          0          0   mvars.o
      2276         96          0          0          0        596   printfa.o
         0          0          0          4          0          0   stdout.o
        20          0          0          0          0         68   strchr.o
        18          0          0          0          0         68   strcpy.o
        14          0          0          0          0         68   strlen.o
        40          0          0          0          0         76   strncat.o
        36          0          0          0          0         80   strstr.o
       112          0          0          0          0         88   strtol.o
        44          0          0          0          0         80   uidiv.o
        98          0          0          0          0         92   uldiv.o
        48          0          0          0          0         68   cdrcmple.o
        20          0          0          0          0         68   cfcmple.o
        20          0          0          0          0         68   cfrcmple.o
        56          0          0          0          0         88   d2f.o
       334          0          0          0          0        148   dadd.o
       222          0          0          0          0        100   ddiv.o
       186          0          0          0          0        176   depilogue.o
        48          0          0          0          0         68   dfixul.o
        34          0          0          0          0         76   dflti.o
       228          0          0          0          0         96   dmul.o
        38          0          0          0          0         68   f2d.o
       110          0          0          0          0        168   fepilogue.o
        50          0          0          0          0         68   ffixi.o
        40          0          0          0          0         68   ffixui.o
        10          0          0          0          0         68   ffltui.o

    ----------------------------------------------------------------------
      4892        140        136         16          0       3676   Library Totals
         6          0          3          0          0          0   (incl. Padding)

    ----------------------------------------------------------------------

      Code (inc. data)   RO Data    RW Data    ZI Data      Debug   Library Name

      3442        140        133         16          0       2280   mc_w.l
      1444          0          0          0          0       1396   mf_w.l

    ----------------------------------------------------------------------
      4892        140        136         16          0       3676   Library Totals

    ----------------------------------------------------------------------

==============================================================================


      Code (inc. data)   RO Data    RW Data    ZI Data      Debug   

     32532       4190        756        732       5716     431364   Grand Totals
     32532       4190        756        148       5716     431364   ELF Image Totals (compressed)
     32532       4190        756        148          0          0   ROM Totals

==============================================================================

    Total RO  Size (Code + RO Data)                33288 (  32.51kB)
    Total RW  Size (RW Data + ZI Data)              6448 (   6.30kB)
    Total ROM Size (Code + RO Data + RW Data)      33436 (  32.65kB)

==============================================================================

